Microchip MPLAB XC8 Compiler V2.35

Linker command line:

-W-3 --edf=C:\Program Files\Microchip\xc8\v2.35\pic\dat\en_msgs.txt -cn \
  -h+dist/default/production\Accelerometer.production.sym \
  --cmf=dist/default/production\Accelerometer.production.cmf -z -Q16F18345 \
  -oC:\Users\Woensdag\AppData\Local\Temp\xcAs9u8.4 --defsym=__MPLAB_BUILD=1 \
  -Mdist/default/production/Accelerometer.production.map \
  --md=C:\Users\Woensdag\AppData\Local\Temp\xcAs9u8.dat -E1 \
  -ver=XC8 Compiler --acfsm=1493 -ACODE=00h-07FFhx4 -ASTRCODE=00h-01FFFh \
  -ASTRING=00h-0FFhx32 -ACONST=00h-0FFhx32 -AENTRY=00h-0FFhx32 \
  -ACOMMON=070h-07Fh -ABANK0=020h-06Fh -ABANK1=0A0h-0EFh \
  -ABANK2=0120h-016Fh -ABANK3=01A0h-01EFh -ABANK4=0220h-026Fh \
  -ABANK5=02A0h-02EFh -ABANK6=0320h-036Fh -ABANK7=03A0h-03EFh \
  -ABANK8=0420h-046Fh -ABANK9=04A0h-04EFh -ABANK10=0520h-056Fh \
  -ABANK11=05A0h-05EFh -ABANK12=0620h-064Fh -ABIGRAM=02000h-023EFh \
  -ARAM=020h-06Fh,0A0h-0EFh,0120h-016Fh,01A0h-01EFh,0220h-026Fh,02A0h-02EFh,0320h-036Fh,03A0h-03EFh,0420h-046Fh,04A0h-04EFh,0520h-056Fh,05A0h-05EFh,0620h-064Fh \
  -AABS1=020h-07Fh,0A0h-0EFh,0120h-016Fh,01A0h-01EFh,0220h-026Fh,02A0h-02EFh,0320h-036Fh,03A0h-03EFh,0420h-046Fh,04A0h-04EFh,0520h-056Fh,05A0h-05EFh,0620h-064Fh \
  -ASFR0=00h-01Fh -ASFR1=080h-09Fh -ASFR2=0100h-011Fh -ASFR3=0180h-019Fh \
  -ASFR4=0200h-021Fh -ASFR5=0280h-029Fh -ASFR6=0300h-031Fh \
  -ASFR7=0380h-039Fh -ASFR8=0400h-041Fh -ASFR9=0480h-049Fh \
  -ASFR10=0500h-051Fh -ASFR11=0580h-059Fh -ASFR12=0600h-061Fh \
  -ASFR13=0680h-06EFh -ASFR14=0700h-076Fh -ASFR15=0780h-07EFh \
  -ASFR16=0800h-086Fh -ASFR17=0880h-08EFh -ASFR18=0900h-096Fh \
  -ASFR19=0980h-09EFh -ASFR20=0A00h-0A6Fh -ASFR21=0A80h-0AEFh \
  -ASFR22=0B00h-0B6Fh -ASFR23=0B80h-0BEFh -ASFR24=0C00h-0C6Fh \
  -ASFR25=0C80h-0CEFh -ASFR26=0D00h-0D6Fh -ASFR27=0D80h-0DEFh \
  -ASFR28=0E00h-0E6Fh -ASFR29=0E80h-0EEFh -ASFR30=0F00h-0F6Fh \
  -ASFR31=0F80h-0FEFh -ACONFIG=08007h-0800Ah -DCONFIG=2 \
  -AIDLOC=08000h-08003h -DIDLOC=2 -AEEDATA=00h-0FFh/0F000h \
  -peeprom_data=EEDATA -DEEDATA=2 -DCODE=2 -DSTRCODE=2 -DSTRING=2 -DCONST=2 \
  -DENTRY=2 -preset_vec=00h,intentry=04h,init,end_init -ppowerup=CODE \
  -pcinit=CODE -pfunctab=ENTRY -k \
  C:\Users\Woensdag\AppData\Local\Temp\xcAs9u8.o \
  dist/default/production\Accelerometer.production.o 

Object code version is 3.11

Machine type is 16F18345



                Name                               Link     Load   Length Selector   Space Scale
C:\Users\Woensdag\AppData\Local\Temp\xcAs9u8.o
                end_init                             28       28        2        8       0
                reset_vec                             0        0        2        0       0
                config                             8007     8007        4        0       4
                idloc                              8000     8000        4        0       5
dist/default/production\Accelerometer.production.o
                cinit                                2A       2A       1E        8       0
                intentry                              4        4       24        8       0
                config                             8007     8007        4        0       4
                idloc                              8000     8000        4        0       5
                text85                              C59      C59        3     18B2       0
                text84                              C5C      C5C        3     18B8       0
                text83                              D5C      D5C       10     1AB8       0
                text82                              EDB      EDB       26     1DB6       0
                text81                              D34      D34        D     1A68       0
                text80                              D6C      D6C       11     1AD8       0
                text79                              D7D      D7D       11     1AFA       0
                text78                              D8E      D8E       11     1B1C       0
                text77                              D9F      D9F       11     1B3E       0
                text76                              DB0      DB0       11     1B60       0
                text75                              E33      E33       18     1C66       0
                text74                              DC1      DC1       11     1B82       0
                text73                              DD2      DD2       11     1BA4       0
                text72                              DE3      DE3       11     1BC6       0
                text71                              E4B      E4B       18     1C96       0
                text70                              C57      C57        2     18AE       0
                text69                                2        2        2        0       0
                text68                              C5F      C5F        3     18BE       0
                text67                              C7A      C7A        4     18F4       0
                text66                              C62      C62        3     18C4       0
                text65                              C7E      C7E        4     18FC       0
                text64                              C8A      C8A        5     1914       0
                text63                              CC1      CC1        6     1982       0
                text62                              C65      C65        3     18CA       0
                text61                              FD1      FD1       2F     1FA2       0
                text60                              C8F      C8F        5     191E       0
                text59                              CEB      CEB        9     19D6       0
                text58                              CDB      CDB        8     19B6       0
                text57                              59E      59E       55        8       0
                text56                              691      691       46        8       0
                text55                              CCD      CCD        7     199A       0
                text54                              C94      C94        5     1928       0
                text53                              C99      C99        5     1932       0
                text52                              C9E      C9E        5     193C       0
                text51                              CA3      CA3        5     1946       0
                text50                              CA8      CA8        5     1950       0
                text49                              CAD      CAD        5     195A       0
                text48                              CB2      CB2        5     1964       0
                text47                              CB7      CB7        5     196E       0
                text46                              F77      F77       2C     1EEE       0
                text45                              C68      C68        3     18D0       0
                text44                              FA3      FA3       2E     1F46       0
                text43                              C82      C82        4     1904       0
                text41                              C6B      C6B        3     18D6       0
                text40                              C6E      C6E        3     18DC       0
                text39                              C71      C71        3     18E2       0
                text38                              EBA      EBA       21     1D74       0
                text37                              C74      C74        3     18E8       0
                text36                              E9A      E9A       20     1D34       0
                text35                              CBC      CBC        5     1978       0
                text34                              C77      C77        3     18EE       0
                text33                              D41      D41        D     1A82       0
                text32                              CF4      CF4        9     19E8       0
                text31                              645      645       4C        8       0
                text30                              F27      F27       27     1E4E       0
                text29                              D4E      D4E        E     1A9C       0
                text28                              E1C      E1C       17     1C38       0
                text27                              7F2      7F2        E        8       0
                text26                              5F3      5F3       52        8       0
                text25                              1B4      1B4      105        8       0
                text24                              3AE      3AE       ED        8       0
                text23                              E7E      E7E       1C     1CFC       0
                text22                              D2A      D2A        A     1A54       0
                text21                              CD4      CD4        7     19A8       0
                text20                              6D7      6D7       43        8       0
                text19                              F4E      F4E       29     1E9C       0
                text18                              E63      E63       1B     1CC6       0
                text17                              548      548       56        8       0
                text16                               48       48      16C        8       0
                text15                              2B9      2B9       F5        8       0
                text14                              7BE      7BE       34        8       0
                text13                              E07      E07       15     1C0E       0
                text12                              49B      49B       AD        8       0
                text11                              CFD      CFD        9     19FA       0
                text10                              D06      D06        9     1A0C       0
                text9                               D0F      D0F        9     1A1E       0
                text8                               F01      F01       26     1E02       0
                text7                               D18      D18        9     1A30       0
                text6                               D21      D21        9     1A42       0
                text5                               71A      71A       38        8       0
                text4                               CE3      CE3        8     19C6       0
                text3                               C86      C86        4     190C       0
                text2                               DF4      DF4       13     1BE8       0
                text1                               789      789       35        8       0
                maintext                            752      752       37        8       0
                cstackBANK0                          20       20       4A       20       1
                cstackCOMMON                         70       70        D       70       1
                cstackBANK1                          CC       CC       1D       A0       1
                clrtext                             CC7      CC7        6     198E       0
                bssBANK2                            120      120       20      120       1
                bssBANK1                             A0       A0       2C       A0       1
                dataBANK0                            6C       6C        1       20       1
                bssBANK0                             6A       6A        2       20       1
                dataCOMMON                           7D       7D        1       70       1
                stringtext4                        1032     1032        9     2000       0
                stringtext3                        1029     1029        9     2000       0
                stringtext2                        1020     1020        9     2000       0
                nvBANK1                              E9       E9        6       A0       1
                stringtext1                        1000     1000       20     2000       0
                idataBANK0                          C55      C55        1     18AA       0
                idataCOMMON                         C56      C56        1     18AC       0

TOTAL           Name                               Link     Load   Length     Space
        CLASS   CODE           
                end_init                             28       28        2         0
                cinit                                2A       2A       1E         0
                intentry                              4        4       24         0
                reset_vec                             0        0        2         0
                text85                              C59      C59        3         0
                text84                              C5C      C5C        3         0
                text83                              D5C      D5C       10         0
                text82                              EDB      EDB       26         0
                text81                              D34      D34        D         0
                text80                              D6C      D6C       11         0
                text79                              D7D      D7D       11         0
                text78                              D8E      D8E       11         0
                text77                              D9F      D9F       11         0
                text76                              DB0      DB0       11         0
                text75                              E33      E33       18         0
                text74                              DC1      DC1       11         0
                text73                              DD2      DD2       11         0
                text72                              DE3      DE3       11         0
                text71                              E4B      E4B       18         0
                text70                              C57      C57        2         0
                text69                                2        2        2         0
                text68                              C5F      C5F        3         0
                text67                              C7A      C7A        4         0
                text66                              C62      C62        3         0
                text65                              C7E      C7E        4         0
                text64                              C8A      C8A        5         0
                text63                              CC1      CC1        6         0
                text62                              C65      C65        3         0
                text61                              FD1      FD1       2F         0
                text60                              C8F      C8F        5         0
                text59                              CEB      CEB        9         0
                text58                              CDB      CDB        8         0
                text57                              59E      59E       55         0
                text56                              691      691       46         0
                text55                              CCD      CCD        7         0
                text54                              C94      C94        5         0
                text53                              C99      C99        5         0
                text52                              C9E      C9E        5         0
                text51                              CA3      CA3        5         0
                text50                              CA8      CA8        5         0
                text49                              CAD      CAD        5         0
                text48                              CB2      CB2        5         0
                text47                              CB7      CB7        5         0
                text46                              F77      F77       2C         0
                text45                              C68      C68        3         0
                text44                              FA3      FA3       2E         0
                text43                              C82      C82        4         0
                text41                              C6B      C6B        3         0
                text40                              C6E      C6E        3         0
                text39                              C71      C71        3         0
                text38                              EBA      EBA       21         0
                text37                              C74      C74        3         0
                text36                              E9A      E9A       20         0
                text35                              CBC      CBC        5         0
                text34                              C77      C77        3         0
                text33                              D41      D41        D         0
                text32                              CF4      CF4        9         0
                text31                              645      645       4C         0
                text30                              F27      F27       27         0
                text29                              D4E      D4E        E         0
                text28                              E1C      E1C       17         0
                text27                              7F2      7F2        E         0
                text26                              5F3      5F3       52         0
                text25                              1B4      1B4      105         0
                text24                              3AE      3AE       ED         0
                text23                              E7E      E7E       1C         0
                text22                              D2A      D2A        A         0
                text21                              CD4      CD4        7         0
                text20                              6D7      6D7       43         0
                text19                              F4E      F4E       29         0
                text18                              E63      E63       1B         0
                text17                              548      548       56         0
                text16                               48       48      16C         0
                text15                              2B9      2B9       F5         0
                text14                              7BE      7BE       34         0
                text13                              E07      E07       15         0
                text12                              49B      49B       AD         0
                text11                              CFD      CFD        9         0
                text10                              D06      D06        9         0
                text9                               D0F      D0F        9         0
                text8                               F01      F01       26         0
                text7                               D18      D18        9         0
                text6                               D21      D21        9         0
                text5                               71A      71A       38         0
                text4                               CE3      CE3        8         0
                text3                               C86      C86        4         0
                text2                               DF4      DF4       13         0
                text1                               789      789       35         0
                maintext                            752      752       37         0
                clrtext                             CC7      CC7        6         0
                idataBANK0                          C55      C55        1         0
                idataCOMMON                         C56      C56        1         0

        CLASS   STRCODE        
                stringtext4                        1032     1032        9         0
                stringtext3                        1029     1029        9         0
                stringtext2                        1020     1020        9         0
                stringtext1                        1000     1000       20         0

        CLASS   STRING         

        CLASS   CONST          

        CLASS   ENTRY          

        CLASS   COMMON         
                cstackCOMMON                         70       70        D         1
                dataCOMMON                           7D       7D        1         1

        CLASS   BANK0          
                cstackBANK0                          20       20       4A         1
                dataBANK0                            6C       6C        1         1
                bssBANK0                             6A       6A        2         1

        CLASS   BANK1          
                cstackBANK1                          CC       CC       1D         1
                bssBANK1                             A0       A0       2C         1
                nvBANK1                              E9       E9        6         1

        CLASS   BANK2          
                bssBANK2                            120      120       20         1

        CLASS   BANK3          

        CLASS   BANK4          

        CLASS   BANK5          

        CLASS   BANK6          

        CLASS   BANK7          

        CLASS   BANK8          

        CLASS   BANK9          

        CLASS   BANK10         

        CLASS   BANK11         

        CLASS   BANK12         

        CLASS   BIGRAM         

        CLASS   RAM            

        CLASS   ABS1           
                abs_s1                               7E       7E        2         1

        CLASS   SFR0           

        CLASS   SFR1           

        CLASS   SFR2           

        CLASS   SFR3           

        CLASS   SFR4           

        CLASS   SFR5           

        CLASS   SFR6           

        CLASS   SFR7           

        CLASS   SFR8           

        CLASS   SFR9           

        CLASS   SFR10          

        CLASS   SFR11          

        CLASS   SFR12          

        CLASS   SFR13          

        CLASS   SFR14          

        CLASS   SFR15          

        CLASS   SFR16          

        CLASS   SFR17          

        CLASS   SFR18          

        CLASS   SFR19          

        CLASS   SFR20          

        CLASS   SFR21          

        CLASS   SFR22          

        CLASS   SFR23          

        CLASS   SFR24          

        CLASS   SFR25          

        CLASS   SFR26          

        CLASS   SFR27          

        CLASS   SFR28          

        CLASS   SFR29          

        CLASS   SFR30          

        CLASS   SFR31          

        CLASS   CONFIG         
                config                             8007     8007        4         4

        CLASS   IDLOC          
                idloc                              8000     8000        4         5

        CLASS   EEDATA         

        CLASS   BANK31         

        CLASS   BANK30         

        CLASS   BANK29         

        CLASS   BANK28         

        CLASS   BANK27         

        CLASS   BANK26         

        CLASS   BANK25         

        CLASS   BANK24         

        CLASS   BANK23         

        CLASS   BANK22         

        CLASS   BANK21         

        CLASS   BANK20         

        CLASS   BANK19         

        CLASS   BANK18         

        CLASS   BANK17         

        CLASS   BANK16         

        CLASS   BANK15         

        CLASS   BANK14         

        CLASS   BANK13         

        CLASS   HEAP           

        CLASS   STACK          



SEGMENTS        Name                           Load    Length   Top    Selector   Space  Class     Delta

                reset_vec                      000000  000004  000004         0       0  CODE        2
                intentry                       000004  0007FC  000800         8       0  CODE        2
                cstackBANK0                    000020  00004D  00006D        20       1  BANK0       1
                cstackCOMMON                   000070  00000E  00007E        70       1  COMMON      1
                bssBANK1                       0000A0  00004F  0000EF        A0       1  BANK1       1
                bssBANK2                       000120  000020  000140       120       1  BANK2       1
                idataBANK0                     000C55  000001  000C56      18AA       0  CODE        2
                idataCOMMON                    000C56  000001  000C57      18AC       0  CODE        2
                text70                         000C57  000002  000C59      18AE       0  CODE        2
                text85                         000C59  000003  000C5C      18B2       0  CODE        2
                text84                         000C5C  000003  000C5F      18B8       0  CODE        2
                text68                         000C5F  000003  000C62      18BE       0  CODE        2
                text66                         000C62  000003  000C65      18C4       0  CODE        2
                text62                         000C65  000003  000C68      18CA       0  CODE        2
                text45                         000C68  000003  000C6B      18D0       0  CODE        2
                text41                         000C6B  000003  000C6E      18D6       0  CODE        2
                text40                         000C6E  000003  000C71      18DC       0  CODE        2
                text39                         000C71  000003  000C74      18E2       0  CODE        2
                text37                         000C74  000003  000C77      18E8       0  CODE        2
                text34                         000C77  000003  000C7A      18EE       0  CODE        2
                text67                         000C7A  000004  000C7E      18F4       0  CODE        2
                text65                         000C7E  000004  000C82      18FC       0  CODE        2
                text43                         000C82  000004  000C86      1904       0  CODE        2
                text3                          000C86  000004  000C8A      190C       0  CODE        2
                text64                         000C8A  000005  000C8F      1914       0  CODE        2
                text60                         000C8F  000005  000C94      191E       0  CODE        2
                text54                         000C94  000005  000C99      1928       0  CODE        2
                text53                         000C99  000005  000C9E      1932       0  CODE        2
                text52                         000C9E  000005  000CA3      193C       0  CODE        2
                text51                         000CA3  000005  000CA8      1946       0  CODE        2
                text50                         000CA8  000005  000CAD      1950       0  CODE        2
                text49                         000CAD  000005  000CB2      195A       0  CODE        2
                text48                         000CB2  000005  000CB7      1964       0  CODE        2
                text47                         000CB7  000005  000CBC      196E       0  CODE        2
                text35                         000CBC  000005  000CC1      1978       0  CODE        2
                text63                         000CC1  000006  000CC7      1982       0  CODE        2
                clrtext                        000CC7  000006  000CCD      198E       0  CODE        2
                text55                         000CCD  000007  000CD4      199A       0  CODE        2
                text21                         000CD4  000007  000CDB      19A8       0  CODE        2
                text58                         000CDB  000008  000CE3      19B6       0  CODE        2
                text4                          000CE3  000008  000CEB      19C6       0  CODE        2
                text59                         000CEB  000009  000CF4      19D6       0  CODE        2
                text32                         000CF4  000009  000CFD      19E8       0  CODE        2
                text11                         000CFD  000009  000D06      19FA       0  CODE        2
                text10                         000D06  000009  000D0F      1A0C       0  CODE        2
                text9                          000D0F  000009  000D18      1A1E       0  CODE        2
                text7                          000D18  000009  000D21      1A30       0  CODE        2
                text6                          000D21  000009  000D2A      1A42       0  CODE        2
                text22                         000D2A  00000A  000D34      1A54       0  CODE        2
                text81                         000D34  00000D  000D41      1A68       0  CODE        2
                text33                         000D41  00000D  000D4E      1A82       0  CODE        2
                text29                         000D4E  00000E  000D5C      1A9C       0  CODE        2
                text83                         000D5C  000010  000D6C      1AB8       0  CODE        2
                text80                         000D6C  000011  000D7D      1AD8       0  CODE        2
                text79                         000D7D  000011  000D8E      1AFA       0  CODE        2
                text78                         000D8E  000011  000D9F      1B1C       0  CODE        2
                text77                         000D9F  000011  000DB0      1B3E       0  CODE        2
                text76                         000DB0  000011  000DC1      1B60       0  CODE        2
                text74                         000DC1  000011  000DD2      1B82       0  CODE        2
                text73                         000DD2  000011  000DE3      1BA4       0  CODE        2
                text72                         000DE3  000011  000DF4      1BC6       0  CODE        2
                text2                          000DF4  000013  000E07      1BE8       0  CODE        2
                text13                         000E07  000015  000E1C      1C0E       0  CODE        2
                text28                         000E1C  000017  000E33      1C38       0  CODE        2
                text75                         000E33  000018  000E4B      1C66       0  CODE        2
                text71                         000E4B  000018  000E63      1C96       0  CODE        2
                text18                         000E63  00001B  000E7E      1CC6       0  CODE        2
                text23                         000E7E  00001C  000E9A      1CFC       0  CODE        2
                text36                         000E9A  000020  000EBA      1D34       0  CODE        2
                text38                         000EBA  000021  000EDB      1D74       0  CODE        2
                text82                         000EDB  000026  000F01      1DB6       0  CODE        2
                text8                          000F01  000026  000F27      1E02       0  CODE        2
                text30                         000F27  000027  000F4E      1E4E       0  CODE        2
                text19                         000F4E  000029  000F77      1E9C       0  CODE        2
                text46                         000F77  00002C  000FA3      1EEE       0  CODE        2
                text44                         000FA3  00002E  000FD1      1F46       0  CODE        2
                text61                         000FD1  00002F  001000      1FA2       0  CODE        2
                stringtext1                    001000  00003B  00103B      2000       0  STRCODE     2


UNUSED ADDRESS RANGES

        Name                Unused          Largest block    Delta
        BANK0            0006D-0006F               3           1
        BANK1            000EF-000EF               1           1
        BANK10           00520-0056F              50           1
        BANK11           005A0-005EF              50           1
        BANK12           00620-0064F              30           1
        BANK2            00140-0016F              30           1
        BANK3            001A0-001EF              50           1
        BANK4            00220-0026F              50           1
        BANK5            002A0-002EF              50           1
        BANK6            00320-0036F              50           1
        BANK7            003A0-003EF              50           1
        BANK8            00420-0046F              50           1
        BANK9            004A0-004EF              50           1
        BIGRAM           02000-023EF             3F0           1
        CODE             00800-00C54             455           2
                         0103B-01FFF             7C5
        CONST            00800-00C54             100           2
                         0103B-01FFF             100
        EEDATA           0F000-0F0FF             100           2
        ENTRY            00800-00C54             100           2
                         0103B-01FFF             100
        RAM              0006D-0006F               3           1
                         000EF-000EF               1
                         00140-0016F              30
                         001A0-001EF              50
                         00220-0026F              50
                         002A0-002EF              50
                         00320-0036F              50
                         003A0-003EF              50
                         00420-0046F              50
                         004A0-004EF              50
                         00520-0056F              50
                         005A0-005EF              50
                         00620-0064F              30
        SFR0             00000-0001F              20           1
        SFR1             00080-0009F              20           1
        SFR10            00500-0051F              20           1
        SFR11            00580-0059F              20           1
        SFR12            00600-0061F              20           1
        SFR13            00680-006EF              70           1
        SFR14            00700-0076F              70           1
        SFR15            00780-007EF              70           1
        SFR16            00800-0086F              70           1
        SFR17            00880-008EF              70           1
        SFR18            00900-0096F              70           1
        SFR19            00980-009EF              70           1
        SFR2             00100-0011F              20           1
        SFR20            00A00-00A6F              70           1
        SFR21            00A80-00AEF              70           1
        SFR22            00B00-00B6F              70           1
        SFR23            00B80-00BEF              70           1
        SFR24            00C00-00C6F              70           1
        SFR25            00C80-00CEF              70           1
        SFR26            00D00-00D6F              70           1
        SFR27            00D80-00DEF              70           1
        SFR28            00E00-00E6F              70           1
        SFR29            00E80-00EEF              70           1
        SFR3             00180-0019F              20           1
        SFR30            00F00-00F6F              70           1
        SFR31            00F80-00FEF              70           1
        SFR4             00200-0021F              20           1
        SFR5             00280-0029F              20           1
        SFR6             00300-0031F              20           1
        SFR7             00380-0039F              20           1
        SFR8             00400-0041F              20           1
        SFR9             00480-0049F              20           1
        STRCODE          00800-00C54             455           2
                         0103B-01FFF             FC5
        STRING           00800-00C54             100           2
                         0103B-01FFF             100

                                  Symbol Table

?___aodiv                                                 cstackBANK0  00023
?___aomod                                                 cstackBANK0  00023
?_abs                                                     cstackBANK0  00036
?_dtoa                                                    cstackBANK0  0003E
?_pad                                                     cstackBANK0  00035
?_printf                                                  cstackBANK1  000D8
?_strlen                                                  cstackBANK0  00023
?_vfpfcnvrt                                               cstackBANK0  0005C
?_vfprintf                                                cstackBANK1  000D5
EUSART_SetErrorHandler@interruptHandler                   cstackBANK0  00023
EUSART_SetFramingErrorHandler@interruptHandler            cstackBANK0  00023
EUSART_SetOverrunErrorHandler@interruptHandler            cstackBANK0  00023
EUSART_Write@txData                                       cstackBANK0  00023
I2C1_CallbackReturnReset@funPtr                           cstackCOMMON 00079
I2C1_Close@returnValue                                    cstackBANK0  00024
I2C1_MasterOperation@read                                 cstackBANK0  00024
I2C1_MasterOperation@returnValue                          cstackBANK0  00025
I2C1_MasterSendTxData@data                                cstackCOMMON 00070
I2C1_Open@address                                         cstackBANK0  00026
I2C1_Open@returnValue                                     cstackBANK0  00027
I2C1_SetAddressNackCallback@cb                            cstackBANK0  00028
I2C1_SetAddressNackCallback@ptr                           cstackBANK0  0002A
I2C1_SetBuffer@buffer                                     cstackBANK0  00026
I2C1_SetBuffer@bufferSize                                 cstackBANK0  00023
I2C1_SetCallback@cb                                       cstackBANK0  00023
I2C1_SetCallback@idx                                      cstackBANK0  00027
I2C1_SetCallback@ptr                                      cstackBANK0  00025
I2C1_SetDataCompleteCallback@cb                           cstackBANK0  00028
I2C1_SetDataCompleteCallback@ptr                          cstackBANK0  0002A
I2C1_SetInterruptHandler@InterruptHandler                 cstackBANK0  00023
I2CSIMPLE_example@total_x                                 cstackBANK1  000E1
I2CSIMPLE_example@total_y                                 cstackBANK1  000E3
I2CSIMPLE_example@total_z                                 cstackBANK1  000E5
_ANSELA                                                   (abs)        0018C
_ANSELB                                                   (abs)        0018D
_ANSELC                                                   (abs)        0018E
_BAUD1CON                                                 (abs)        0019F
_EUSART_DefaultErrorHandler                               (abs)        00000
_EUSART_DefaultFramingErrorHandler                        (abs)        00000
_EUSART_DefaultOverrunErrorHandler                        (abs)        00000
_EUSART_ErrorHandler                                      nvBANK1      000E9
_EUSART_FramingErrorHandler                               nvBANK1      000ED
_EUSART_Initialize                                        text8        00F01
_EUSART_OverrunErrorHandler                               nvBANK1      000EB
_EUSART_SetErrorHandler                                   text11       00CFD
_EUSART_SetFramingErrorHandler                            text10       00D06
_EUSART_SetOverrunErrorHandler                            text9        00D0F
_EUSART_Write                                             text22       00D2A
_I2C1_CallbackReturnReset                                 text69       00002
_I2C1_CallbackReturnStop                                  text70       00C57
_I2C1_Close                                               text38       00EBA
_I2C1_DO_ADDRESS_NACK                                     text46       00F77
_I2C1_DO_IDLE                                             text60       00C8F
_I2C1_DO_RCEN                                             text55       00CCD
_I2C1_DO_RESET                                            text47       00CB7
_I2C1_DO_RX                                               text56       00691
_I2C1_DO_RX_ACK                                           text50       00CA8
_I2C1_DO_RX_NACK_RESTART                                  text48       00CB2
_I2C1_DO_RX_NACK_STOP                                     text49       00CAD
_I2C1_DO_SEND_ADR_READ                                    text59       00CEB
_I2C1_DO_SEND_ADR_WRITE                                   text58       00CDB
_I2C1_DO_SEND_RESTART                                     text52       00C9E
_I2C1_DO_SEND_RESTART_READ                                text54       00C94
_I2C1_DO_SEND_RESTART_WRITE                               text53       00C99
_I2C1_DO_SEND_STOP                                        text51       00CA3
_I2C1_DO_TX                                               text57       0059E
_I2C1_DO_TX_EMPTY                                         text61       00FD1
_I2C1_Initialize                                          text7        00D18
_I2C1_MasterClearIrq                                      text41       00C6B
_I2C1_MasterClose                                         text40       00C6E
_I2C1_MasterDisableIrq                                    text39       00C71
_I2C1_MasterEnableIrq                                     text34       00C77
_I2C1_MasterEnableRestart                                 text85       00C59
_I2C1_MasterFsm                                           text44       00FA3
_I2C1_MasterGetRxData                                     text66       00C62
_I2C1_MasterIsNack                                        text63       00CC1
_I2C1_MasterIsr                                           text43       00C82
_I2C1_MasterOpen                                          text33       00D41
_I2C1_MasterOperation                                     text36       00E9A
_I2C1_MasterSendAck                                       text65       00C7E
_I2C1_MasterSendNack                                      text67       00C7A
_I2C1_MasterSendTxData                                    text64       00C8A
_I2C1_MasterSetIrq                                        text62       00C65
_I2C1_MasterStart                                         text37       00C74
_I2C1_MasterStartRx                                       text68       00C5F
_I2C1_MasterStop                                          text84       00C5C
_I2C1_MasterWrite                                         text35       00CBC
_I2C1_Open                                                text31       00645
_I2C1_SetAddressNackCallback                              text29       00D4E
_I2C1_SetBuffer                                           text28       00E1C
_I2C1_SetCallback                                         text30       00F27
_I2C1_SetDataCompleteCallback                             text27       007F2
_I2C1_SetInterruptHandler                                 text32       00CF4
_I2C1_Status                                              bssBANK1     000A0
_I2CSIMPLE_example                                        text12       0049B
_INLVLA                                                   (abs)        0038C
_INLVLB                                                   (abs)        0038D
_INLVLC                                                   (abs)        0038E
_INTCONbits                                               (abs)        0000B
_INTERRUPT_InterruptManager                               intentry     00004
_LATA                                                     (abs)        0010C
_LATB                                                     (abs)        0010D
_LATC                                                     (abs)        0010E
_MSSP1_InterruptHandler                                   bssBANK1     000C3
_ODCONA                                                   (abs)        0028C
_ODCONB                                                   (abs)        0028D
_ODCONC                                                   (abs)        0028E
_OSCCON1                                                  (abs)        00919
_OSCCON3                                                  (abs)        0091B
_OSCEN                                                    (abs)        0091D
_OSCFRQ                                                   (abs)        0091F
_OSCILLATOR_Initialize                                    text6        00D21
_OSCTUNE                                                  (abs)        0091E
_PIE1bits                                                 (abs)        00091
_PIN_MANAGER_Initialize                                   text5        0071A
_PIR1bits                                                 (abs)        00011
_PMD0                                                     (abs)        00911
_PMD1                                                     (abs)        00912
_PMD2                                                     (abs)        00913
_PMD3                                                     (abs)        00914
_PMD4                                                     (abs)        00915
_PMD5                                                     (abs)        00916
_PMD_Initialize                                           text4        00CE3
_RB7PPS                                                   (abs)        00E9F
_RC1PPS                                                   (abs)        00EA1
_RC1REG                                                   (abs)        00199
_RC1STA                                                   (abs)        0019D
_RC1STAbits                                               (abs)        0019D
_RC2PPS                                                   (abs)        00EA2
_RXPPS                                                    (abs)        00E24
_SLRCONA                                                  (abs)        0030C
_SLRCONB                                                  (abs)        0030D
_SLRCONC                                                  (abs)        0030E
_SP1BRGH                                                  (abs)        0019C
_SP1BRGL                                                  (abs)        0019B
_SSP1ADD                                                  (abs)        00212
_SSP1BUF                                                  (abs)        00211
_SSP1CLKPPS                                               (abs)        00E20
_SSP1CON1                                                 (abs)        00215
_SSP1CON1bits                                             (abs)        00215
_SSP1CON2                                                 (abs)        00216
_SSP1CON2bits                                             (abs)        00216
_SSP1DATPPS                                               (abs)        00E21
_SSP1STAT                                                 (abs)        00214
_SSP1STATbits                                             (abs)        00214
_SYSTEM_Initialize                                        text2        00DF4
_TRISA                                                    (abs)        0008C
_TRISB                                                    (abs)        0008D
_TRISC                                                    (abs)        0008E
_TX1REG                                                   (abs)        0019A
_TX1STA                                                   (abs)        0019E
_TX1STAbits                                               (abs)        0019E
_WDTCON                                                   (abs)        00097
_WDT_Initialize                                           text3        00C86
_WPUA                                                     (abs)        0020C
_WPUB                                                     (abs)        0020D
_WPUC                                                     (abs)        0020E
__Habs1                                                   abs1         00000
__Hbank0                                                  bank0        00000
__Hbank1                                                  bank1        00000
__Hbank10                                                 bank10       00000
__Hbank11                                                 bank11       00000
__Hbank12                                                 bank12       00000
__Hbank13                                                 bank13       00000
__Hbank14                                                 bank14       00000
__Hbank15                                                 bank15       00000
__Hbank16                                                 bank16       00000
__Hbank17                                                 bank17       00000
__Hbank18                                                 bank18       00000
__Hbank19                                                 bank19       00000
__Hbank2                                                  bank2        00000
__Hbank20                                                 bank20       00000
__Hbank21                                                 bank21       00000
__Hbank22                                                 bank22       00000
__Hbank23                                                 bank23       00000
__Hbank24                                                 bank24       00000
__Hbank25                                                 bank25       00000
__Hbank26                                                 bank26       00000
__Hbank27                                                 bank27       00000
__Hbank28                                                 bank28       00000
__Hbank29                                                 bank29       00000
__Hbank3                                                  bank3        00000
__Hbank30                                                 bank30       00000
__Hbank31                                                 bank31       00000
__Hbank4                                                  bank4        00000
__Hbank5                                                  bank5        00000
__Hbank6                                                  bank6        00000
__Hbank7                                                  bank7        00000
__Hbank8                                                  bank8        00000
__Hbank9                                                  bank9        00000
__Hbigram                                                 bigram       00000
__HbssBANK0                                               bssBANK0     00000
__HbssBANK1                                               bssBANK1     00000
__HbssBANK2                                               bssBANK2     00000
__Hcinit                                                  cinit        00048
__Hclrtext                                                clrtext      00000
__Hcode                                                   code         00000
__Hcommon                                                 common       00000
__Hconfig                                                 config       0800B
__HcstackBANK0                                            cstackBANK0  00000
__HcstackBANK1                                            cstackBANK1  00000
__HcstackCOMMON                                           cstackCOMMON 00000
__HdataBANK0                                              dataBANK0    00000
__HdataCOMMON                                             dataCOMMON   00000
__Heeprom_data                                            eeprom_data  00000
__Hend_init                                               end_init     0002A
__Hfunctab                                                functab      00000
__Hheap                                                   heap         00000
__HidataBANK0                                             idataBANK0   00000
__HidataCOMMON                                            idataCOMMON  00000
__Hidloc                                                  idloc        08004
__Hinit                                                   init         00028
__Hintentry                                               intentry     00028
__Hmaintext                                               maintext     00000
__HnvBANK1                                                nvBANK1      00000
__Hpowerup                                                powerup      00000
__Hram                                                    ram          00000
__Hreset_vec                                              reset_vec    00002
__Hsfr0                                                   sfr0         00000
__Hsfr1                                                   sfr1         00000
__Hsfr10                                                  sfr10        00000
__Hsfr11                                                  sfr11        00000
__Hsfr12                                                  sfr12        00000
__Hsfr13                                                  sfr13        00000
__Hsfr14                                                  sfr14        00000
__Hsfr15                                                  sfr15        00000
__Hsfr16                                                  sfr16        00000
__Hsfr17                                                  sfr17        00000
__Hsfr18                                                  sfr18        00000
__Hsfr19                                                  sfr19        00000
__Hsfr2                                                   sfr2         00000
__Hsfr20                                                  sfr20        00000
__Hsfr21                                                  sfr21        00000
__Hsfr22                                                  sfr22        00000
__Hsfr23                                                  sfr23        00000
__Hsfr24                                                  sfr24        00000
__Hsfr25                                                  sfr25        00000
__Hsfr26                                                  sfr26        00000
__Hsfr27                                                  sfr27        00000
__Hsfr28                                                  sfr28        00000
__Hsfr29                                                  sfr29        00000
__Hsfr3                                                   sfr3         00000
__Hsfr30                                                  sfr30        00000
__Hsfr31                                                  sfr31        00000
__Hsfr4                                                   sfr4         00000
__Hsfr5                                                   sfr5         00000
__Hsfr6                                                   sfr6         00000
__Hsfr7                                                   sfr7         00000
__Hsfr8                                                   sfr8         00000
__Hsfr9                                                   sfr9         00000
__Hspace_0                                                (abs)        0103B
__Hspace_1                                                (abs)        00140
__Hspace_2                                                (abs)        00000
__Hspace_3                                                (abs)        00000
__Hspace_4                                                (abs)        10012
__Hstack                                                  stack        00000
__Hstrings                                                strings      00000
__Hstringtext1                                            stringtext1  00000
__Hstringtext2                                            stringtext2  00000
__Hstringtext3                                            stringtext3  00000
__Hstringtext4                                            stringtext4  00000
__Hstringtext5                                            stringtext5  00000
__Htext                                                   text         00000
__Labs1                                                   abs1         00000
__Lbank0                                                  bank0        00000
__Lbank1                                                  bank1        00000
__Lbank10                                                 bank10       00000
__Lbank11                                                 bank11       00000
__Lbank12                                                 bank12       00000
__Lbank13                                                 bank13       00000
__Lbank14                                                 bank14       00000
__Lbank15                                                 bank15       00000
__Lbank16                                                 bank16       00000
__Lbank17                                                 bank17       00000
__Lbank18                                                 bank18       00000
__Lbank19                                                 bank19       00000
__Lbank2                                                  bank2        00000
__Lbank20                                                 bank20       00000
__Lbank21                                                 bank21       00000
__Lbank22                                                 bank22       00000
__Lbank23                                                 bank23       00000
__Lbank24                                                 bank24       00000
__Lbank25                                                 bank25       00000
__Lbank26                                                 bank26       00000
__Lbank27                                                 bank27       00000
__Lbank28                                                 bank28       00000
__Lbank29                                                 bank29       00000
__Lbank3                                                  bank3        00000
__Lbank30                                                 bank30       00000
__Lbank31                                                 bank31       00000
__Lbank4                                                  bank4        00000
__Lbank5                                                  bank5        00000
__Lbank6                                                  bank6        00000
__Lbank7                                                  bank7        00000
__Lbank8                                                  bank8        00000
__Lbank9                                                  bank9        00000
__Lbigram                                                 bigram       00000
__LbssBANK0                                               bssBANK0     00000
__LbssBANK1                                               bssBANK1     00000
__LbssBANK2                                               bssBANK2     00000
__Lcinit                                                  cinit        0002A
__Lclrtext                                                clrtext      00000
__Lcode                                                   code         00000
__Lcommon                                                 common       00000
__Lconfig                                                 config       00000
__LcstackBANK0                                            cstackBANK0  00000
__LcstackBANK1                                            cstackBANK1  00000
__LcstackCOMMON                                           cstackCOMMON 00000
__LdataBANK0                                              dataBANK0    00000
__LdataCOMMON                                             dataCOMMON   00000
__Leeprom_data                                            eeprom_data  00000
__Lend_init                                               end_init     00028
__Lfunctab                                                functab      00000
__Lheap                                                   heap         00000
__LidataBANK0                                             idataBANK0   00000
__LidataCOMMON                                            idataCOMMON  00000
__Lidloc                                                  idloc        00000
__Linit                                                   init         00028
__Lintentry                                               intentry     00004
__Lmaintext                                               maintext     00000
__LnvBANK1                                                nvBANK1      00000
__Lpowerup                                                powerup      00000
__Lram                                                    ram          00000
__Lreset_vec                                              reset_vec    00000
__Lsfr0                                                   sfr0         00000
__Lsfr1                                                   sfr1         00000
__Lsfr10                                                  sfr10        00000
__Lsfr11                                                  sfr11        00000
__Lsfr12                                                  sfr12        00000
__Lsfr13                                                  sfr13        00000
__Lsfr14                                                  sfr14        00000
__Lsfr15                                                  sfr15        00000
__Lsfr16                                                  sfr16        00000
__Lsfr17                                                  sfr17        00000
__Lsfr18                                                  sfr18        00000
__Lsfr19                                                  sfr19        00000
__Lsfr2                                                   sfr2         00000
__Lsfr20                                                  sfr20        00000
__Lsfr21                                                  sfr21        00000
__Lsfr22                                                  sfr22        00000
__Lsfr23                                                  sfr23        00000
__Lsfr24                                                  sfr24        00000
__Lsfr25                                                  sfr25        00000
__Lsfr26                                                  sfr26        00000
__Lsfr27                                                  sfr27        00000
__Lsfr28                                                  sfr28        00000
__Lsfr29                                                  sfr29        00000
__Lsfr3                                                   sfr3         00000
__Lsfr30                                                  sfr30        00000
__Lsfr31                                                  sfr31        00000
__Lsfr4                                                   sfr4         00000
__Lsfr5                                                   sfr5         00000
__Lsfr6                                                   sfr6         00000
__Lsfr7                                                   sfr7         00000
__Lsfr8                                                   sfr8         00000
__Lsfr9                                                   sfr9         00000
__Lspace_0                                                (abs)        00000
__Lspace_1                                                (abs)        00000
__Lspace_2                                                (abs)        00000
__Lspace_3                                                (abs)        00000
__Lspace_4                                                (abs)        00000
__Lstack                                                  stack        00000
__Lstrings                                                strings      00000
__Lstringtext1                                            stringtext1  00000
__Lstringtext2                                            stringtext2  00000
__Lstringtext3                                            stringtext3  00000
__Lstringtext4                                            stringtext4  00000
__Lstringtext5                                            stringtext5  00000
__Ltext                                                   text         00000
__S0                                                      (abs)        0103B
__S1                                                      (abs)        00140
__S3                                                      (abs)        00000
___aodiv                                                  text25       001B4
___aodiv@counter                                          cstackBANK0  00034
___aodiv@dividend                                         cstackBANK0  0002B
___aodiv@divisor                                          cstackBANK0  00023
___aodiv@quotient                                         cstackBANK0  00036
___aodiv@sign                                             cstackBANK0  00035
___aomod                                                  text24       003AE
___aomod@counter                                          cstackBANK0  00034
___aomod@dividend                                         cstackBANK0  0002B
___aomod@divisor                                          cstackBANK0  00023
___aomod@sign                                             cstackBANK0  00035
___heap_hi                                                (abs)        00000
___heap_lo                                                (abs)        00000
___int_sp                                                 stack        00000
___latbits                                                (abs)        00002
___sp                                                     stack        00000
___stackhi                                                (abs)        00000
___stacklo                                                (abs)        00000
__end_of_EUSART_Initialize                                text8        00F27
__end_of_EUSART_SetErrorHandler                           text11       00D06
__end_of_EUSART_SetFramingErrorHandler                    text10       00D0F
__end_of_EUSART_SetOverrunErrorHandler                    text9        00D18
__end_of_EUSART_Write                                     text22       00D34
__end_of_I2C1_CallbackReturnReset                         text69       00004
__end_of_I2C1_CallbackReturnStop                          text70       00C59
__end_of_I2C1_Close                                       text38       00EDB
__end_of_I2C1_DO_ADDRESS_NACK                             text46       00FA3
__end_of_I2C1_DO_IDLE                                     text60       00C94
__end_of_I2C1_DO_RCEN                                     text55       00CD4
__end_of_I2C1_DO_RESET                                    text47       00CBC
__end_of_I2C1_DO_RX                                       text56       006D7
__end_of_I2C1_DO_RX_ACK                                   text50       00CAD
__end_of_I2C1_DO_RX_NACK_RESTART                          text48       00CB7
__end_of_I2C1_DO_RX_NACK_STOP                             text49       00CB2
__end_of_I2C1_DO_SEND_ADR_READ                            text59       00CF4
__end_of_I2C1_DO_SEND_ADR_WRITE                           text58       00CE3
__end_of_I2C1_DO_SEND_RESTART                             text52       00CA3
__end_of_I2C1_DO_SEND_RESTART_READ                        text54       00C99
__end_of_I2C1_DO_SEND_RESTART_WRITE                       text53       00C9E
__end_of_I2C1_DO_SEND_STOP                                text51       00CA8
__end_of_I2C1_DO_TX                                       text57       005F3
__end_of_I2C1_DO_TX_EMPTY                                 text61       01000
__end_of_I2C1_Initialize                                  text7        00D21
__end_of_I2C1_MasterClearIrq                              text41       00C6E
__end_of_I2C1_MasterClose                                 text40       00C71
__end_of_I2C1_MasterDisableIrq                            text39       00C74
__end_of_I2C1_MasterEnableIrq                             text34       00C7A
__end_of_I2C1_MasterEnableRestart                         text85       00C5C
__end_of_I2C1_MasterFsm                                   text44       00FD1
__end_of_I2C1_MasterGetRxData                             text66       00C65
__end_of_I2C1_MasterIsNack                                text63       00CC7
__end_of_I2C1_MasterIsr                                   text43       00C86
__end_of_I2C1_MasterOpen                                  text33       00D4E
__end_of_I2C1_MasterOperation                             text36       00EBA
__end_of_I2C1_MasterSendAck                               text65       00C82
__end_of_I2C1_MasterSendNack                              text67       00C7E
__end_of_I2C1_MasterSendTxData                            text64       00C8F
__end_of_I2C1_MasterSetIrq                                text62       00C68
__end_of_I2C1_MasterStart                                 text37       00C77
__end_of_I2C1_MasterStartRx                               text68       00C62
__end_of_I2C1_MasterStop                                  text84       00C5F
__end_of_I2C1_MasterWrite                                 text35       00CC1
__end_of_I2C1_Open                                        text31       00691
__end_of_I2C1_SetAddressNackCallback                      text29       00D5C
__end_of_I2C1_SetBuffer                                   text28       00E33
__end_of_I2C1_SetCallback                                 text30       00F4E
__end_of_I2C1_SetDataCompleteCallback                     text27       00800
__end_of_I2C1_SetInterruptHandler                         text32       00CFD
__end_of_I2CSIMPLE_example                                text12       00548
__end_of_INTERRUPT_InterruptManager                       intentry     00028
__end_of_OSCILLATOR_Initialize                            text6        00D2A
__end_of_PIN_MANAGER_Initialize                           text5        00752
__end_of_PMD_Initialize                                   text4        00CEB
__end_of_SYSTEM_Initialize                                text2        00E07
__end_of_WDT_Initialize                                   text3        00C8A
__end_of___aodiv                                          text25       002B9
__end_of___aomod                                          text24       0049B
__end_of__initialization                                  cinit        00044
__end_of_abs                                              text23       00E9A
__end_of_dtoa                                             text16       001B4
__end_of_fputc                                            text20       0071A
__end_of_fputs                                            text19       00F77
__end_of_i2c1_fsmStateTable                               stringtext1  01020
__end_of_i2c_read1ByteRegister                            text26       00645
__end_of_i2c_write1ByteRegister                           text1        007BE
__end_of_main                                             maintext     00789
__end_of_pad                                              text17       0059E
__end_of_printf                                           text13       00E1C
__end_of_putch                                            text21       00CDB
__end_of_rd1RegCompleteHandler                            text78       00D9F
__end_of_rd1RegCompleteHandler@i2c1_master_example$F146   text74       00DD2
__end_of_rd2RegCompleteHandler                            text77       00DB0
__end_of_rd2RegCompleteHandler@i2c1_master_example$F157   text73       00DE3
__end_of_rdBlkRegCompleteHandler                          text75       00E4B
__end_of_rdBlkRegCompleteHandler@i2c1_master_example$F180 text71       00E63
__end_of_strlen                                           text18       00E7E
__end_of_vfpfcnvrt                                        text15       003AE
__end_of_vfprintf                                         text14       007F2
__end_of_wr1RegCompleteHandler                            text79       00D8E
__end_of_wr1RegCompleteHandler@i2c1_master_example$F163   text72       00DF4
__end_of_wr2RegCompleteHandler                            text76       00DC1
__end_of_wr2RegCompleteHandler@i2c1_master_example$F169   text80       00D7D
__end_ofi1_I2C1_MasterClearIrq                            text45       00C6B
__end_ofi1_I2C1_SetBuffer                                 text83       00D6C
__end_ofi1_I2C1_SetCallback                               text82       00F01
__end_ofi1_I2C1_SetDataCompleteCallback                   text81       00D41
__initialization                                          cinit        0002A
__pbssBANK0                                               bssBANK0     0006A
__pbssBANK1                                               bssBANK1     000A0
__pbssBANK2                                               bssBANK2     00120
__pcstackBANK0                                            cstackBANK0  00020
__pcstackBANK1                                            cstackBANK1  000CC
__pcstackCOMMON                                           cstackCOMMON 00070
__pdataBANK0                                              dataBANK0    0006C
__pdataCOMMON                                             dataCOMMON   0007D
__pidataBANK0                                             idataBANK0   00C55
__pidataCOMMON                                            idataCOMMON  00C56
__pintentry                                               intentry     00004
__pmaintext                                               maintext     00752
__pnvBANK1                                                nvBANK1      000E9
__pstringtext1                                            stringtext1  01000
__pstringtext2                                            stringtext2  01020
__pstringtext3                                            stringtext3  01029
__pstringtext4                                            stringtext4  01032
__pstringtext5                                            stringtext5  00000
__ptext1                                                  text1        00789
__ptext10                                                 text10       00D06
__ptext11                                                 text11       00CFD
__ptext12                                                 text12       0049B
__ptext13                                                 text13       00E07
__ptext14                                                 text14       007BE
__ptext15                                                 text15       002B9
__ptext16                                                 text16       00048
__ptext17                                                 text17       00548
__ptext18                                                 text18       00E63
__ptext19                                                 text19       00F4E
__ptext2                                                  text2        00DF4
__ptext20                                                 text20       006D7
__ptext21                                                 text21       00CD4
__ptext22                                                 text22       00D2A
__ptext23                                                 text23       00E7E
__ptext24                                                 text24       003AE
__ptext25                                                 text25       001B4
__ptext26                                                 text26       005F3
__ptext27                                                 text27       007F2
__ptext28                                                 text28       00E1C
__ptext29                                                 text29       00D4E
__ptext3                                                  text3        00C86
__ptext30                                                 text30       00F27
__ptext31                                                 text31       00645
__ptext32                                                 text32       00CF4
__ptext33                                                 text33       00D41
__ptext34                                                 text34       00C77
__ptext35                                                 text35       00CBC
__ptext36                                                 text36       00E9A
__ptext37                                                 text37       00C74
__ptext38                                                 text38       00EBA
__ptext39                                                 text39       00C71
__ptext4                                                  text4        00CE3
__ptext40                                                 text40       00C6E
__ptext41                                                 text41       00C6B
__ptext43                                                 text43       00C82
__ptext44                                                 text44       00FA3
__ptext45                                                 text45       00C68
__ptext46                                                 text46       00F77
__ptext47                                                 text47       00CB7
__ptext48                                                 text48       00CB2
__ptext49                                                 text49       00CAD
__ptext5                                                  text5        0071A
__ptext50                                                 text50       00CA8
__ptext51                                                 text51       00CA3
__ptext52                                                 text52       00C9E
__ptext53                                                 text53       00C99
__ptext54                                                 text54       00C94
__ptext55                                                 text55       00CCD
__ptext56                                                 text56       00691
__ptext57                                                 text57       0059E
__ptext58                                                 text58       00CDB
__ptext59                                                 text59       00CEB
__ptext6                                                  text6        00D21
__ptext60                                                 text60       00C8F
__ptext61                                                 text61       00FD1
__ptext62                                                 text62       00C65
__ptext63                                                 text63       00CC1
__ptext64                                                 text64       00C8A
__ptext65                                                 text65       00C7E
__ptext66                                                 text66       00C62
__ptext67                                                 text67       00C7A
__ptext68                                                 text68       00C5F
__ptext69                                                 text69       00002
__ptext7                                                  text7        00D18
__ptext70                                                 text70       00C57
__ptext71                                                 text71       00E4B
__ptext72                                                 text72       00DE3
__ptext73                                                 text73       00DD2
__ptext74                                                 text74       00DC1
__ptext75                                                 text75       00E33
__ptext76                                                 text76       00DB0
__ptext77                                                 text77       00D9F
__ptext78                                                 text78       00D8E
__ptext79                                                 text79       00D7D
__ptext8                                                  text8        00F01
__ptext80                                                 text80       00D6C
__ptext81                                                 text81       00D34
__ptext82                                                 text82       00EDB
__ptext83                                                 text83       00D5C
__ptext84                                                 text84       00C5C
__ptext85                                                 text85       00C59
__ptext9                                                  text9        00D0F
_abs                                                      text23       00E7E
_dbuf                                                     bssBANK2     00120
_dtoa                                                     text16       00048
_dtoa$1639                                                cstackBANK0  00049
_eusartRxLastError                                        bssBANK1     000C5
_flags                                                    bssBANK0     0006A
_fputc                                                    text20       006D7
_fputs                                                    text19       00F4E
_i2c1_fsmStateTable                                       stringtext1  01000
_i2c_read1ByteRegister                                    text26       005F3
_i2c_write1ByteRegister                                   text1        00789
_main                                                     maintext     00752
_nout                                                     bssBANK1     000BD
_pad                                                      text17       00548
_prec                                                     bssBANK1     000C1
_printf                                                   text13       00E07
_putch                                                    text21       00CD4
_rd1RegCompleteHandler                                    text78       00D8E
_rd1RegCompleteHandler@i2c1_master_example$F146           text74       00DC1
_rd2RegCompleteHandler                                    text77       00D9F
_rd2RegCompleteHandler@i2c1_master_example$F157           text73       00DD2
_rdBlkRegCompleteHandler                                  text75       00E33
_rdBlkRegCompleteHandler@i2c1_master_example$F180         text71       00E4B
_receiveDataxh                                            bssBANK1     000CA
_receiveDataxl                                            bssBANK1     000CB
_receiveDatayh                                            bssBANK1     000C8
_receiveDatayl                                            bssBANK1     000C9
_receiveDatazh                                            bssBANK1     000C6
_receiveDatazl                                            bssBANK1     000C7
_strlen                                                   text18       00E63
_vfpfcnvrt                                                text15       002B9
_vfprintf                                                 text14       007BE
_width                                                    bssBANK1     000BF
_wr1RegCompleteHandler                                    text79       00D7D
_wr1RegCompleteHandler@i2c1_master_example$F163           text72       00DE3
_wr2RegCompleteHandler                                    text76       00DB0
_wr2RegCompleteHandler@i2c1_master_example$F169           text80       00D6C
abs@a                                                     cstackBANK0  00036
btemp                                                     (abs)        0007E
clear_ram0                                                clrtext      00CC7
dtoa@d                                                    cstackBANK0  0003E
dtoa@fp                                                   cstackBANK0  0004B
dtoa@i                                                    cstackBANK0  0005A
dtoa@n                                                    cstackBANK0  00052
dtoa@p                                                    cstackBANK0  0004C
dtoa@s                                                    cstackBANK0  00050
dtoa@w                                                    cstackBANK0  0004E
end_of_initialization                                     cinit        00044
fputc@c                                                   cstackBANK0  00025
fputc@fp                                                  cstackBANK0  00027
fputs@c                                                   cstackBANK0  00031
fputs@fp                                                  cstackBANK0  0002D
fputs@i                                                   cstackBANK0  00032
fputs@s                                                   cstackBANK0  00034
i1I2C1_SetBuffer@buffer                                   cstackCOMMON 00073
i1I2C1_SetBuffer@bufferSize                               cstackCOMMON 00070
i1I2C1_SetCallback@cb                                     cstackCOMMON 00070
i1I2C1_SetCallback@idx                                    cstackCOMMON 00074
i1I2C1_SetCallback@ptr                                    cstackCOMMON 00072
i1I2C1_SetDataCompleteCallback@cb                         cstackCOMMON 00075
i1I2C1_SetDataCompleteCallback@ptr                        cstackCOMMON 00077
i1_I2C1_MasterClearIrq                                    text45       00C68
i1_I2C1_SetBuffer                                         text83       00D5C
i1_I2C1_SetCallback                                       text82       00EDB
i1_I2C1_SetDataCompleteCallback                           text81       00D34
i2c_read1ByteRegister@address                             cstackBANK0  0002E
i2c_read1ByteRegister@d2                                  cstackBANK0  00032
i2c_read1ByteRegister@e                                   cstackBANK0  0002F
i2c_read1ByteRegister@reg                                 cstackBANK0  0002C
i2c_read1ByteRegister@x                                   cstackBANK0  00030
i2c_write1ByteRegister@address                            cstackBANK0  0002F
i2c_write1ByteRegister@data                               cstackBANK0  0002D
i2c_write1ByteRegister@reg                                cstackBANK0  0002C
int$flags                                                 (abs)        0007E
intlevel0                                                 functab      00000
intlevel1                                                 functab      00000
intlevel2                                                 functab      00000
intlevel3                                                 functab      00000
intlevel4                                                 functab      00000
intlevel5                                                 functab      00000
pad@buf                                                   cstackBANK0  00035
pad@fp                                                    cstackBANK0  0003D
pad@i                                                     cstackBANK0  00039
pad@p                                                     cstackBANK0  00036
pad@w                                                     cstackBANK0  0003B
printf@ap                                                 cstackBANK0  00069
printf@fmt                                                cstackBANK1  000D8
putch@txData                                              cstackBANK0  00024
rd1RegCompleteHandler@i2c1_master_example$F146@ptr        cstackCOMMON 00079
rd1RegCompleteHandler@p                                   cstackCOMMON 00079
rd2RegCompleteHandler@i2c1_master_example$F157@ptr        cstackCOMMON 00079
rd2RegCompleteHandler@p                                   cstackCOMMON 00079
rdBlkRegCompleteHandler@i2c1_master_example$F180@ptr      cstackCOMMON 00079
rdBlkRegCompleteHandler@p                                 cstackCOMMON 00079
reset_vec                                                 reset_vec    00000
start                                                     init         00028
start_initialization                                      cinit        0002A
strlen@a                                                  cstackBANK0  00026
strlen@s                                                  cstackBANK0  00027
vfpfcnvrt@ap                                              cstackBANK0  0005D
vfpfcnvrt@fmt                                             cstackBANK0  0005C
vfpfcnvrt@fp                                              cstackBANK1  000D4
vfpfcnvrt@ll                                              cstackBANK1  000CC
vfprintf@ap                                               cstackBANK1  000D7
vfprintf@cfmt                                             cstackBANK0  00066
vfprintf@fmt                                              cstackBANK1  000D5
vfprintf@fp                                               cstackBANK0  00065
wr1RegCompleteHandler@i2c1_master_example$F163@ptr        cstackCOMMON 00079
wr1RegCompleteHandler@p                                   cstackCOMMON 00079
wr2RegCompleteHandler@i2c1_master_example$F169@ptr        cstackCOMMON 00079
wr2RegCompleteHandler@p                                   cstackCOMMON 00079
wtemp0                                                    (abs)        0007E


MODULE INFORMATION

Module		Function		Class		Link	Load	Size
mcc_generated_files/examples/i2c1_master_example.c
		_rdBlkRegCompleteHandler@i2c1_master_example$F180		CODE           	0E4B	0000	24
		_rd1RegCompleteHandler@i2c1_master_example$F146		CODE           	0DC1	0000	17
		_rd2RegCompleteHandler@i2c1_master_example$F157		CODE           	0DD2	0000	17
		_wr1RegCompleteHandler@i2c1_master_example$F163		CODE           	0DE3	0000	17
		_wr2RegCompleteHandler@i2c1_master_example$F169		CODE           	0D6C	0000	17

mcc_generated_files/examples/i2c1_master_example.c estimated size: 92

mcc_generated_files/i2c1_master.c
		_I2C1_DO_SEND_RESTART		CODE           	0C9E	0000	5
		_I2C1_DO_TX_EMPTY		CODE           	0FD1	0000	47
		_I2C1_DO_SEND_RESTART_READ		CODE           	0C94	0000	5
		_I2C1_CallbackReturnStop		CODE           	0C57	0000	2
		_I2C1_DO_RX    		CODE           	0691	0000	70
		_I2C1_DO_TX    		CODE           	059E	0000	85
		_I2C1_SetAddressNackCallback		CODE           	0D4E	0000	14
		_I2C1_DO_IDLE  		CODE           	0C8F	0000	5
		_I2C1_MasterOpen		CODE           	0D41	0000	13
		_I2C1_DO_RCEN  		CODE           	0CCD	0000	7
		_I2C1_MasterSendTxData		CODE           	0C8A	0000	5
		_I2C1_MasterStop		CODE           	0C5C	0000	3
		_I2C1_CallbackReturnReset		CODE           	0002	0000	2
		_I2C1_DO_RESET 		CODE           	0CB7	0000	5
		_I2C1_MasterStartRx		CODE           	0C5F	0000	3
		_I2C1_DO_RX_ACK		CODE           	0CA8	0000	5
		_I2C1_MasterSendNack		CODE           	0C7A	0000	4
		_I2C1_DO_RX_NACK_RESTART		CODE           	0CB2	0000	5
		_I2C1_MasterDisableIrq		CODE           	0C71	0000	3
		_I2C1_MasterOperation		CODE           	0E9A	0000	32
		_I2C1_SetCallback		CODE           	0F27	0000	39
		_I2C1_MasterEnableRestart		CODE           	0C59	0000	3
		_I2C1_Open     		CODE           	0645	0000	76
		_I2C1_DO_ADDRESS_NACK		CODE           	0F77	0000	44
		_I2C1_SetBuffer		CODE           	0E1C	0000	23
		_I2C1_DO_SEND_RESTART_WRITE		CODE           	0C99	0000	5
		_I2C1_MasterClose		CODE           	0C6E	0000	3
		_I2C1_MasterWrite		CODE           	0CBC	0000	5
		_I2C1_Initialize		CODE           	0D18	0000	9
		_I2C1_Close    		CODE           	0EBA	0000	33
		_I2C1_MasterIsNack		CODE           	0CC1	0000	6
		_I2C1_MasterStart		CODE           	0C74	0000	3
		_I2C1_DO_SEND_ADR_WRITE		CODE           	0CDB	0000	8
		_I2C1_MasterClearIrq		CODE           	0C6B	0000	3
		_I2C1_SetDataCompleteCallback		CODE           	07F2	0000	14
		_I2C1_DO_SEND_STOP		CODE           	0CA3	0000	5
		_I2C1_MasterSendAck		CODE           	0C7E	0000	4
		_I2C1_MasterFsm		CODE           	0FA3	0000	46
		_I2C1_MasterIsr		CODE           	0C82	0000	4
		_I2C1_MasterGetRxData		CODE           	0C62	0000	3
		_I2C1_SetInterruptHandler		CODE           	0CF4	0000	9
		_I2C1_MasterSetIrq		CODE           	0C65	0000	3
		_I2C1_DO_SEND_ADR_READ		CODE           	0CEB	0000	9
		_I2C1_MasterEnableIrq		CODE           	0C77	0000	3
		_I2C1_DO_RX_NACK_STOP		CODE           	0CAD	0000	5

mcc_generated_files/i2c1_master.c estimated size: 685

C:\Program Files\Microchip\xc8\v2.35\pic\sources\c99\common\aodiv.c
		___aodiv       		CODE           	01B4	0000	261

C:\Program Files\Microchip\xc8\v2.35\pic\sources\c99\common\aodiv.c estimated size: 261

mcc_generated_files/interrupt_manager.c
		_INTERRUPT_InterruptManager		CODE           	0004	0000	36

mcc_generated_files/interrupt_manager.c estimated size: 36

C:\Program Files\Microchip\xc8\v2.35\pic\sources\c99\common\nf_fputc.c
		_fputc         		CODE           	06D7	0000	67

C:\Program Files\Microchip\xc8\v2.35\pic\sources\c99\common\nf_fputc.c estimated size: 67

mcc_generated_files/pin_manager.c
		_PIN_MANAGER_Initialize		CODE           	071A	0000	56

mcc_generated_files/pin_manager.c estimated size: 56

mcc_generated_files/drivers/i2c_simple_master.c
		_wr1RegCompleteHandler		CODE           	0D7D	0000	17
		_wr2RegCompleteHandler		CODE           	0DB0	0000	17
		_i2c_write1ByteRegister		CODE           	0789	0000	53
		_rdBlkRegCompleteHandler		CODE           	0E33	0000	24
		_i2c_read1ByteRegister		CODE           	05F3	0000	82
		_rd1RegCompleteHandler		CODE           	0D8E	0000	17
		_rd2RegCompleteHandler		CODE           	0D9F	0000	17

mcc_generated_files/drivers/i2c_simple_master.c estimated size: 227

C:\Program Files\Microchip\xc8\v2.35\pic\sources\c99\common\printf.c
		_printf        		CODE           	0E07	0000	21

C:\Program Files\Microchip\xc8\v2.35\pic\sources\c99\common\printf.c estimated size: 21

C:\Program Files\Microchip\xc8\v2.35\pic\sources\c99\common\abs.c
		_abs           		CODE           	0E7E	0000	28

C:\Program Files\Microchip\xc8\v2.35\pic\sources\c99\common\abs.c estimated size: 28

shared
		i1_I2C1_SetBuffer		CODE           	0D5C	0000	16
		i1_I2C1_SetCallback		CODE           	0EDB	0000	38
		__initialization		CODE           	002A	0000	26
		_i2c1_fsmStateTable		STRCODE        	1000	0000	32
		i1_I2C1_MasterClearIrq		CODE           	0C68	0000	3
		i1_I2C1_SetDataCompleteCallback		CODE           	0D34	0000	13

shared estimated size: 128

mcc_generated_files/mcc.c
		_WDT_Initialize		CODE           	0C86	0000	4
		_PMD_Initialize		CODE           	0CE3	0000	8
		_OSCILLATOR_Initialize		CODE           	0D21	0000	9
		_SYSTEM_Initialize		CODE           	0DF4	0000	19

mcc_generated_files/mcc.c estimated size: 40

C:\Program Files\Microchip\xc8\v2.35\pic\sources\c99\common\strlen.c
		_strlen        		CODE           	0E63	0000	27

C:\Program Files\Microchip\xc8\v2.35\pic\sources\c99\common\strlen.c estimated size: 27

C:\Program Files\Microchip\xc8\v2.35\pic\sources\c99\common\aomod.c
		___aomod       		CODE           	03AE	0000	237

C:\Program Files\Microchip\xc8\v2.35\pic\sources\c99\common\aomod.c estimated size: 237

mcc_generated_files/eusart.c
		_putch         		CODE           	0CD4	0000	7
		_EUSART_Write  		CODE           	0D2A	0000	10
		_EUSART_Initialize		CODE           	0F01	0000	38
		_EUSART_SetFramingErrorHandler		CODE           	0D06	0000	9
		_EUSART_SetErrorHandler		CODE           	0CFD	0000	9
		_EUSART_SetOverrunErrorHandler		CODE           	0D0F	0000	9

mcc_generated_files/eusart.c estimated size: 82

C:\Program Files\Microchip\xc8\v2.35\pic\sources\c99\common\nf_fputs.c
		_fputs         		CODE           	0F4E	0000	41

C:\Program Files\Microchip\xc8\v2.35\pic\sources\c99\common\nf_fputs.c estimated size: 41

main.c
		_main          		CODE           	0752	0000	55

main.c estimated size: 55

mcc_generated_files/examples/i2c_simple_example.c
		_I2CSIMPLE_example		CODE           	049B	0000	173

mcc_generated_files/examples/i2c_simple_example.c estimated size: 173

C:\Program Files\Microchip\xc8\v2.35\pic\sources\c99\common\doprnt.c
		_vfpfcnvrt     		CODE           	02B9	0000	245
		_pad           		CODE           	0548	0000	86
		_dtoa          		CODE           	0048	0000	364
		_vfprintf      		CODE           	07BE	0000	52

C:\Program Files\Microchip\xc8\v2.35\pic\sources\c99\common\doprnt.c estimated size: 747

