Microchip MPLAB XC8 Compiler V2.35

Linker command line:

-W-3 --edf=C:\Program Files\Microchip\xc8\v2.35\pic\dat\en_msgs.txt -cn \
  -h+dist/default/production\Accelerometer.X.production.sym \
  --cmf=dist/default/production\Accelerometer.X.production.cmf -z \
  -Q16F18345 -oC:\Users\Woensdag\AppData\Local\Temp\xcAs50k.4 \
  --defsym=__MPLAB_BUILD=1 \
  -Mdist/default/production/Accelerometer.X.production.map \
  --md=C:\Users\Woensdag\AppData\Local\Temp\xcAs50k.dat -E1 \
  -ver=XC8 Compiler --acfsm=1493 -ACODE=00h-07FFhx4 -ASTRCODE=00h-01FFFh \
  -ASTRING=00h-0FFhx32 -ACONST=00h-0FFhx32 -AENTRY=00h-0FFhx32 \
  -ACOMMON=070h-07Fh -ABANK0=020h-06Fh -ABANK1=0A0h-0EFh \
  -ABANK2=0120h-016Fh -ABANK3=01A0h-01EFh -ABANK4=0220h-026Fh \
  -ABANK5=02A0h-02EFh -ABANK6=0320h-036Fh -ABANK7=03A0h-03EFh \
  -ABANK8=0420h-046Fh -ABANK9=04A0h-04EFh -ABANK10=0520h-056Fh \
  -ABANK11=05A0h-05EFh -ABANK12=0620h-064Fh -ABIGRAM=02000h-023EFh \
  -ARAM=020h-06Fh,0A0h-0EFh,0120h-016Fh,01A0h-01EFh,0220h-026Fh,02A0h-02EFh,0320h-036Fh,03A0h-03EFh,0420h-046Fh,04A0h-04EFh,0520h-056Fh,05A0h-05EFh,0620h-064Fh \
  -AABS1=020h-07Fh,0A0h-0EFh,0120h-016Fh,01A0h-01EFh,0220h-026Fh,02A0h-02EFh,0320h-036Fh,03A0h-03EFh,0420h-046Fh,04A0h-04EFh,0520h-056Fh,05A0h-05EFh,0620h-064Fh \
  -ASFR0=00h-01Fh -ASFR1=080h-09Fh -ASFR2=0100h-011Fh -ASFR3=0180h-019Fh \
  -ASFR4=0200h-021Fh -ASFR5=0280h-029Fh -ASFR6=0300h-031Fh \
  -ASFR7=0380h-039Fh -ASFR8=0400h-041Fh -ASFR9=0480h-049Fh \
  -ASFR10=0500h-051Fh -ASFR11=0580h-059Fh -ASFR12=0600h-061Fh \
  -ASFR13=0680h-06EFh -ASFR14=0700h-076Fh -ASFR15=0780h-07EFh \
  -ASFR16=0800h-086Fh -ASFR17=0880h-08EFh -ASFR18=0900h-096Fh \
  -ASFR19=0980h-09EFh -ASFR20=0A00h-0A6Fh -ASFR21=0A80h-0AEFh \
  -ASFR22=0B00h-0B6Fh -ASFR23=0B80h-0BEFh -ASFR24=0C00h-0C6Fh \
  -ASFR25=0C80h-0CEFh -ASFR26=0D00h-0D6Fh -ASFR27=0D80h-0DEFh \
  -ASFR28=0E00h-0E6Fh -ASFR29=0E80h-0EEFh -ASFR30=0F00h-0F6Fh \
  -ASFR31=0F80h-0FEFh -ACONFIG=08007h-0800Ah -DCONFIG=2 \
  -AIDLOC=08000h-08003h -DIDLOC=2 -AEEDATA=00h-0FFh/0F000h \
  -peeprom_data=EEDATA -DEEDATA=2 -DCODE=2 -DSTRCODE=2 -DSTRING=2 -DCONST=2 \
  -DENTRY=2 -preset_vec=00h,intentry=04h,init,end_init -ppowerup=CODE \
  -pcinit=CODE -pfunctab=ENTRY -k \
  C:\Users\Woensdag\AppData\Local\Temp\xcAs50k.o \
  dist/default/production\Accelerometer.X.production.o 

Object code version is 3.11

Machine type is 16F18345



                Name                               Link     Load   Length Selector   Space Scale
C:\Users\Woensdag\AppData\Local\Temp\xcAs50k.o
                end_init                             28       28        2        8       0
                reset_vec                             0        0        2        0       0
                config                             8007     8007        4        0       4
                idloc                              8000     8000        4        0       5
dist/default/production\Accelerometer.X.production.o
                cinit                                2A       2A       23        8       0
                intentry                              4        4       24        8       0
                config                             8007     8007        4        0       4
                idloc                              8000     8000        4        0       5
                text85                              E91      E91        3     1D22       0
                text84                              E94      E94        3     1D28       0
                text83                              F9B      F9B       10     1F36       0
                text82                              61C      61C       26        8       0
                text81                              F72      F72        D     1EE4       0
                text80                              FAB      FAB       11     1F56       0
                text79                              FBC      FBC       11     1F78       0
                text78                              FCD      FCD       11     1F9A       0
                text77                              FDE      FDE       11     1FBC       0
                text76                              FEF      FEF       11     1FDE       0
                text75                              73F      73F       18      D06       0
                text74                              E8F      E8F        2     1D1E       0
                text73                                2        2        2        0       0
                text72                              7E2      7E2       11      D06       0
                text71                              7D1      7D1       11      D06       0
                text70                              7C0      7C0       11      D06       0
                text69                              727      727       18      D06       0
                text68                              E97      E97        3     1D2E       0
                text67                              EB2      EB2        4     1D64       0
                text66                              E9A      E9A        3     1D34       0
                text65                              EB6      EB6        4     1D6C       0
                text64                              EC2      EC2        5     1D84       0
                text63                              EF9      EF9        6     1DF2       0
                text62                              E9D      E9D        3     1D3A       0
                text61                              51D      51D       2F        8       0
                text60                              EC7      EC7        5     1D8E       0
                text59                              F29      F29        9     1E52       0
                text58                              F19      F19        8     1E32       0
                text57                              2FE      2FE       55        8       0
                text56                              3F1      3F1       46        8       0
                text55                              F0B      F0B        7     1E16       0
                text54                              ECC      ECC        5     1D98       0
                text53                              ED1      ED1        5     1DA2       0
                text52                              ED6      ED6        5     1DAC       0
                text51                              EDB      EDB        5     1DB6       0
                text50                              EE0      EE0        5     1DC0       0
                text49                              EE5      EE5        5     1DCA       0
                text48                              EEA      EEA        5     1DD4       0
                text47                              EEF      EEF        5     1DDE       0
                text46                              57A      57A       2C        8       0
                text45                              EA0      EA0        3     1D40       0
                text44                              54C      54C       2E        8       0
                text43                              EBA      EBA        4     1D74       0
                text41                              EA3      EA3        3     1D46       0
                text40                              EA6      EA6        3     1D4C       0
                text39                              EA9      EA9        3     1D52       0
                text38                              642      642       21        8       0
                text37                              EAC      EAC        3     1D58       0
                text36                              683      683       20      D06       0
                text35                              EF4      EF4        5     1DE8       0
                text34                              EAF      EAF        3     1D5E       0
                text33                              7F3      7F3        D      D06       0
                text32                              F32      F32        9     1E64       0
                text31                              3A5      3A5       4C        8       0
                text30                              5CF      5CF       27        8       0
                text29                              F7F      F7F        E     1EFE       0
                text28                              785      785       17      D06       0
                text27                              F8D      F8D        E     1F1A       0
                text26                              353      353       52        8       0
                text25                              6A3      6A3       1F      D06       0
                text24                              6F6      6F6       19      D06       0
                text23                              F68      F68        A     1ED0       0
                text22                              F12      F12        7     1E24       0
                text21                              437      437       43        8       0
                text20                              5A6      5A6       29        8       0
                text19                              6C2      6C2       1B      D06       0
                text18                              2A8      2A8       56        8       0
                text17                              6DD      6DD       19      D06       0
                text16                              70F      70F       18      D06       0
                text15                               4D       4D      158        8       0
                text14                              1A5      1A5      103        8       0
                text13                              4B2      4B2       36        8       0
                text12                              76E      76E       17      D06       0
                text11                              4E8      4E8       35        8       0
                text10                              F3B      F3B        9     1E76       0
                text9                               F44      F44        9     1E88       0
                text8                               F4D      F4D        9     1E9A       0
                text7                               5F6      5F6       26        8       0
                text6                               F56      F56        9     1EAC       0
                text5                               F5F      F5F        9     1EBE       0
                text4                               47A      47A       38        8       0
                text3                               F21      F21        8     1E42       0
                text2                               EBE      EBE        4     1D7C       0
                text1                               79C      79C       13      D06       0
                maintext                            757      757       17      D06       0
                cstackBANK0                          20       20       4A       20       1
                cstackCOMMON                         70       70        D       70       1
                cstackBANK1                          A0       A0       29       A0       1
                cstackBANK2                         155      155        2      120       1
                clrtext                             EFF      EFF        6     1DFE       0
                inittext                            F05      F05        6     1E0A       0
                dataBANK2                           140      140       11      120       1
                bssBANK2                            120      120       20      120       1
                bssBANK1                             C9       C9       25       A0       1
                bssBANK0                             6A       6A        3       20       1
                stringtext2                        1000     1000        5     2000       0
                nvBANK2                             151      151        4      120       1
                nvBANK1                              EE       EE        2       A0       1
                stringtext1                         663      663       20      CC6       0
                idataBANK2                          7AF      7AF       11      D06       0

TOTAL           Name                               Link     Load   Length     Space
        CLASS   CODE           
                end_init                             28       28        2         0
                cinit                                2A       2A       23         0
                intentry                              4        4       24         0
                reset_vec                             0        0        2         0
                text85                              E91      E91        3         0
                text84                              E94      E94        3         0
                text83                              F9B      F9B       10         0
                text82                              61C      61C       26         0
                text81                              F72      F72        D         0
                text80                              FAB      FAB       11         0
                text79                              FBC      FBC       11         0
                text78                              FCD      FCD       11         0
                text77                              FDE      FDE       11         0
                text76                              FEF      FEF       11         0
                text75                              73F      73F       18         0
                text74                              E8F      E8F        2         0
                text73                                2        2        2         0
                text72                              7E2      7E2       11         0
                text71                              7D1      7D1       11         0
                text70                              7C0      7C0       11         0
                text69                              727      727       18         0
                text68                              E97      E97        3         0
                text67                              EB2      EB2        4         0
                text66                              E9A      E9A        3         0
                text65                              EB6      EB6        4         0
                text64                              EC2      EC2        5         0
                text63                              EF9      EF9        6         0
                text62                              E9D      E9D        3         0
                text61                              51D      51D       2F         0
                text60                              EC7      EC7        5         0
                text59                              F29      F29        9         0
                text58                              F19      F19        8         0
                text57                              2FE      2FE       55         0
                text56                              3F1      3F1       46         0
                text55                              F0B      F0B        7         0
                text54                              ECC      ECC        5         0
                text53                              ED1      ED1        5         0
                text52                              ED6      ED6        5         0
                text51                              EDB      EDB        5         0
                text50                              EE0      EE0        5         0
                text49                              EE5      EE5        5         0
                text48                              EEA      EEA        5         0
                text47                              EEF      EEF        5         0
                text46                              57A      57A       2C         0
                text45                              EA0      EA0        3         0
                text44                              54C      54C       2E         0
                text43                              EBA      EBA        4         0
                text41                              EA3      EA3        3         0
                text40                              EA6      EA6        3         0
                text39                              EA9      EA9        3         0
                text38                              642      642       21         0
                text37                              EAC      EAC        3         0
                text36                              683      683       20         0
                text35                              EF4      EF4        5         0
                text34                              EAF      EAF        3         0
                text33                              7F3      7F3        D         0
                text32                              F32      F32        9         0
                text31                              3A5      3A5       4C         0
                text30                              5CF      5CF       27         0
                text29                              F7F      F7F        E         0
                text28                              785      785       17         0
                text27                              F8D      F8D        E         0
                text26                              353      353       52         0
                text25                              6A3      6A3       1F         0
                text24                              6F6      6F6       19         0
                text23                              F68      F68        A         0
                text22                              F12      F12        7         0
                text21                              437      437       43         0
                text20                              5A6      5A6       29         0
                text19                              6C2      6C2       1B         0
                text18                              2A8      2A8       56         0
                text17                              6DD      6DD       19         0
                text16                              70F      70F       18         0
                text15                               4D       4D      158         0
                text14                              1A5      1A5      103         0
                text13                              4B2      4B2       36         0
                text12                              76E      76E       17         0
                text11                              4E8      4E8       35         0
                text10                              F3B      F3B        9         0
                text9                               F44      F44        9         0
                text8                               F4D      F4D        9         0
                text7                               5F6      5F6       26         0
                text6                               F56      F56        9         0
                text5                               F5F      F5F        9         0
                text4                               47A      47A       38         0
                text3                               F21      F21        8         0
                text2                               EBE      EBE        4         0
                text1                               79C      79C       13         0
                maintext                            757      757       17         0
                clrtext                             EFF      EFF        6         0
                inittext                            F05      F05        6         0
                idataBANK2                          7AF      7AF       11         0

        CLASS   STRCODE        
                stringtext2                        1000     1000        5         0
                stringtext1                         663      663       20         0

        CLASS   STRING         

        CLASS   CONST          

        CLASS   ENTRY          

        CLASS   COMMON         
                cstackCOMMON                         70       70        D         1

        CLASS   BANK0          
                cstackBANK0                          20       20       4A         1
                bssBANK0                             6A       6A        3         1

        CLASS   BANK1          
                cstackBANK1                          A0       A0       29         1
                bssBANK1                             C9       C9       25         1
                nvBANK1                              EE       EE        2         1

        CLASS   BANK2          
                cstackBANK2                         155      155        2         1
                dataBANK2                           140      140       11         1
                bssBANK2                            120      120       20         1
                nvBANK2                             151      151        4         1

        CLASS   BANK3          

        CLASS   BANK4          

        CLASS   BANK5          

        CLASS   BANK6          

        CLASS   BANK7          

        CLASS   BANK8          

        CLASS   BANK9          

        CLASS   BANK10         

        CLASS   BANK11         

        CLASS   BANK12         

        CLASS   BIGRAM         

        CLASS   RAM            

        CLASS   ABS1           
                abs_s1                               7E       7E        2         1

        CLASS   SFR0           

        CLASS   SFR1           

        CLASS   SFR2           

        CLASS   SFR3           

        CLASS   SFR4           

        CLASS   SFR5           

        CLASS   SFR6           

        CLASS   SFR7           

        CLASS   SFR8           

        CLASS   SFR9           

        CLASS   SFR10          

        CLASS   SFR11          

        CLASS   SFR12          

        CLASS   SFR13          

        CLASS   SFR14          

        CLASS   SFR15          

        CLASS   SFR16          

        CLASS   SFR17          

        CLASS   SFR18          

        CLASS   SFR19          

        CLASS   SFR20          

        CLASS   SFR21          

        CLASS   SFR22          

        CLASS   SFR23          

        CLASS   SFR24          

        CLASS   SFR25          

        CLASS   SFR26          

        CLASS   SFR27          

        CLASS   SFR28          

        CLASS   SFR29          

        CLASS   SFR30          

        CLASS   SFR31          

        CLASS   CONFIG         
                config                             8007     8007        4         4

        CLASS   IDLOC          
                idloc                              8000     8000        4         5

        CLASS   EEDATA         

        CLASS   BANK31         

        CLASS   BANK30         

        CLASS   BANK29         

        CLASS   BANK28         

        CLASS   BANK27         

        CLASS   BANK26         

        CLASS   BANK25         

        CLASS   BANK24         

        CLASS   BANK23         

        CLASS   BANK22         

        CLASS   BANK21         

        CLASS   BANK20         

        CLASS   BANK19         

        CLASS   BANK18         

        CLASS   BANK17         

        CLASS   BANK16         

        CLASS   BANK15         

        CLASS   BANK14         

        CLASS   BANK13         

        CLASS   HEAP           

        CLASS   STACK          



SEGMENTS        Name                           Load    Length   Top    Selector   Space  Class     Delta

                reset_vec                      000000  000004  000004         0       0  CODE        2
                intentry                       000004  00065F  000663         8       0  CODE        2
                cstackBANK0                    000020  00004D  00006D        20       1  BANK0       1
                cstackCOMMON                   000070  00000D  00007D        70       1  COMMON      1
                cstackBANK1                    0000A0  000050  0000F0        A0       1  BANK1       1
                bssBANK2                       000120  000037  000157       120       1  BANK2       1
                stringtext1                    000663  000020  000683       CC6       0  STRCODE     2
                text36                         000683  00017D  000800       D06       0  CODE        2
                text74                         000E8F  000002  000E91      1D1E       0  CODE        2
                text85                         000E91  000003  000E94      1D22       0  CODE        2
                text84                         000E94  000003  000E97      1D28       0  CODE        2
                text68                         000E97  000003  000E9A      1D2E       0  CODE        2
                text66                         000E9A  000003  000E9D      1D34       0  CODE        2
                text62                         000E9D  000003  000EA0      1D3A       0  CODE        2
                text45                         000EA0  000003  000EA3      1D40       0  CODE        2
                text41                         000EA3  000003  000EA6      1D46       0  CODE        2
                text40                         000EA6  000003  000EA9      1D4C       0  CODE        2
                text39                         000EA9  000003  000EAC      1D52       0  CODE        2
                text37                         000EAC  000003  000EAF      1D58       0  CODE        2
                text34                         000EAF  000003  000EB2      1D5E       0  CODE        2
                text67                         000EB2  000004  000EB6      1D64       0  CODE        2
                text65                         000EB6  000004  000EBA      1D6C       0  CODE        2
                text43                         000EBA  000004  000EBE      1D74       0  CODE        2
                text2                          000EBE  000004  000EC2      1D7C       0  CODE        2
                text64                         000EC2  000005  000EC7      1D84       0  CODE        2
                text60                         000EC7  000005  000ECC      1D8E       0  CODE        2
                text54                         000ECC  000005  000ED1      1D98       0  CODE        2
                text53                         000ED1  000005  000ED6      1DA2       0  CODE        2
                text52                         000ED6  000005  000EDB      1DAC       0  CODE        2
                text51                         000EDB  000005  000EE0      1DB6       0  CODE        2
                text50                         000EE0  000005  000EE5      1DC0       0  CODE        2
                text49                         000EE5  000005  000EEA      1DCA       0  CODE        2
                text48                         000EEA  000005  000EEF      1DD4       0  CODE        2
                text47                         000EEF  000005  000EF4      1DDE       0  CODE        2
                text35                         000EF4  000005  000EF9      1DE8       0  CODE        2
                text63                         000EF9  000006  000EFF      1DF2       0  CODE        2
                clrtext                        000EFF  000006  000F05      1DFE       0  CODE        2
                inittext                       000F05  000006  000F0B      1E0A       0  CODE        2
                text55                         000F0B  000007  000F12      1E16       0  CODE        2
                text22                         000F12  000007  000F19      1E24       0  CODE        2
                text58                         000F19  000008  000F21      1E32       0  CODE        2
                text3                          000F21  000008  000F29      1E42       0  CODE        2
                text59                         000F29  000009  000F32      1E52       0  CODE        2
                text32                         000F32  000009  000F3B      1E64       0  CODE        2
                text10                         000F3B  000009  000F44      1E76       0  CODE        2
                text9                          000F44  000009  000F4D      1E88       0  CODE        2
                text8                          000F4D  000009  000F56      1E9A       0  CODE        2
                text6                          000F56  000009  000F5F      1EAC       0  CODE        2
                text5                          000F5F  000009  000F68      1EBE       0  CODE        2
                text23                         000F68  00000A  000F72      1ED0       0  CODE        2
                text81                         000F72  00000D  000F7F      1EE4       0  CODE        2
                text29                         000F7F  00000E  000F8D      1EFE       0  CODE        2
                text27                         000F8D  00000E  000F9B      1F1A       0  CODE        2
                text83                         000F9B  000010  000FAB      1F36       0  CODE        2
                text80                         000FAB  000011  000FBC      1F56       0  CODE        2
                text79                         000FBC  000011  000FCD      1F78       0  CODE        2
                text78                         000FCD  000011  000FDE      1F9A       0  CODE        2
                text77                         000FDE  000011  000FEF      1FBC       0  CODE        2
                text76                         000FEF  000011  001000      1FDE       0  CODE        2
                stringtext2                    001000  000005  001005      2000       0  STRCODE     2


UNUSED ADDRESS RANGES

        Name                Unused          Largest block    Delta
        BANK0            0006D-0006F               3           1
        BANK10           00520-0056F              50           1
        BANK11           005A0-005EF              50           1
        BANK12           00620-0064F              30           1
        BANK2            00157-0016F              19           1
        BANK3            001A0-001EF              50           1
        BANK4            00220-0026F              50           1
        BANK5            002A0-002EF              50           1
        BANK6            00320-0036F              50           1
        BANK7            003A0-003EF              50           1
        BANK8            00420-0046F              50           1
        BANK9            004A0-004EF              50           1
        BIGRAM           02000-023EF             3F0           1
        CODE             00800-00E8E             68F           2
                         01005-01FFF             7FB
        COMMON           0007D-0007D               1           1
        CONST            00800-00E8E             100           2
                         01005-01FFF             100
        EEDATA           0F000-0F0FF             100           2
        ENTRY            00800-00E8E             100           2
                         01005-01FFF             100
        RAM              0006D-0006F               3           1
                         00157-0016F              19
                         001A0-001EF              50
                         00220-0026F              50
                         002A0-002EF              50
                         00320-0036F              50
                         003A0-003EF              50
                         00420-0046F              50
                         004A0-004EF              50
                         00520-0056F              50
                         005A0-005EF              50
                         00620-0064F              30
        SFR0             00000-0001F              20           1
        SFR1             00080-0009F              20           1
        SFR10            00500-0051F              20           1
        SFR11            00580-0059F              20           1
        SFR12            00600-0061F              20           1
        SFR13            00680-006EF              70           1
        SFR14            00700-0076F              70           1
        SFR15            00780-007EF              70           1
        SFR16            00800-0086F              70           1
        SFR17            00880-008EF              70           1
        SFR18            00900-0096F              70           1
        SFR19            00980-009EF              70           1
        SFR2             00100-0011F              20           1
        SFR20            00A00-00A6F              70           1
        SFR21            00A80-00AEF              70           1
        SFR22            00B00-00B6F              70           1
        SFR23            00B80-00BEF              70           1
        SFR24            00C00-00C6F              70           1
        SFR25            00C80-00CEF              70           1
        SFR26            00D00-00D6F              70           1
        SFR27            00D80-00DEF              70           1
        SFR28            00E00-00E6F              70           1
        SFR29            00E80-00EEF              70           1
        SFR3             00180-0019F              20           1
        SFR30            00F00-00F6F              70           1
        SFR31            00F80-00FEF              70           1
        SFR4             00200-0021F              20           1
        SFR5             00280-0029F              20           1
        SFR6             00300-0031F              20           1
        SFR7             00380-0039F              20           1
        SFR8             00400-0041F              20           1
        SFR9             00480-0049F              20           1
        STRCODE          00800-00E8E             68F           2
                         01005-01FFF             FFB
        STRING           00800-00E8E             100           2
                         01005-01FFF             100

                                  Symbol Table

?_isalpha                                                cstackBANK0  00023
?_islower                                                cstackBANK0  00023
?_isupper                                                cstackBANK0  00023
?_pad                                                    cstackBANK0  00035
?_printf                                                 cstackBANK1  000AF
?_strlen                                                 cstackBANK0  00023
?_toupper                                                cstackBANK0  00029
?_vfpfcnvrt                                              cstackBANK0  00060
?_vfprintf                                               cstackBANK0  00067
?_xtoa                                                   cstackBANK0  0003E
EUSART_SetErrorHandler@interruptHandler                  cstackBANK0  00023
EUSART_SetFramingErrorHandler@interruptHandler           cstackBANK0  00023
EUSART_SetOverrunErrorHandler@interruptHandler           cstackBANK0  00023
EUSART_Write@txData                                      cstackBANK0  00023
I2C1_Close@returnValue                                   cstackBANK0  00024
I2C1_MasterOperation@read                                cstackBANK0  00024
I2C1_MasterOperation@returnValue                         cstackBANK0  00025
I2C1_MasterSendTxData@data                               cstackCOMMON 00070
I2C1_Open@address                                        cstackBANK0  00026
I2C1_Open@returnValue                                    cstackBANK0  00027
I2C1_SetAddressNackCallback@cb                           cstackBANK0  00028
I2C1_SetAddressNackCallback@ptr                          cstackBANK0  0002A
I2C1_SetBuffer@buffer                                    cstackBANK0  00026
I2C1_SetBuffer@bufferSize                                cstackBANK0  00023
I2C1_SetCallback@cb                                      cstackBANK0  00023
I2C1_SetCallback@idx                                     cstackBANK0  00027
I2C1_SetCallback@ptr                                     cstackBANK0  00025
I2C1_SetDataCompleteCallback@cb                          cstackBANK0  00028
I2C1_SetDataCompleteCallback@ptr                         cstackBANK0  0002A
I2C1_SetInterruptHandler@InterruptHandler                cstackBANK0  00023
I2CSIMPLE_example@F7114                                  dataBANK2    00140
I2CSIMPLE_example@receiveData                            cstackBANK1  000C8
I2CSIMPLE_example@sendData                               cstackBANK1  000B7
_ANSELA                                                  (abs)        0018C
_ANSELB                                                  (abs)        0018D
_ANSELC                                                  (abs)        0018E
_BAUD1CON                                                (abs)        0019F
_EUSART_DefaultErrorHandler                              (abs)        00000
_EUSART_DefaultFramingErrorHandler                       (abs)        00000
_EUSART_DefaultOverrunErrorHandler                       (abs)        00000
_EUSART_ErrorHandler                                     nvBANK2      00151
_EUSART_FramingErrorHandler                              nvBANK1      000EE
_EUSART_Initialize                                       text7        005F6
_EUSART_OverrunErrorHandler                              nvBANK2      00153
_EUSART_SetErrorHandler                                  text10       00F3B
_EUSART_SetFramingErrorHandler                           text9        00F44
_EUSART_SetOverrunErrorHandler                           text8        00F4D
_EUSART_Write                                            text23       00F68
_I2C1_CallbackReturnReset                                text73       00002
_I2C1_CallbackReturnStop                                 text74       00E8F
_I2C1_Close                                              text38       00642
_I2C1_DO_ADDRESS_NACK                                    text46       0057A
_I2C1_DO_IDLE                                            text60       00EC7
_I2C1_DO_RCEN                                            text55       00F0B
_I2C1_DO_RESET                                           text47       00EEF
_I2C1_DO_RX                                              text56       003F1
_I2C1_DO_RX_ACK                                          text50       00EE0
_I2C1_DO_RX_NACK_RESTART                                 text48       00EEA
_I2C1_DO_RX_NACK_STOP                                    text49       00EE5
_I2C1_DO_SEND_ADR_READ                                   text59       00F29
_I2C1_DO_SEND_ADR_WRITE                                  text58       00F19
_I2C1_DO_SEND_RESTART                                    text52       00ED6
_I2C1_DO_SEND_RESTART_READ                               text54       00ECC
_I2C1_DO_SEND_RESTART_WRITE                              text53       00ED1
_I2C1_DO_SEND_STOP                                       text51       00EDB
_I2C1_DO_TX                                              text57       002FE
_I2C1_DO_TX_EMPTY                                        text61       0051D
_I2C1_Initialize                                         text6        00F56
_I2C1_MasterClearIrq                                     text41       00EA3
_I2C1_MasterClose                                        text40       00EA6
_I2C1_MasterDisableIrq                                   text39       00EA9
_I2C1_MasterEnableIrq                                    text34       00EAF
_I2C1_MasterEnableRestart                                text85       00E91
_I2C1_MasterFsm                                          text44       0054C
_I2C1_MasterGetRxData                                    text66       00E9A
_I2C1_MasterIsNack                                       text63       00EF9
_I2C1_MasterIsr                                          text43       00EBA
_I2C1_MasterOpen                                         text33       007F3
_I2C1_MasterOperation                                    text36       00683
_I2C1_MasterSendAck                                      text65       00EB6
_I2C1_MasterSendNack                                     text67       00EB2
_I2C1_MasterSendTxData                                   text64       00EC2
_I2C1_MasterSetIrq                                       text62       00E9D
_I2C1_MasterStart                                        text37       00EAC
_I2C1_MasterStartRx                                      text68       00E97
_I2C1_MasterStop                                         text84       00E94
_I2C1_MasterWrite                                        text35       00EF4
_I2C1_Open                                               text31       003A5
_I2C1_SetAddressNackCallback                             text29       00F7F
_I2C1_SetBuffer                                          text28       00785
_I2C1_SetCallback                                        text30       005CF
_I2C1_SetDataCompleteCallback                            text27       00F8D
_I2C1_SetInterruptHandler                                text32       00F32
_I2C1_Status                                             bssBANK1     000C9
_I2CSIMPLE_example                                       text11       004E8
_INLVLA                                                  (abs)        0038C
_INLVLB                                                  (abs)        0038D
_INLVLC                                                  (abs)        0038E
_INTCONbits                                              (abs)        0000B
_INTERRUPT_InterruptManager                              intentry     00004
_LATA                                                    (abs)        0010C
_LATB                                                    (abs)        0010D
_LATC                                                    (abs)        0010E
_MSSP1_InterruptHandler                                  bssBANK1     000EC
_ODCONA                                                  (abs)        0028C
_ODCONB                                                  (abs)        0028D
_ODCONC                                                  (abs)        0028E
_OSCCON1                                                 (abs)        00919
_OSCCON3                                                 (abs)        0091B
_OSCEN                                                   (abs)        0091D
_OSCFRQ                                                  (abs)        0091F
_OSCILLATOR_Initialize                                   text5        00F5F
_OSCTUNE                                                 (abs)        0091E
_PIE1bits                                                (abs)        00091
_PIN_MANAGER_Initialize                                  text4        0047A
_PIR1bits                                                (abs)        00011
_PMD0                                                    (abs)        00911
_PMD1                                                    (abs)        00912
_PMD2                                                    (abs)        00913
_PMD3                                                    (abs)        00914
_PMD4                                                    (abs)        00915
_PMD5                                                    (abs)        00916
_PMD_Initialize                                          text3        00F21
_RB7PPS                                                  (abs)        00E9F
_RC1PPS                                                  (abs)        00EA1
_RC1REG                                                  (abs)        00199
_RC1STA                                                  (abs)        0019D
_RC1STAbits                                              (abs)        0019D
_RC2PPS                                                  (abs)        00EA2
_RXPPS                                                   (abs)        00E24
_SLRCONA                                                 (abs)        0030C
_SLRCONB                                                 (abs)        0030D
_SLRCONC                                                 (abs)        0030E
_SP1BRGH                                                 (abs)        0019C
_SP1BRGL                                                 (abs)        0019B
_SSP1ADD                                                 (abs)        00212
_SSP1BUF                                                 (abs)        00211
_SSP1CLKPPS                                              (abs)        00E20
_SSP1CON1                                                (abs)        00215
_SSP1CON1bits                                            (abs)        00215
_SSP1CON2                                                (abs)        00216
_SSP1CON2bits                                            (abs)        00216
_SSP1DATPPS                                              (abs)        00E21
_SSP1STAT                                                (abs)        00214
_SSP1STATbits                                            (abs)        00214
_SYSTEM_Initialize                                       text1        0079C
_TRISA                                                   (abs)        0008C
_TRISB                                                   (abs)        0008D
_TRISC                                                   (abs)        0008E
_TX1REG                                                  (abs)        0019A
_TX1STA                                                  (abs)        0019E
_TX1STAbits                                              (abs)        0019E
_WDTCON                                                  (abs)        00097
_WDT_Initialize                                          text2        00EBE
_WPUA                                                    (abs)        0020C
_WPUB                                                    (abs)        0020D
_WPUC                                                    (abs)        0020E
__Habs1                                                  abs1         00000
__Hbank0                                                 bank0        00000
__Hbank1                                                 bank1        00000
__Hbank10                                                bank10       00000
__Hbank11                                                bank11       00000
__Hbank12                                                bank12       00000
__Hbank13                                                bank13       00000
__Hbank14                                                bank14       00000
__Hbank15                                                bank15       00000
__Hbank16                                                bank16       00000
__Hbank17                                                bank17       00000
__Hbank18                                                bank18       00000
__Hbank19                                                bank19       00000
__Hbank2                                                 bank2        00000
__Hbank20                                                bank20       00000
__Hbank21                                                bank21       00000
__Hbank22                                                bank22       00000
__Hbank23                                                bank23       00000
__Hbank24                                                bank24       00000
__Hbank25                                                bank25       00000
__Hbank26                                                bank26       00000
__Hbank27                                                bank27       00000
__Hbank28                                                bank28       00000
__Hbank29                                                bank29       00000
__Hbank3                                                 bank3        00000
__Hbank30                                                bank30       00000
__Hbank31                                                bank31       00000
__Hbank4                                                 bank4        00000
__Hbank5                                                 bank5        00000
__Hbank6                                                 bank6        00000
__Hbank7                                                 bank7        00000
__Hbank8                                                 bank8        00000
__Hbank9                                                 bank9        00000
__Hbigram                                                bigram       00000
__HbssBANK0                                              bssBANK0     00000
__HbssBANK1                                              bssBANK1     00000
__HbssBANK2                                              bssBANK2     00000
__Hcinit                                                 cinit        0004D
__Hclrtext                                               clrtext      00000
__Hcode                                                  code         00000
__Hcommon                                                common       00000
__Hconfig                                                config       0800B
__HcstackBANK0                                           cstackBANK0  00000
__HcstackBANK1                                           cstackBANK1  00000
__HcstackBANK2                                           cstackBANK2  00000
__HcstackCOMMON                                          cstackCOMMON 00000
__HdataBANK2                                             dataBANK2    00000
__Heeprom_data                                           eeprom_data  00000
__Hend_init                                              end_init     0002A
__Hfunctab                                               functab      00000
__Hheap                                                  heap         00000
__HidataBANK2                                            idataBANK2   00000
__Hidloc                                                 idloc        08004
__Hinit                                                  init         00028
__Hinittext                                              inittext     00000
__Hintentry                                              intentry     00028
__Hmaintext                                              maintext     00000
__HnvBANK1                                               nvBANK1      00000
__HnvBANK2                                               nvBANK2      00000
__Hpowerup                                               powerup      00000
__Hram                                                   ram          00000
__Hreset_vec                                             reset_vec    00002
__Hsfr0                                                  sfr0         00000
__Hsfr1                                                  sfr1         00000
__Hsfr10                                                 sfr10        00000
__Hsfr11                                                 sfr11        00000
__Hsfr12                                                 sfr12        00000
__Hsfr13                                                 sfr13        00000
__Hsfr14                                                 sfr14        00000
__Hsfr15                                                 sfr15        00000
__Hsfr16                                                 sfr16        00000
__Hsfr17                                                 sfr17        00000
__Hsfr18                                                 sfr18        00000
__Hsfr19                                                 sfr19        00000
__Hsfr2                                                  sfr2         00000
__Hsfr20                                                 sfr20        00000
__Hsfr21                                                 sfr21        00000
__Hsfr22                                                 sfr22        00000
__Hsfr23                                                 sfr23        00000
__Hsfr24                                                 sfr24        00000
__Hsfr25                                                 sfr25        00000
__Hsfr26                                                 sfr26        00000
__Hsfr27                                                 sfr27        00000
__Hsfr28                                                 sfr28        00000
__Hsfr29                                                 sfr29        00000
__Hsfr3                                                  sfr3         00000
__Hsfr30                                                 sfr30        00000
__Hsfr31                                                 sfr31        00000
__Hsfr4                                                  sfr4         00000
__Hsfr5                                                  sfr5         00000
__Hsfr6                                                  sfr6         00000
__Hsfr7                                                  sfr7         00000
__Hsfr8                                                  sfr8         00000
__Hsfr9                                                  sfr9         00000
__Hspace_0                                               (abs)        01005
__Hspace_1                                               (abs)        00157
__Hspace_2                                               (abs)        00000
__Hspace_3                                               (abs)        00000
__Hspace_4                                               (abs)        10012
__Hstack                                                 stack        00000
__Hstrings                                               strings      00000
__Hstringtext1                                           stringtext1  00000
__Hstringtext2                                           stringtext2  00000
__Hstringtext3                                           stringtext3  00000
__Htext                                                  text         00000
__Labs1                                                  abs1         00000
__Lbank0                                                 bank0        00000
__Lbank1                                                 bank1        00000
__Lbank10                                                bank10       00000
__Lbank11                                                bank11       00000
__Lbank12                                                bank12       00000
__Lbank13                                                bank13       00000
__Lbank14                                                bank14       00000
__Lbank15                                                bank15       00000
__Lbank16                                                bank16       00000
__Lbank17                                                bank17       00000
__Lbank18                                                bank18       00000
__Lbank19                                                bank19       00000
__Lbank2                                                 bank2        00000
__Lbank20                                                bank20       00000
__Lbank21                                                bank21       00000
__Lbank22                                                bank22       00000
__Lbank23                                                bank23       00000
__Lbank24                                                bank24       00000
__Lbank25                                                bank25       00000
__Lbank26                                                bank26       00000
__Lbank27                                                bank27       00000
__Lbank28                                                bank28       00000
__Lbank29                                                bank29       00000
__Lbank3                                                 bank3        00000
__Lbank30                                                bank30       00000
__Lbank31                                                bank31       00000
__Lbank4                                                 bank4        00000
__Lbank5                                                 bank5        00000
__Lbank6                                                 bank6        00000
__Lbank7                                                 bank7        00000
__Lbank8                                                 bank8        00000
__Lbank9                                                 bank9        00000
__Lbigram                                                bigram       00000
__LbssBANK0                                              bssBANK0     00000
__LbssBANK1                                              bssBANK1     00000
__LbssBANK2                                              bssBANK2     00000
__Lcinit                                                 cinit        0002A
__Lclrtext                                               clrtext      00000
__Lcode                                                  code         00000
__Lcommon                                                common       00000
__Lconfig                                                config       00000
__LcstackBANK0                                           cstackBANK0  00000
__LcstackBANK1                                           cstackBANK1  00000
__LcstackBANK2                                           cstackBANK2  00000
__LcstackCOMMON                                          cstackCOMMON 00000
__LdataBANK2                                             dataBANK2    00000
__Leeprom_data                                           eeprom_data  00000
__Lend_init                                              end_init     00028
__Lfunctab                                               functab      00000
__Lheap                                                  heap         00000
__LidataBANK2                                            idataBANK2   00000
__Lidloc                                                 idloc        00000
__Linit                                                  init         00028
__Linittext                                              inittext     00000
__Lintentry                                              intentry     00004
__Lmaintext                                              maintext     00000
__LnvBANK1                                               nvBANK1      00000
__LnvBANK2                                               nvBANK2      00000
__Lpowerup                                               powerup      00000
__Lram                                                   ram          00000
__Lreset_vec                                             reset_vec    00000
__Lsfr0                                                  sfr0         00000
__Lsfr1                                                  sfr1         00000
__Lsfr10                                                 sfr10        00000
__Lsfr11                                                 sfr11        00000
__Lsfr12                                                 sfr12        00000
__Lsfr13                                                 sfr13        00000
__Lsfr14                                                 sfr14        00000
__Lsfr15                                                 sfr15        00000
__Lsfr16                                                 sfr16        00000
__Lsfr17                                                 sfr17        00000
__Lsfr18                                                 sfr18        00000
__Lsfr19                                                 sfr19        00000
__Lsfr2                                                  sfr2         00000
__Lsfr20                                                 sfr20        00000
__Lsfr21                                                 sfr21        00000
__Lsfr22                                                 sfr22        00000
__Lsfr23                                                 sfr23        00000
__Lsfr24                                                 sfr24        00000
__Lsfr25                                                 sfr25        00000
__Lsfr26                                                 sfr26        00000
__Lsfr27                                                 sfr27        00000
__Lsfr28                                                 sfr28        00000
__Lsfr29                                                 sfr29        00000
__Lsfr3                                                  sfr3         00000
__Lsfr30                                                 sfr30        00000
__Lsfr31                                                 sfr31        00000
__Lsfr4                                                  sfr4         00000
__Lsfr5                                                  sfr5         00000
__Lsfr6                                                  sfr6         00000
__Lsfr7                                                  sfr7         00000
__Lsfr8                                                  sfr8         00000
__Lsfr9                                                  sfr9         00000
__Lspace_0                                               (abs)        00000
__Lspace_1                                               (abs)        00000
__Lspace_2                                               (abs)        00000
__Lspace_3                                               (abs)        00000
__Lspace_4                                               (abs)        00000
__Lstack                                                 stack        00000
__Lstrings                                               strings      00000
__Lstringtext1                                           stringtext1  00000
__Lstringtext2                                           stringtext2  00000
__Lstringtext3                                           stringtext3  00000
__Ltext                                                  text         00000
__S0                                                     (abs)        01005
__S1                                                     (abs)        00157
__S3                                                     (abs)        00000
___heap_hi                                               (abs)        00000
___heap_lo                                               (abs)        00000
___int_sp                                                stack        00000
___latbits                                               (abs)        00002
___sp                                                    stack        00000
___stackhi                                               (abs)        00000
___stacklo                                               (abs)        00000
__end_of_EUSART_Initialize                               text7        0061C
__end_of_EUSART_SetErrorHandler                          text10       00F44
__end_of_EUSART_SetFramingErrorHandler                   text9        00F4D
__end_of_EUSART_SetOverrunErrorHandler                   text8        00F56
__end_of_EUSART_Write                                    text23       00F72
__end_of_I2C1_CallbackReturnReset                        text73       00004
__end_of_I2C1_CallbackReturnStop                         text74       00E91
__end_of_I2C1_Close                                      text38       00663
__end_of_I2C1_DO_ADDRESS_NACK                            text46       005A6
__end_of_I2C1_DO_IDLE                                    text60       00ECC
__end_of_I2C1_DO_RCEN                                    text55       00F12
__end_of_I2C1_DO_RESET                                   text47       00EF4
__end_of_I2C1_DO_RX                                      text56       00437
__end_of_I2C1_DO_RX_ACK                                  text50       00EE5
__end_of_I2C1_DO_RX_NACK_RESTART                         text48       00EEF
__end_of_I2C1_DO_RX_NACK_STOP                            text49       00EEA
__end_of_I2C1_DO_SEND_ADR_READ                           text59       00F32
__end_of_I2C1_DO_SEND_ADR_WRITE                          text58       00F21
__end_of_I2C1_DO_SEND_RESTART                            text52       00EDB
__end_of_I2C1_DO_SEND_RESTART_READ                       text54       00ED1
__end_of_I2C1_DO_SEND_RESTART_WRITE                      text53       00ED6
__end_of_I2C1_DO_SEND_STOP                               text51       00EE0
__end_of_I2C1_DO_TX                                      text57       00353
__end_of_I2C1_DO_TX_EMPTY                                text61       0054C
__end_of_I2C1_Initialize                                 text6        00F5F
__end_of_I2C1_MasterClearIrq                             text41       00EA6
__end_of_I2C1_MasterClose                                text40       00EA9
__end_of_I2C1_MasterDisableIrq                           text39       00EAC
__end_of_I2C1_MasterEnableIrq                            text34       00EB2
__end_of_I2C1_MasterEnableRestart                        text85       00E94
__end_of_I2C1_MasterFsm                                  text44       0057A
__end_of_I2C1_MasterGetRxData                            text66       00E9D
__end_of_I2C1_MasterIsNack                               text63       00EFF
__end_of_I2C1_MasterIsr                                  text43       00EBE
__end_of_I2C1_MasterOpen                                 text33       00800
__end_of_I2C1_MasterOperation                            text36       006A3
__end_of_I2C1_MasterSendAck                              text65       00EBA
__end_of_I2C1_MasterSendNack                             text67       00EB6
__end_of_I2C1_MasterSendTxData                           text64       00EC7
__end_of_I2C1_MasterSetIrq                               text62       00EA0
__end_of_I2C1_MasterStart                                text37       00EAF
__end_of_I2C1_MasterStartRx                              text68       00E9A
__end_of_I2C1_MasterStop                                 text84       00E97
__end_of_I2C1_MasterWrite                                text35       00EF9
__end_of_I2C1_Open                                       text31       003F1
__end_of_I2C1_SetAddressNackCallback                     text29       00F8D
__end_of_I2C1_SetBuffer                                  text28       0079C
__end_of_I2C1_SetCallback                                text30       005F6
__end_of_I2C1_SetDataCompleteCallback                    text27       00F9B
__end_of_I2C1_SetInterruptHandler                        text32       00F3B
__end_of_I2CSIMPLE_example                               text11       0051D
__end_of_INTERRUPT_InterruptManager                      intentry     00028
__end_of_OSCILLATOR_Initialize                           text5        00F68
__end_of_PIN_MANAGER_Initialize                          text4        004B2
__end_of_PMD_Initialize                                  text3        00F29
__end_of_SYSTEM_Initialize                               text1        007AF
__end_of_WDT_Initialize                                  text2        00EC2
__end_of__initialization                                 cinit        00049
__end_of_fputc                                           text21       0047A
__end_of_fputs                                           text20       005CF
__end_of_i2c1_fsmStateTable                              stringtext1  00683
__end_of_i2c_read1ByteRegister                           text26       003A5
__end_of_isalpha                                         text25       006C2
__end_of_islower                                         text17       006F6
__end_of_isupper                                         text24       0070F
__end_of_main                                            maintext     0076E
__end_of_pad                                             text18       002FE
__end_of_printf                                          text12       00785
__end_of_putch                                           text22       00F19
__end_of_rd1RegCompleteHandler                           text79       00FCD
__end_of_rd1RegCompleteHandler@i2c_simple_master$F1026   text71       007E2
__end_of_rd2RegCompleteHandler                           text78       00FDE
__end_of_rd2RegCompleteHandler@i2c_simple_master$F1034   text70       007D1
__end_of_rdBlkRegCompleteHandler                         text75       00757
__end_of_rdBlkRegCompleteHandler@i2c_simple_master$F1046 text69       0073F
__end_of_strlen                                          text19       006DD
__end_of_toupper                                         text16       00727
__end_of_vfpfcnvrt                                       text14       002A8
__end_of_vfprintf                                        text13       004E8
__end_of_wr1RegCompleteHandler                           text77       00FEF
__end_of_wr1RegCompleteHandler@i2c_simple_master$F1016   text72       007F3
__end_of_wr2RegCompleteHandler                           text76       01000
__end_of_wr2RegCompleteHandler@i2c_simple_master$F1040   text80       00FBC
__end_of_xtoa                                            text15       001A5
__end_ofi1_I2C1_MasterClearIrq                           text45       00EA3
__end_ofi1_I2C1_SetBuffer                                text83       00FAB
__end_ofi1_I2C1_SetCallback                              text82       00642
__end_ofi1_I2C1_SetDataCompleteCallback                  text81       00F7F
__initialization                                         cinit        0002A
__pbssBANK0                                              bssBANK0     0006A
__pbssBANK1                                              bssBANK1     000C9
__pbssBANK2                                              bssBANK2     00120
__pcstackBANK0                                           cstackBANK0  00020
__pcstackBANK1                                           cstackBANK1  000A0
__pcstackBANK2                                           cstackBANK2  00155
__pcstackCOMMON                                          cstackCOMMON 00070
__pdataBANK2                                             dataBANK2    00140
__pidataBANK2                                            idataBANK2   007AF
__pintentry                                              intentry     00004
__pmaintext                                              maintext     00757
__pnvBANK1                                               nvBANK1      000EE
__pnvBANK2                                               nvBANK2      00151
__pstringtext1                                           stringtext1  00663
__pstringtext2                                           stringtext2  01000
__pstringtext3                                           stringtext3  00000
__ptext1                                                 text1        0079C
__ptext10                                                text10       00F3B
__ptext11                                                text11       004E8
__ptext12                                                text12       0076E
__ptext13                                                text13       004B2
__ptext14                                                text14       001A5
__ptext15                                                text15       0004D
__ptext16                                                text16       0070F
__ptext17                                                text17       006DD
__ptext18                                                text18       002A8
__ptext19                                                text19       006C2
__ptext2                                                 text2        00EBE
__ptext20                                                text20       005A6
__ptext21                                                text21       00437
__ptext22                                                text22       00F12
__ptext23                                                text23       00F68
__ptext24                                                text24       006F6
__ptext25                                                text25       006A3
__ptext26                                                text26       00353
__ptext27                                                text27       00F8D
__ptext28                                                text28       00785
__ptext29                                                text29       00F7F
__ptext3                                                 text3        00F21
__ptext30                                                text30       005CF
__ptext31                                                text31       003A5
__ptext32                                                text32       00F32
__ptext33                                                text33       007F3
__ptext34                                                text34       00EAF
__ptext35                                                text35       00EF4
__ptext36                                                text36       00683
__ptext37                                                text37       00EAC
__ptext38                                                text38       00642
__ptext39                                                text39       00EA9
__ptext4                                                 text4        0047A
__ptext40                                                text40       00EA6
__ptext41                                                text41       00EA3
__ptext43                                                text43       00EBA
__ptext44                                                text44       0054C
__ptext45                                                text45       00EA0
__ptext46                                                text46       0057A
__ptext47                                                text47       00EEF
__ptext48                                                text48       00EEA
__ptext49                                                text49       00EE5
__ptext5                                                 text5        00F5F
__ptext50                                                text50       00EE0
__ptext51                                                text51       00EDB
__ptext52                                                text52       00ED6
__ptext53                                                text53       00ED1
__ptext54                                                text54       00ECC
__ptext55                                                text55       00F0B
__ptext56                                                text56       003F1
__ptext57                                                text57       002FE
__ptext58                                                text58       00F19
__ptext59                                                text59       00F29
__ptext6                                                 text6        00F56
__ptext60                                                text60       00EC7
__ptext61                                                text61       0051D
__ptext62                                                text62       00E9D
__ptext63                                                text63       00EF9
__ptext64                                                text64       00EC2
__ptext65                                                text65       00EB6
__ptext66                                                text66       00E9A
__ptext67                                                text67       00EB2
__ptext68                                                text68       00E97
__ptext69                                                text69       00727
__ptext7                                                 text7        005F6
__ptext70                                                text70       007C0
__ptext71                                                text71       007D1
__ptext72                                                text72       007E2
__ptext73                                                text73       00002
__ptext74                                                text74       00E8F
__ptext75                                                text75       0073F
__ptext76                                                text76       00FEF
__ptext77                                                text77       00FDE
__ptext78                                                text78       00FCD
__ptext79                                                text79       00FBC
__ptext8                                                 text8        00F4D
__ptext80                                                text80       00FAB
__ptext81                                                text81       00F72
__ptext82                                                text82       0061C
__ptext83                                                text83       00F9B
__ptext84                                                text84       00E94
__ptext85                                                text85       00E91
__ptext9                                                 text9        00F44
_dbuf                                                    bssBANK2     00120
_eusartRxLastError                                       bssBANK0     0006C
_flags                                                   bssBANK0     0006A
_fputc                                                   text21       00437
_fputs                                                   text20       005A6
_i2c1_fsmStateTable                                      stringtext1  00663
_i2c_read1ByteRegister                                   text26       00353
_isalpha                                                 text25       006A3
_islower                                                 text17       006DD
_isupper                                                 text24       006F6
_main                                                    maintext     00757
_nout                                                    bssBANK1     000E6
_pad                                                     text18       002A8
_prec                                                    bssBANK1     000EA
_printf                                                  text12       0076E
_putch                                                   text22       00F12
_rd1RegCompleteHandler                                   text79       00FBC
_rd1RegCompleteHandler@i2c_simple_master$F1026           text71       007D1
_rd2RegCompleteHandler                                   text78       00FCD
_rd2RegCompleteHandler@i2c_simple_master$F1034           text70       007C0
_rdBlkRegCompleteHandler                                 text75       0073F
_rdBlkRegCompleteHandler@i2c_simple_master$F1046         text69       00727
_strlen                                                  text19       006C2
_toupper                                                 text16       0070F
_vfpfcnvrt                                               text14       001A5
_vfprintf                                                text13       004B2
_width                                                   bssBANK1     000E8
_wr1RegCompleteHandler                                   text77       00FDE
_wr1RegCompleteHandler@i2c_simple_master$F1016           text72       007E2
_wr2RegCompleteHandler                                   text76       00FEF
_wr2RegCompleteHandler@i2c_simple_master$F1040           text80       00FAB
_xtoa                                                    text15       0004D
btemp                                                    (abs)        0007E
clear_ram0                                               clrtext      00EFF
end_of_initialization                                    cinit        00049
fputc@c                                                  cstackBANK0  00025
fputc@fp                                                 cstackBANK0  00027
fputs@c                                                  cstackBANK0  00031
fputs@fp                                                 cstackBANK0  0002D
fputs@i                                                  cstackBANK0  00032
fputs@s                                                  cstackBANK0  00034
i1I2C1_SetBuffer@buffer                                  cstackCOMMON 00073
i1I2C1_SetBuffer@bufferSize                              cstackCOMMON 00070
i1I2C1_SetCallback@cb                                    cstackCOMMON 00070
i1I2C1_SetCallback@idx                                   cstackCOMMON 00074
i1I2C1_SetCallback@ptr                                   cstackCOMMON 00072
i1I2C1_SetDataCompleteCallback@cb                        cstackCOMMON 00075
i1I2C1_SetDataCompleteCallback@ptr                       cstackCOMMON 00077
i1_I2C1_MasterClearIrq                                   text45       00EA0
i1_I2C1_SetBuffer                                        text83       00F9B
i1_I2C1_SetCallback                                      text82       0061C
i1_I2C1_SetDataCompleteCallback                          text81       00F72
i2c_read1ByteRegister@address                            cstackBANK0  0002E
i2c_read1ByteRegister@d2                                 cstackBANK0  00032
i2c_read1ByteRegister@e                                  cstackBANK0  0002F
i2c_read1ByteRegister@reg                                cstackBANK0  0002C
i2c_read1ByteRegister@x                                  cstackBANK0  00030
init_ram                                                 inittext     00F05
int$flags                                                (abs)        0007E
intlevel0                                                functab      00000
intlevel1                                                functab      00000
intlevel2                                                functab      00000
intlevel3                                                functab      00000
intlevel4                                                functab      00000
intlevel5                                                functab      00000
isalpha@c                                                cstackBANK0  00023
islower@c                                                cstackBANK0  00023
isupper@c                                                cstackBANK0  00023
pad@buf                                                  cstackBANK0  00035
pad@fp                                                   cstackBANK0  0003D
pad@i                                                    cstackBANK0  00039
pad@p                                                    cstackBANK0  00036
pad@w                                                    cstackBANK0  0003B
printf@ap                                                cstackBANK1  000B4
printf@fmt                                               cstackBANK1  000AF
putch@txData                                             cstackBANK0  00024
rd1RegCompleteHandler@i2c_simple_master$F1026@p          cstackCOMMON 00079
rd1RegCompleteHandler@ptr                                cstackCOMMON 00079
rd2RegCompleteHandler@i2c_simple_master$F1034@p          cstackCOMMON 00079
rd2RegCompleteHandler@ptr                                cstackCOMMON 00079
rdBlkRegCompleteHandler@i2c_simple_master$F1046@p        cstackCOMMON 00079
rdBlkRegCompleteHandler@ptr                              cstackCOMMON 00079
reset_vec                                                reset_vec    00000
start                                                    init         00028
start_initialization                                     cinit        0002A
strlen@a                                                 cstackBANK0  00026
strlen@s                                                 cstackBANK0  00027
toupper@c                                                cstackBANK0  00029
vfpfcnvrt@ap                                             cstackBANK0  00061
vfpfcnvrt@c                                              cstackBANK1  000A8
vfpfcnvrt@fmt                                            cstackBANK0  00060
vfpfcnvrt@fp                                             cstackBANK1  000A9
vfpfcnvrt@llu                                            cstackBANK1  000A0
vfprintf@ap                                              cstackBANK0  00069
vfprintf@cfmt                                            cstackBANK1  000AD
vfprintf@fmt                                             cstackBANK0  00067
vfprintf@fp                                              cstackBANK1  000AC
wr1RegCompleteHandler@i2c_simple_master$F1016@p          cstackCOMMON 00079
wr1RegCompleteHandler@ptr                                cstackCOMMON 00079
wr2RegCompleteHandler@i2c_simple_master$F1040@p          cstackCOMMON 00079
wr2RegCompleteHandler@ptr                                cstackCOMMON 00079
wtemp0                                                   (abs)        0007E
xtoa@c                                                   cstackBANK0  0005E
xtoa@d                                                   cstackBANK0  0003E
xtoa@fp                                                  cstackBANK0  00051
xtoa@i                                                   cstackBANK0  0005C
xtoa@n                                                   cstackBANK0  00054
xtoa@p                                                   cstackBANK0  0004F
xtoa@w                                                   cstackBANK0  00052
xtoa@x                                                   cstackBANK0  00046


MODULE INFORMATION

Module		Function		Class		Link	Load	Size
C:\Program Files\Microchip\xc8\v2.35\pic\sources\c99\common\isupper.c
		_isupper       		CODE           	06F6	0000	25

C:\Program Files\Microchip\xc8\v2.35\pic\sources\c99\common\isupper.c estimated size: 25

mcc_generated_files/examples/i2c1_master_example.c
		_wr1RegCompleteHandler		CODE           	0FDE	0000	17
		_wr2RegCompleteHandler		CODE           	0FEF	0000	17
		_rdBlkRegCompleteHandler		CODE           	073F	0000	24
		_rd1RegCompleteHandler		CODE           	0FBC	0000	17
		_rd2RegCompleteHandler		CODE           	0FCD	0000	17

mcc_generated_files/examples/i2c1_master_example.c estimated size: 92

mcc_generated_files/i2c1_master.c
		_I2C1_DO_SEND_RESTART		CODE           	0ED6	0000	5
		_I2C1_DO_TX_EMPTY		CODE           	051D	0000	47
		_I2C1_DO_SEND_RESTART_READ		CODE           	0ECC	0000	5
		_I2C1_CallbackReturnStop		CODE           	0E8F	0000	2
		_I2C1_DO_RX    		CODE           	03F1	0000	70
		_I2C1_DO_TX    		CODE           	02FE	0000	85
		_I2C1_SetAddressNackCallback		CODE           	0F7F	0000	14
		_I2C1_DO_IDLE  		CODE           	0EC7	0000	5
		_I2C1_MasterOpen		CODE           	07F3	0000	13
		_I2C1_DO_RCEN  		CODE           	0F0B	0000	7
		_I2C1_MasterSendTxData		CODE           	0EC2	0000	5
		_I2C1_MasterStop		CODE           	0E94	0000	3
		_I2C1_CallbackReturnReset		CODE           	0002	0000	2
		_I2C1_DO_RESET 		CODE           	0EEF	0000	5
		_I2C1_MasterStartRx		CODE           	0E97	0000	3
		_I2C1_DO_RX_ACK		CODE           	0EE0	0000	5
		_I2C1_MasterSendNack		CODE           	0EB2	0000	4
		_I2C1_DO_RX_NACK_RESTART		CODE           	0EEA	0000	5
		_I2C1_MasterDisableIrq		CODE           	0EA9	0000	3
		_I2C1_MasterOperation		CODE           	0683	0000	32
		_I2C1_SetCallback		CODE           	05CF	0000	39
		_I2C1_MasterEnableRestart		CODE           	0E91	0000	3
		_I2C1_Open     		CODE           	03A5	0000	76
		_I2C1_DO_ADDRESS_NACK		CODE           	057A	0000	44
		_I2C1_SetBuffer		CODE           	0785	0000	23
		_I2C1_DO_SEND_RESTART_WRITE		CODE           	0ED1	0000	5
		_I2C1_MasterClose		CODE           	0EA6	0000	3
		_I2C1_MasterWrite		CODE           	0EF4	0000	5
		_I2C1_Initialize		CODE           	0F56	0000	9
		_I2C1_Close    		CODE           	0642	0000	33
		_I2C1_MasterIsNack		CODE           	0EF9	0000	6
		_I2C1_MasterStart		CODE           	0EAC	0000	3
		_I2C1_DO_SEND_ADR_WRITE		CODE           	0F19	0000	8
		_I2C1_MasterClearIrq		CODE           	0EA3	0000	3
		_I2C1_SetDataCompleteCallback		CODE           	0F8D	0000	14
		_I2C1_DO_SEND_STOP		CODE           	0EDB	0000	5
		_I2C1_MasterSendAck		CODE           	0EB6	0000	4
		_I2C1_MasterFsm		CODE           	054C	0000	46
		_I2C1_MasterIsr		CODE           	0EBA	0000	4
		_I2C1_MasterGetRxData		CODE           	0E9A	0000	3
		_I2C1_SetInterruptHandler		CODE           	0F32	0000	9
		_I2C1_MasterSetIrq		CODE           	0E9D	0000	3
		_I2C1_DO_SEND_ADR_READ		CODE           	0F29	0000	9
		_I2C1_MasterEnableIrq		CODE           	0EAF	0000	3
		_I2C1_DO_RX_NACK_STOP		CODE           	0EE5	0000	5

mcc_generated_files/i2c1_master.c estimated size: 685

C:\Program Files\Microchip\xc8\v2.35\pic\sources\c99\common\islower.c
		_islower       		CODE           	06DD	0000	25

C:\Program Files\Microchip\xc8\v2.35\pic\sources\c99\common\islower.c estimated size: 25

mcc_generated_files/interrupt_manager.c
		_INTERRUPT_InterruptManager		CODE           	0004	0000	36

mcc_generated_files/interrupt_manager.c estimated size: 36

C:\Program Files\Microchip\xc8\v2.35\pic\sources\c99\common\toupper.c
		_toupper       		CODE           	070F	0000	24

C:\Program Files\Microchip\xc8\v2.35\pic\sources\c99\common\toupper.c estimated size: 24

C:\Program Files\Microchip\xc8\v2.35\pic\sources\c99\common\nf_fputc.c
		_fputc         		CODE           	0437	0000	67

C:\Program Files\Microchip\xc8\v2.35\pic\sources\c99\common\nf_fputc.c estimated size: 67

C:\Program Files\Microchip\xc8\v2.35\pic\sources\c99\common\isalpha.c
		_isalpha       		CODE           	06A3	0000	31

C:\Program Files\Microchip\xc8\v2.35\pic\sources\c99\common\isalpha.c estimated size: 31

mcc_generated_files/pin_manager.c
		_PIN_MANAGER_Initialize		CODE           	047A	0000	56

mcc_generated_files/pin_manager.c estimated size: 56

C:\Program Files\Microchip\xc8\v2.35\pic\sources\c99\common\printf.c
		_printf        		CODE           	076E	0000	23

C:\Program Files\Microchip\xc8\v2.35\pic\sources\c99\common\printf.c estimated size: 23

mcc_generated_files/drivers/i2c_simple_master.c
		_rdBlkRegCompleteHandler@i2c_simple_master$F1046		CODE           	0727	0000	24
		_wr1RegCompleteHandler@i2c_simple_master$F1016		CODE           	07E2	0000	17
		_wr2RegCompleteHandler@i2c_simple_master$F1040		CODE           	0FAB	0000	17
		_i2c_read1ByteRegister		CODE           	0353	0000	82
		_rd1RegCompleteHandler@i2c_simple_master$F1026		CODE           	07D1	0000	17
		_rd2RegCompleteHandler@i2c_simple_master$F1034		CODE           	07C0	0000	17

mcc_generated_files/drivers/i2c_simple_master.c estimated size: 174

shared
		i1_I2C1_SetBuffer		CODE           	0F9B	0000	16
		i1_I2C1_SetCallback		CODE           	061C	0000	38
		__initialization		CODE           	002A	0000	31
		_i2c1_fsmStateTable		STRCODE        	0663	0000	32
		i1_I2C1_MasterClearIrq		CODE           	0EA0	0000	3
		i1_I2C1_SetDataCompleteCallback		CODE           	0F72	0000	13

shared estimated size: 133

mcc_generated_files/mcc.c
		_WDT_Initialize		CODE           	0EBE	0000	4
		_PMD_Initialize		CODE           	0F21	0000	8
		_OSCILLATOR_Initialize		CODE           	0F5F	0000	9
		_SYSTEM_Initialize		CODE           	079C	0000	19

mcc_generated_files/mcc.c estimated size: 40

C:\Program Files\Microchip\xc8\v2.35\pic\sources\c99\common\strlen.c
		_strlen        		CODE           	06C2	0000	27

C:\Program Files\Microchip\xc8\v2.35\pic\sources\c99\common\strlen.c estimated size: 27

mcc_generated_files/eusart.c
		_putch         		CODE           	0F12	0000	7
		_EUSART_Write  		CODE           	0F68	0000	10
		_EUSART_Initialize		CODE           	05F6	0000	38
		_EUSART_SetFramingErrorHandler		CODE           	0F44	0000	9
		_EUSART_SetErrorHandler		CODE           	0F3B	0000	9
		_EUSART_SetOverrunErrorHandler		CODE           	0F4D	0000	9

mcc_generated_files/eusart.c estimated size: 82

C:\Program Files\Microchip\xc8\v2.35\pic\sources\c99\common\nf_fputs.c
		_fputs         		CODE           	05A6	0000	41

C:\Program Files\Microchip\xc8\v2.35\pic\sources\c99\common\nf_fputs.c estimated size: 41

main.c
		_main          		CODE           	0757	0000	23

main.c estimated size: 23

mcc_generated_files/examples/i2c_simple_example.c
		_I2CSIMPLE_example		CODE           	04E8	0000	53

mcc_generated_files/examples/i2c_simple_example.c estimated size: 53

C:\Program Files\Microchip\xc8\v2.35\pic\sources\c99\common\doprnt.c
		_vfpfcnvrt     		CODE           	01A5	0000	259
		_pad           		CODE           	02A8	0000	86
		_vfprintf      		CODE           	04B2	0000	54
		_xtoa          		CODE           	004D	0000	344

C:\Program Files\Microchip\xc8\v2.35\pic\sources\c99\common\doprnt.c estimated size: 743

