Microchip MPLAB XC8 Compiler V2.35

Linker command line:

-W-3 --edf=C:\Program Files\Microchip\xc8\v2.35\pic\dat\en_msgs.txt -cn \
  -h+dist/default/production\Accelerometer.production.sym \
  --cmf=dist/default/production\Accelerometer.production.cmf -z -Q16F18345 \
  -oC:\Users\Woensdag\AppData\Local\Temp\xcAsck0.4 --defsym=__MPLAB_BUILD=1 \
  -Mdist/default/production/Accelerometer.production.map \
  --md=C:\Users\Woensdag\AppData\Local\Temp\xcAsck0.dat -E1 \
  -ver=XC8 Compiler --acfsm=1493 -ACODE=00h-07FFhx4 -ASTRCODE=00h-01FFFh \
  -ASTRING=00h-0FFhx32 -ACONST=00h-0FFhx32 -AENTRY=00h-0FFhx32 \
  -ACOMMON=070h-07Fh -ABANK0=020h-06Fh -ABANK1=0A0h-0EFh \
  -ABANK2=0120h-016Fh -ABANK3=01A0h-01EFh -ABANK4=0220h-026Fh \
  -ABANK5=02A0h-02EFh -ABANK6=0320h-036Fh -ABANK7=03A0h-03EFh \
  -ABANK8=0420h-046Fh -ABANK9=04A0h-04EFh -ABANK10=0520h-056Fh \
  -ABANK11=05A0h-05EFh -ABANK12=0620h-064Fh -ABIGRAM=02000h-023EFh \
  -ARAM=020h-06Fh,0A0h-0EFh,0120h-016Fh,01A0h-01EFh,0220h-026Fh,02A0h-02EFh,0320h-036Fh,03A0h-03EFh,0420h-046Fh,04A0h-04EFh,0520h-056Fh,05A0h-05EFh,0620h-064Fh \
  -AABS1=020h-07Fh,0A0h-0EFh,0120h-016Fh,01A0h-01EFh,0220h-026Fh,02A0h-02EFh,0320h-036Fh,03A0h-03EFh,0420h-046Fh,04A0h-04EFh,0520h-056Fh,05A0h-05EFh,0620h-064Fh \
  -ASFR0=00h-01Fh -ASFR1=080h-09Fh -ASFR2=0100h-011Fh -ASFR3=0180h-019Fh \
  -ASFR4=0200h-021Fh -ASFR5=0280h-029Fh -ASFR6=0300h-031Fh \
  -ASFR7=0380h-039Fh -ASFR8=0400h-041Fh -ASFR9=0480h-049Fh \
  -ASFR10=0500h-051Fh -ASFR11=0580h-059Fh -ASFR12=0600h-061Fh \
  -ASFR13=0680h-06EFh -ASFR14=0700h-076Fh -ASFR15=0780h-07EFh \
  -ASFR16=0800h-086Fh -ASFR17=0880h-08EFh -ASFR18=0900h-096Fh \
  -ASFR19=0980h-09EFh -ASFR20=0A00h-0A6Fh -ASFR21=0A80h-0AEFh \
  -ASFR22=0B00h-0B6Fh -ASFR23=0B80h-0BEFh -ASFR24=0C00h-0C6Fh \
  -ASFR25=0C80h-0CEFh -ASFR26=0D00h-0D6Fh -ASFR27=0D80h-0DEFh \
  -ASFR28=0E00h-0E6Fh -ASFR29=0E80h-0EEFh -ASFR30=0F00h-0F6Fh \
  -ASFR31=0F80h-0FEFh -ACONFIG=08007h-0800Ah -DCONFIG=2 \
  -AIDLOC=08000h-08003h -DIDLOC=2 -AEEDATA=00h-0FFh/0F000h \
  -peeprom_data=EEDATA -DEEDATA=2 -DCODE=2 -DSTRCODE=2 -DSTRING=2 -DCONST=2 \
  -DENTRY=2 -preset_vec=00h,intentry=04h,init,end_init -ppowerup=CODE \
  -pcinit=CODE -pfunctab=ENTRY -k \
  C:\Users\Woensdag\AppData\Local\Temp\xcAsck0.o \
  dist/default/production\Accelerometer.production.o 

Object code version is 3.11

Machine type is 16F18345



                Name                               Link     Load   Length Selector   Space Scale
C:\Users\Woensdag\AppData\Local\Temp\xcAsck0.o
                end_init                             28       28        2        8       0
                reset_vec                             0        0        2        0       0
                config                             8007     8007        4        0       4
                idloc                              8000     8000        4        0       5
dist/default/production\Accelerometer.production.o
                cinit                                2A       2A       1E        8       0
                intentry                              4        4       24        8       0
                config                             8007     8007        4        0       4
                idloc                              8000     8000        4        0       5
                text85                              BCB      BCB        3     1796       0
                text84                              BCE      BCE        3     179C       0
                text83                              CDC      CDC       10     19B8       0
                text82                              E3A      E3A       26     1C74       0
                text81                              CA6      CA6        D     194C       0
                text80                              CEC      CEC       11     19D8       0
                text79                              CFD      CFD       11     19FA       0
                text78                              D0E      D0E       11     1A1C       0
                text77                              D1F      D1F       11     1A3E       0
                text76                              D30      D30       11     1A60       0
                text75                              DB3      DB3       18     1B66       0
                text74                              D41      D41       11     1A82       0
                text73                              D52      D52       11     1AA4       0
                text72                              D63      D63       11     1AC6       0
                text71                              DCB      DCB       18     1B96       0
                text70                                2        2        2        0       0
                text69                              7FE      7FE        2        8       0
                text68                              BD1      BD1        3     17A2       0
                text67                              BEC      BEC        4     17D8       0
                text66                              BD4      BD4        3     17A8       0
                text65                              BF0      BF0        4     17E0       0
                text64                              BFC      BFC        5     17F8       0
                text63                              C33      C33        6     1866       0
                text62                              BD7      BD7        3     17AE       0
                text61                              F30      F30       2F     1E60       0
                text60                              C01      C01        5     1802       0
                text59                              C5D      C5D        9     18BA       0
                text58                              C4D      C4D        8     189A       0
                text57                              629      629       55        8       0
                text56                              71C      71C       46        8       0
                text55                              C3F      C3F        7     187E       0
                text54                              C06      C06        5     180C       0
                text53                              C0B      C0B        5     1816       0
                text52                              C10      C10        5     1820       0
                text51                              C15      C15        5     182A       0
                text50                              C1A      C1A        5     1834       0
                text49                              C1F      C1F        5     183E       0
                text48                              C24      C24        5     1848       0
                text47                              C29      C29        5     1852       0
                text46                              ED6      ED6       2C     1DAC       0
                text45                              BDA      BDA        3     17B4       0
                text44                              F02      F02       2E     1E04       0
                text43                              BF4      BF4        4     17E8       0
                text41                              BDD      BDD        3     17BA       0
                text40                              BE0      BE0        3     17C0       0
                text39                              BE3      BE3        3     17C6       0
                text38                              7DD      7DD       21        8       0
                text37                              BE6      BE6        3     17CC       0
                text36                              E1A      E1A       20     1C34       0
                text35                              C2E      C2E        5     185C       0
                text34                              BE9      BE9        3     17D2       0
                text33                              CB3      CB3        D     1966       0
                text32                              C66      C66        9     18CC       0
                text31                              6D0      6D0       4C        8       0
                text30                              E86      E86       27     1D0C       0
                text29                              CC0      CC0        E     1980       0
                text28                              D9C      D9C       17     1B38       0
                text27                              CCE      CCE        E     199C       0
                text26                              67E      67E       52        8       0
                text25                              2EC      2EC      105        8       0
                text24                              4E6      4E6       ED        8       0
                text23                              DFE      DFE       1C     1BFC       0
                text22                              C9C      C9C        A     1938       0
                text21                              C46      C46        7     188C       0
                text20                              762      762       43        8       0
                text19                              EAD      EAD       29     1D5A       0
                text18                              DE3      DE3       1B     1BC6       0
                text17                              5D3      5D3       56        8       0
                text16                               48       48      16C        8       0
                text15                              3F1      3F1       F5        8       0
                text14                              F5F      F5F       34     1EBE       0
                text13                              D87      D87       15     1B0E       0
                text12                              1B4      1B4      138        8       0
                text11                              C6F      C6F        9     18DE       0
                text10                              C78      C78        9     18F0       0
                text9                               C81      C81        9     1902       0
                text8                               E60      E60       26     1CC0       0
                text7                               C8A      C8A        9     1914       0
                text6                               C93      C93        9     1926       0
                text5                               FC8      FC8       38     1F90       0
                text4                               C55      C55        8     18AA       0
                text3                               BF8      BF8        4     17F0       0
                text2                               D74      D74       13     1AE8       0
                text1                               F93      F93       35     1F26       0
                maintext                            7A5      7A5       38        8       0
                cstackBANK0                          20       20       4A       20       1
                cstackCOMMON                         70       70        D       70       1
                cstackBANK1                          D0       D0       1E       A0       1
                cstackBANK2                         144      144        2      120       1
                clrtext                             C39      C39        6     1872       0
                bssBANK2                            120      120       20      120       1
                bssBANK1                             A0       A0       30       A0       1
                dataBANK0                            6C       6C        1       20       1
                bssBANK0                             6A       6A        2       20       1
                dataCOMMON                           7D       7D        1       70       1
                stringtext7                        1062     1062        9     2000       0
                stringtext6                        1057     1057        B     2000       0
                stringtext5                        104A     104A        D     2000       0
                stringtext4                        103C     103C        E     2000       0
                stringtext3                        102E     102E        E     2000       0
                stringtext2                        1020     1020        E     2000       0
                nvBANK2                             140      140        4      120       1
                nvBANK1                              EE       EE        2       A0       1
                stringtext1                        1000     1000       20     2000       0
                idataBANK0                          BC9      BC9        1     1792       0
                idataCOMMON                         BCA      BCA        1     1794       0

TOTAL           Name                               Link     Load   Length     Space
        CLASS   CODE           
                end_init                             28       28        2         0
                cinit                                2A       2A       1E         0
                intentry                              4        4       24         0
                reset_vec                             0        0        2         0
                text85                              BCB      BCB        3         0
                text84                              BCE      BCE        3         0
                text83                              CDC      CDC       10         0
                text82                              E3A      E3A       26         0
                text81                              CA6      CA6        D         0
                text80                              CEC      CEC       11         0
                text79                              CFD      CFD       11         0
                text78                              D0E      D0E       11         0
                text77                              D1F      D1F       11         0
                text76                              D30      D30       11         0
                text75                              DB3      DB3       18         0
                text74                              D41      D41       11         0
                text73                              D52      D52       11         0
                text72                              D63      D63       11         0
                text71                              DCB      DCB       18         0
                text70                                2        2        2         0
                text69                              7FE      7FE        2         0
                text68                              BD1      BD1        3         0
                text67                              BEC      BEC        4         0
                text66                              BD4      BD4        3         0
                text65                              BF0      BF0        4         0
                text64                              BFC      BFC        5         0
                text63                              C33      C33        6         0
                text62                              BD7      BD7        3         0
                text61                              F30      F30       2F         0
                text60                              C01      C01        5         0
                text59                              C5D      C5D        9         0
                text58                              C4D      C4D        8         0
                text57                              629      629       55         0
                text56                              71C      71C       46         0
                text55                              C3F      C3F        7         0
                text54                              C06      C06        5         0
                text53                              C0B      C0B        5         0
                text52                              C10      C10        5         0
                text51                              C15      C15        5         0
                text50                              C1A      C1A        5         0
                text49                              C1F      C1F        5         0
                text48                              C24      C24        5         0
                text47                              C29      C29        5         0
                text46                              ED6      ED6       2C         0
                text45                              BDA      BDA        3         0
                text44                              F02      F02       2E         0
                text43                              BF4      BF4        4         0
                text41                              BDD      BDD        3         0
                text40                              BE0      BE0        3         0
                text39                              BE3      BE3        3         0
                text38                              7DD      7DD       21         0
                text37                              BE6      BE6        3         0
                text36                              E1A      E1A       20         0
                text35                              C2E      C2E        5         0
                text34                              BE9      BE9        3         0
                text33                              CB3      CB3        D         0
                text32                              C66      C66        9         0
                text31                              6D0      6D0       4C         0
                text30                              E86      E86       27         0
                text29                              CC0      CC0        E         0
                text28                              D9C      D9C       17         0
                text27                              CCE      CCE        E         0
                text26                              67E      67E       52         0
                text25                              2EC      2EC      105         0
                text24                              4E6      4E6       ED         0
                text23                              DFE      DFE       1C         0
                text22                              C9C      C9C        A         0
                text21                              C46      C46        7         0
                text20                              762      762       43         0
                text19                              EAD      EAD       29         0
                text18                              DE3      DE3       1B         0
                text17                              5D3      5D3       56         0
                text16                               48       48      16C         0
                text15                              3F1      3F1       F5         0
                text14                              F5F      F5F       34         0
                text13                              D87      D87       15         0
                text12                              1B4      1B4      138         0
                text11                              C6F      C6F        9         0
                text10                              C78      C78        9         0
                text9                               C81      C81        9         0
                text8                               E60      E60       26         0
                text7                               C8A      C8A        9         0
                text6                               C93      C93        9         0
                text5                               FC8      FC8       38         0
                text4                               C55      C55        8         0
                text3                               BF8      BF8        4         0
                text2                               D74      D74       13         0
                text1                               F93      F93       35         0
                maintext                            7A5      7A5       38         0
                clrtext                             C39      C39        6         0
                idataBANK0                          BC9      BC9        1         0
                idataCOMMON                         BCA      BCA        1         0

        CLASS   STRCODE        
                stringtext7                        1062     1062        9         0
                stringtext6                        1057     1057        B         0
                stringtext5                        104A     104A        D         0
                stringtext4                        103C     103C        E         0
                stringtext3                        102E     102E        E         0
                stringtext2                        1020     1020        E         0
                stringtext1                        1000     1000       20         0

        CLASS   STRING         

        CLASS   CONST          

        CLASS   ENTRY          

        CLASS   COMMON         
                cstackCOMMON                         70       70        D         1
                dataCOMMON                           7D       7D        1         1

        CLASS   BANK0          
                cstackBANK0                          20       20       4A         1
                dataBANK0                            6C       6C        1         1
                bssBANK0                             6A       6A        2         1

        CLASS   BANK1          
                cstackBANK1                          D0       D0       1E         1
                bssBANK1                             A0       A0       30         1
                nvBANK1                              EE       EE        2         1

        CLASS   BANK2          
                cstackBANK2                         144      144        2         1
                bssBANK2                            120      120       20         1
                nvBANK2                             140      140        4         1

        CLASS   BANK3          

        CLASS   BANK4          

        CLASS   BANK5          

        CLASS   BANK6          

        CLASS   BANK7          

        CLASS   BANK8          

        CLASS   BANK9          

        CLASS   BANK10         

        CLASS   BANK11         

        CLASS   BANK12         

        CLASS   BIGRAM         

        CLASS   RAM            

        CLASS   ABS1           
                abs_s1                               7E       7E        2         1

        CLASS   SFR0           

        CLASS   SFR1           

        CLASS   SFR2           

        CLASS   SFR3           

        CLASS   SFR4           

        CLASS   SFR5           

        CLASS   SFR6           

        CLASS   SFR7           

        CLASS   SFR8           

        CLASS   SFR9           

        CLASS   SFR10          

        CLASS   SFR11          

        CLASS   SFR12          

        CLASS   SFR13          

        CLASS   SFR14          

        CLASS   SFR15          

        CLASS   SFR16          

        CLASS   SFR17          

        CLASS   SFR18          

        CLASS   SFR19          

        CLASS   SFR20          

        CLASS   SFR21          

        CLASS   SFR22          

        CLASS   SFR23          

        CLASS   SFR24          

        CLASS   SFR25          

        CLASS   SFR26          

        CLASS   SFR27          

        CLASS   SFR28          

        CLASS   SFR29          

        CLASS   SFR30          

        CLASS   SFR31          

        CLASS   CONFIG         
                config                             8007     8007        4         4

        CLASS   IDLOC          
                idloc                              8000     8000        4         5

        CLASS   EEDATA         

        CLASS   BANK31         

        CLASS   BANK30         

        CLASS   BANK29         

        CLASS   BANK28         

        CLASS   BANK27         

        CLASS   BANK26         

        CLASS   BANK25         

        CLASS   BANK24         

        CLASS   BANK23         

        CLASS   BANK22         

        CLASS   BANK21         

        CLASS   BANK20         

        CLASS   BANK19         

        CLASS   BANK18         

        CLASS   BANK17         

        CLASS   BANK16         

        CLASS   BANK15         

        CLASS   BANK14         

        CLASS   BANK13         

        CLASS   HEAP           

        CLASS   STACK          



SEGMENTS        Name                           Load    Length   Top    Selector   Space  Class     Delta

                reset_vec                      000000  000004  000004         0       0  CODE        2
                intentry                       000004  0007FC  000800         8       0  CODE        2
                cstackBANK0                    000020  00004D  00006D        20       1  BANK0       1
                cstackCOMMON                   000070  00000E  00007E        70       1  COMMON      1
                bssBANK1                       0000A0  000050  0000F0        A0       1  BANK1       1
                bssBANK2                       000120  000026  000146       120       1  BANK2       1
                idataBANK0                     000BC9  000001  000BCA      1792       0  CODE        2
                idataCOMMON                    000BCA  000001  000BCB      1794       0  CODE        2
                text85                         000BCB  000003  000BCE      1796       0  CODE        2
                text84                         000BCE  000003  000BD1      179C       0  CODE        2
                text68                         000BD1  000003  000BD4      17A2       0  CODE        2
                text66                         000BD4  000003  000BD7      17A8       0  CODE        2
                text62                         000BD7  000003  000BDA      17AE       0  CODE        2
                text45                         000BDA  000003  000BDD      17B4       0  CODE        2
                text41                         000BDD  000003  000BE0      17BA       0  CODE        2
                text40                         000BE0  000003  000BE3      17C0       0  CODE        2
                text39                         000BE3  000003  000BE6      17C6       0  CODE        2
                text37                         000BE6  000003  000BE9      17CC       0  CODE        2
                text34                         000BE9  000003  000BEC      17D2       0  CODE        2
                text67                         000BEC  000004  000BF0      17D8       0  CODE        2
                text65                         000BF0  000004  000BF4      17E0       0  CODE        2
                text43                         000BF4  000004  000BF8      17E8       0  CODE        2
                text3                          000BF8  000004  000BFC      17F0       0  CODE        2
                text64                         000BFC  000005  000C01      17F8       0  CODE        2
                text60                         000C01  000005  000C06      1802       0  CODE        2
                text54                         000C06  000005  000C0B      180C       0  CODE        2
                text53                         000C0B  000005  000C10      1816       0  CODE        2
                text52                         000C10  000005  000C15      1820       0  CODE        2
                text51                         000C15  000005  000C1A      182A       0  CODE        2
                text50                         000C1A  000005  000C1F      1834       0  CODE        2
                text49                         000C1F  000005  000C24      183E       0  CODE        2
                text48                         000C24  000005  000C29      1848       0  CODE        2
                text47                         000C29  000005  000C2E      1852       0  CODE        2
                text35                         000C2E  000005  000C33      185C       0  CODE        2
                text63                         000C33  000006  000C39      1866       0  CODE        2
                clrtext                        000C39  000006  000C3F      1872       0  CODE        2
                text55                         000C3F  000007  000C46      187E       0  CODE        2
                text21                         000C46  000007  000C4D      188C       0  CODE        2
                text58                         000C4D  000008  000C55      189A       0  CODE        2
                text4                          000C55  000008  000C5D      18AA       0  CODE        2
                text59                         000C5D  000009  000C66      18BA       0  CODE        2
                text32                         000C66  000009  000C6F      18CC       0  CODE        2
                text11                         000C6F  000009  000C78      18DE       0  CODE        2
                text10                         000C78  000009  000C81      18F0       0  CODE        2
                text9                          000C81  000009  000C8A      1902       0  CODE        2
                text7                          000C8A  000009  000C93      1914       0  CODE        2
                text6                          000C93  000009  000C9C      1926       0  CODE        2
                text22                         000C9C  00000A  000CA6      1938       0  CODE        2
                text81                         000CA6  00000D  000CB3      194C       0  CODE        2
                text33                         000CB3  00000D  000CC0      1966       0  CODE        2
                text29                         000CC0  00000E  000CCE      1980       0  CODE        2
                text27                         000CCE  00000E  000CDC      199C       0  CODE        2
                text83                         000CDC  000010  000CEC      19B8       0  CODE        2
                text80                         000CEC  000011  000CFD      19D8       0  CODE        2
                text79                         000CFD  000011  000D0E      19FA       0  CODE        2
                text78                         000D0E  000011  000D1F      1A1C       0  CODE        2
                text77                         000D1F  000011  000D30      1A3E       0  CODE        2
                text76                         000D30  000011  000D41      1A60       0  CODE        2
                text74                         000D41  000011  000D52      1A82       0  CODE        2
                text73                         000D52  000011  000D63      1AA4       0  CODE        2
                text72                         000D63  000011  000D74      1AC6       0  CODE        2
                text2                          000D74  000013  000D87      1AE8       0  CODE        2
                text13                         000D87  000015  000D9C      1B0E       0  CODE        2
                text28                         000D9C  000017  000DB3      1B38       0  CODE        2
                text75                         000DB3  000018  000DCB      1B66       0  CODE        2
                text71                         000DCB  000018  000DE3      1B96       0  CODE        2
                text18                         000DE3  00001B  000DFE      1BC6       0  CODE        2
                text23                         000DFE  00001C  000E1A      1BFC       0  CODE        2
                text36                         000E1A  000020  000E3A      1C34       0  CODE        2
                text82                         000E3A  000026  000E60      1C74       0  CODE        2
                text8                          000E60  000026  000E86      1CC0       0  CODE        2
                text30                         000E86  000027  000EAD      1D0C       0  CODE        2
                text19                         000EAD  000029  000ED6      1D5A       0  CODE        2
                text46                         000ED6  00002C  000F02      1DAC       0  CODE        2
                text44                         000F02  00002E  000F30      1E04       0  CODE        2
                text61                         000F30  00002F  000F5F      1E60       0  CODE        2
                text14                         000F5F  000034  000F93      1EBE       0  CODE        2
                text1                          000F93  000035  000FC8      1F26       0  CODE        2
                text5                          000FC8  000038  001000      1F90       0  CODE        2
                stringtext1                    001000  00006B  00106B      2000       0  STRCODE     2


UNUSED ADDRESS RANGES

        Name                Unused          Largest block    Delta
        BANK0            0006D-0006F               3           1
        BANK10           00520-0056F              50           1
        BANK11           005A0-005EF              50           1
        BANK12           00620-0064F              30           1
        BANK2            00146-0016F              2A           1
        BANK3            001A0-001EF              50           1
        BANK4            00220-0026F              50           1
        BANK5            002A0-002EF              50           1
        BANK6            00320-0036F              50           1
        BANK7            003A0-003EF              50           1
        BANK8            00420-0046F              50           1
        BANK9            004A0-004EF              50           1
        BIGRAM           02000-023EF             3F0           1
        CODE             00800-00BC8             3C9           2
                         0106B-01FFF             795
        CONST            00800-00BC8             100           2
                         0106B-01FFF             100
        EEDATA           0F000-0F0FF             100           2
        ENTRY            00800-00BC8             100           2
                         0106B-01FFF             100
        RAM              0006D-0006F               3           1
                         00146-0016F              2A
                         001A0-001EF              50
                         00220-0026F              50
                         002A0-002EF              50
                         00320-0036F              50
                         003A0-003EF              50
                         00420-0046F              50
                         004A0-004EF              50
                         00520-0056F              50
                         005A0-005EF              50
                         00620-0064F              30
        SFR0             00000-0001F              20           1
        SFR1             00080-0009F              20           1
        SFR10            00500-0051F              20           1
        SFR11            00580-0059F              20           1
        SFR12            00600-0061F              20           1
        SFR13            00680-006EF              70           1
        SFR14            00700-0076F              70           1
        SFR15            00780-007EF              70           1
        SFR16            00800-0086F              70           1
        SFR17            00880-008EF              70           1
        SFR18            00900-0096F              70           1
        SFR19            00980-009EF              70           1
        SFR2             00100-0011F              20           1
        SFR20            00A00-00A6F              70           1
        SFR21            00A80-00AEF              70           1
        SFR22            00B00-00B6F              70           1
        SFR23            00B80-00BEF              70           1
        SFR24            00C00-00C6F              70           1
        SFR25            00C80-00CEF              70           1
        SFR26            00D00-00D6F              70           1
        SFR27            00D80-00DEF              70           1
        SFR28            00E00-00E6F              70           1
        SFR29            00E80-00EEF              70           1
        SFR3             00180-0019F              20           1
        SFR30            00F00-00F6F              70           1
        SFR31            00F80-00FEF              70           1
        SFR4             00200-0021F              20           1
        SFR5             00280-0029F              20           1
        SFR6             00300-0031F              20           1
        SFR7             00380-0039F              20           1
        SFR8             00400-0041F              20           1
        SFR9             00480-0049F              20           1
        STRCODE          00800-00BC8             3C9           2
                         0106B-01FFF             F95
        STRING           00800-00BC8             100           2
                         0106B-01FFF             100

                                  Symbol Table

?___aodiv                                                 cstackBANK0  00023
?___aomod                                                 cstackBANK0  00023
?_abs                                                     cstackBANK0  00036
?_dtoa                                                    cstackBANK0  0003E
?_pad                                                     cstackBANK0  00035
?_printf                                                  cstackBANK1  000DC
?_strlen                                                  cstackBANK0  00023
?_vfpfcnvrt                                               cstackBANK0  0005C
?_vfprintf                                                cstackBANK1  000D9
EUSART_SetErrorHandler@interruptHandler                   cstackBANK0  00023
EUSART_SetFramingErrorHandler@interruptHandler            cstackBANK0  00023
EUSART_SetOverrunErrorHandler@interruptHandler            cstackBANK0  00023
EUSART_Write@txData                                       cstackBANK0  00023
I2C1_CallbackReturnReset@funPtr                           cstackCOMMON 00079
I2C1_Close@returnValue                                    cstackBANK0  00024
I2C1_MasterOperation@read                                 cstackBANK0  00024
I2C1_MasterOperation@returnValue                          cstackBANK0  00025
I2C1_MasterSendTxData@data                                cstackCOMMON 00070
I2C1_Open@address                                         cstackBANK0  00026
I2C1_Open@returnValue                                     cstackBANK0  00027
I2C1_SetAddressNackCallback@cb                            cstackBANK0  00028
I2C1_SetAddressNackCallback@ptr                           cstackBANK0  0002A
I2C1_SetBuffer@buffer                                     cstackBANK0  00026
I2C1_SetBuffer@bufferSize                                 cstackBANK0  00023
I2C1_SetCallback@cb                                       cstackBANK0  00023
I2C1_SetCallback@idx                                      cstackBANK0  00027
I2C1_SetCallback@ptr                                      cstackBANK0  00025
I2C1_SetDataCompleteCallback@cb                           cstackBANK0  00028
I2C1_SetDataCompleteCallback@ptr                          cstackBANK0  0002A
I2C1_SetInterruptHandler@InterruptHandler                 cstackBANK0  00023
I2CSIMPLE_example@total                                   cstackBANK1  000EC
I2CSIMPLE_example@total_x                                 cstackBANK1  000E6
I2CSIMPLE_example@total_y                                 cstackBANK1  000E8
I2CSIMPLE_example@total_z                                 cstackBANK1  000EA
_ANSELA                                                   (abs)        0018C
_ANSELB                                                   (abs)        0018D
_ANSELC                                                   (abs)        0018E
_BAUD1CON                                                 (abs)        0019F
_EUSART_DefaultErrorHandler                               (abs)        00000
_EUSART_DefaultFramingErrorHandler                        (abs)        00000
_EUSART_DefaultOverrunErrorHandler                        (abs)        00000
_EUSART_ErrorHandler                                      nvBANK2      00140
_EUSART_FramingErrorHandler                               nvBANK1      000EE
_EUSART_Initialize                                        text8        00E60
_EUSART_OverrunErrorHandler                               nvBANK2      00142
_EUSART_SetErrorHandler                                   text11       00C6F
_EUSART_SetFramingErrorHandler                            text10       00C78
_EUSART_SetOverrunErrorHandler                            text9        00C81
_EUSART_Write                                             text22       00C9C
_I2C1_CallbackReturnReset                                 text69       007FE
_I2C1_CallbackReturnStop                                  text70       00002
_I2C1_Close                                               text38       007DD
_I2C1_DO_ADDRESS_NACK                                     text46       00ED6
_I2C1_DO_IDLE                                             text60       00C01
_I2C1_DO_RCEN                                             text55       00C3F
_I2C1_DO_RESET                                            text47       00C29
_I2C1_DO_RX                                               text56       0071C
_I2C1_DO_RX_ACK                                           text50       00C1A
_I2C1_DO_RX_NACK_RESTART                                  text48       00C24
_I2C1_DO_RX_NACK_STOP                                     text49       00C1F
_I2C1_DO_SEND_ADR_READ                                    text59       00C5D
_I2C1_DO_SEND_ADR_WRITE                                   text58       00C4D
_I2C1_DO_SEND_RESTART                                     text52       00C10
_I2C1_DO_SEND_RESTART_READ                                text54       00C06
_I2C1_DO_SEND_RESTART_WRITE                               text53       00C0B
_I2C1_DO_SEND_STOP                                        text51       00C15
_I2C1_DO_TX                                               text57       00629
_I2C1_DO_TX_EMPTY                                         text61       00F30
_I2C1_Initialize                                          text7        00C8A
_I2C1_MasterClearIrq                                      text41       00BDD
_I2C1_MasterClose                                         text40       00BE0
_I2C1_MasterDisableIrq                                    text39       00BE3
_I2C1_MasterEnableIrq                                     text34       00BE9
_I2C1_MasterEnableRestart                                 text85       00BCB
_I2C1_MasterFsm                                           text44       00F02
_I2C1_MasterGetRxData                                     text66       00BD4
_I2C1_MasterIsNack                                        text63       00C33
_I2C1_MasterIsr                                           text43       00BF4
_I2C1_MasterOpen                                          text33       00CB3
_I2C1_MasterOperation                                     text36       00E1A
_I2C1_MasterSendAck                                       text65       00BF0
_I2C1_MasterSendNack                                      text67       00BEC
_I2C1_MasterSendTxData                                    text64       00BFC
_I2C1_MasterSetIrq                                        text62       00BD7
_I2C1_MasterStart                                         text37       00BE6
_I2C1_MasterStartRx                                       text68       00BD1
_I2C1_MasterStop                                          text84       00BCE
_I2C1_MasterWrite                                         text35       00C2E
_I2C1_Open                                                text31       006D0
_I2C1_SetAddressNackCallback                              text29       00CC0
_I2C1_SetBuffer                                           text28       00D9C
_I2C1_SetCallback                                         text30       00E86
_I2C1_SetDataCompleteCallback                             text27       00CCE
_I2C1_SetInterruptHandler                                 text32       00C66
_I2C1_Status                                              bssBANK1     000A0
_I2CSIMPLE_example                                        text12       001B4
_INLVLA                                                   (abs)        0038C
_INLVLB                                                   (abs)        0038D
_INLVLC                                                   (abs)        0038E
_INTCONbits                                               (abs)        0000B
_INTERRUPT_InterruptManager                               intentry     00004
_LATA                                                     (abs)        0010C
_LATB                                                     (abs)        0010D
_LATC                                                     (abs)        0010E
_MSSP1_InterruptHandler                                   bssBANK1     000C7
_ODCONA                                                   (abs)        0028C
_ODCONB                                                   (abs)        0028D
_ODCONC                                                   (abs)        0028E
_OSCCON1                                                  (abs)        00919
_OSCCON3                                                  (abs)        0091B
_OSCEN                                                    (abs)        0091D
_OSCFRQ                                                   (abs)        0091F
_OSCILLATOR_Initialize                                    text6        00C93
_OSCTUNE                                                  (abs)        0091E
_PIE1bits                                                 (abs)        00091
_PIN_MANAGER_Initialize                                   text5        00FC8
_PIR1bits                                                 (abs)        00011
_PMD0                                                     (abs)        00911
_PMD1                                                     (abs)        00912
_PMD2                                                     (abs)        00913
_PMD3                                                     (abs)        00914
_PMD4                                                     (abs)        00915
_PMD5                                                     (abs)        00916
_PMD_Initialize                                           text4        00C55
_RB7PPS                                                   (abs)        00E9F
_RC1PPS                                                   (abs)        00EA1
_RC1REG                                                   (abs)        00199
_RC1STA                                                   (abs)        0019D
_RC1STAbits                                               (abs)        0019D
_RC2PPS                                                   (abs)        00EA2
_RXPPS                                                    (abs)        00E24
_SLRCONA                                                  (abs)        0030C
_SLRCONB                                                  (abs)        0030D
_SLRCONC                                                  (abs)        0030E
_SP1BRGH                                                  (abs)        0019C
_SP1BRGL                                                  (abs)        0019B
_SSP1ADD                                                  (abs)        00212
_SSP1BUF                                                  (abs)        00211
_SSP1CLKPPS                                               (abs)        00E20
_SSP1CON1                                                 (abs)        00215
_SSP1CON1bits                                             (abs)        00215
_SSP1CON2                                                 (abs)        00216
_SSP1CON2bits                                             (abs)        00216
_SSP1DATPPS                                               (abs)        00E21
_SSP1STAT                                                 (abs)        00214
_SSP1STATbits                                             (abs)        00214
_SYSTEM_Initialize                                        text2        00D74
_TRISA                                                    (abs)        0008C
_TRISB                                                    (abs)        0008D
_TRISC                                                    (abs)        0008E
_TX1REG                                                   (abs)        0019A
_TX1STA                                                   (abs)        0019E
_TX1STAbits                                               (abs)        0019E
_WDTCON                                                   (abs)        00097
_WDT_Initialize                                           text3        00BF8
_WPUA                                                     (abs)        0020C
_WPUB                                                     (abs)        0020D
_WPUC                                                     (abs)        0020E
__Habs1                                                   abs1         00000
__Hbank0                                                  bank0        00000
__Hbank1                                                  bank1        00000
__Hbank10                                                 bank10       00000
__Hbank11                                                 bank11       00000
__Hbank12                                                 bank12       00000
__Hbank13                                                 bank13       00000
__Hbank14                                                 bank14       00000
__Hbank15                                                 bank15       00000
__Hbank16                                                 bank16       00000
__Hbank17                                                 bank17       00000
__Hbank18                                                 bank18       00000
__Hbank19                                                 bank19       00000
__Hbank2                                                  bank2        00000
__Hbank20                                                 bank20       00000
__Hbank21                                                 bank21       00000
__Hbank22                                                 bank22       00000
__Hbank23                                                 bank23       00000
__Hbank24                                                 bank24       00000
__Hbank25                                                 bank25       00000
__Hbank26                                                 bank26       00000
__Hbank27                                                 bank27       00000
__Hbank28                                                 bank28       00000
__Hbank29                                                 bank29       00000
__Hbank3                                                  bank3        00000
__Hbank30                                                 bank30       00000
__Hbank31                                                 bank31       00000
__Hbank4                                                  bank4        00000
__Hbank5                                                  bank5        00000
__Hbank6                                                  bank6        00000
__Hbank7                                                  bank7        00000
__Hbank8                                                  bank8        00000
__Hbank9                                                  bank9        00000
__Hbigram                                                 bigram       00000
__HbssBANK0                                               bssBANK0     00000
__HbssBANK1                                               bssBANK1     00000
__HbssBANK2                                               bssBANK2     00000
__Hcinit                                                  cinit        00048
__Hclrtext                                                clrtext      00000
__Hcode                                                   code         00000
__Hcommon                                                 common       00000
__Hconfig                                                 config       0800B
__HcstackBANK0                                            cstackBANK0  00000
__HcstackBANK1                                            cstackBANK1  00000
__HcstackBANK2                                            cstackBANK2  00000
__HcstackCOMMON                                           cstackCOMMON 00000
__HdataBANK0                                              dataBANK0    00000
__HdataCOMMON                                             dataCOMMON   00000
__Heeprom_data                                            eeprom_data  00000
__Hend_init                                               end_init     0002A
__Hfunctab                                                functab      00000
__Hheap                                                   heap         00000
__HidataBANK0                                             idataBANK0   00000
__HidataCOMMON                                            idataCOMMON  00000
__Hidloc                                                  idloc        08004
__Hinit                                                   init         00028
__Hintentry                                               intentry     00028
__Hmaintext                                               maintext     00000
__HnvBANK1                                                nvBANK1      00000
__HnvBANK2                                                nvBANK2      00000
__Hpowerup                                                powerup      00000
__Hram                                                    ram          00000
__Hreset_vec                                              reset_vec    00002
__Hsfr0                                                   sfr0         00000
__Hsfr1                                                   sfr1         00000
__Hsfr10                                                  sfr10        00000
__Hsfr11                                                  sfr11        00000
__Hsfr12                                                  sfr12        00000
__Hsfr13                                                  sfr13        00000
__Hsfr14                                                  sfr14        00000
__Hsfr15                                                  sfr15        00000
__Hsfr16                                                  sfr16        00000
__Hsfr17                                                  sfr17        00000
__Hsfr18                                                  sfr18        00000
__Hsfr19                                                  sfr19        00000
__Hsfr2                                                   sfr2         00000
__Hsfr20                                                  sfr20        00000
__Hsfr21                                                  sfr21        00000
__Hsfr22                                                  sfr22        00000
__Hsfr23                                                  sfr23        00000
__Hsfr24                                                  sfr24        00000
__Hsfr25                                                  sfr25        00000
__Hsfr26                                                  sfr26        00000
__Hsfr27                                                  sfr27        00000
__Hsfr28                                                  sfr28        00000
__Hsfr29                                                  sfr29        00000
__Hsfr3                                                   sfr3         00000
__Hsfr30                                                  sfr30        00000
__Hsfr31                                                  sfr31        00000
__Hsfr4                                                   sfr4         00000
__Hsfr5                                                   sfr5         00000
__Hsfr6                                                   sfr6         00000
__Hsfr7                                                   sfr7         00000
__Hsfr8                                                   sfr8         00000
__Hsfr9                                                   sfr9         00000
__Hspace_0                                                (abs)        0106B
__Hspace_1                                                (abs)        00146
__Hspace_2                                                (abs)        00000
__Hspace_3                                                (abs)        00000
__Hspace_4                                                (abs)        10012
__Hstack                                                  stack        00000
__Hstrings                                                strings      00000
__Hstringtext1                                            stringtext1  00000
__Hstringtext2                                            stringtext2  00000
__Hstringtext3                                            stringtext3  00000
__Hstringtext4                                            stringtext4  00000
__Hstringtext5                                            stringtext5  00000
__Hstringtext6                                            stringtext6  00000
__Hstringtext7                                            stringtext7  00000
__Hstringtext8                                            stringtext8  00000
__Htext                                                   text         00000
__Labs1                                                   abs1         00000
__Lbank0                                                  bank0        00000
__Lbank1                                                  bank1        00000
__Lbank10                                                 bank10       00000
__Lbank11                                                 bank11       00000
__Lbank12                                                 bank12       00000
__Lbank13                                                 bank13       00000
__Lbank14                                                 bank14       00000
__Lbank15                                                 bank15       00000
__Lbank16                                                 bank16       00000
__Lbank17                                                 bank17       00000
__Lbank18                                                 bank18       00000
__Lbank19                                                 bank19       00000
__Lbank2                                                  bank2        00000
__Lbank20                                                 bank20       00000
__Lbank21                                                 bank21       00000
__Lbank22                                                 bank22       00000
__Lbank23                                                 bank23       00000
__Lbank24                                                 bank24       00000
__Lbank25                                                 bank25       00000
__Lbank26                                                 bank26       00000
__Lbank27                                                 bank27       00000
__Lbank28                                                 bank28       00000
__Lbank29                                                 bank29       00000
__Lbank3                                                  bank3        00000
__Lbank30                                                 bank30       00000
__Lbank31                                                 bank31       00000
__Lbank4                                                  bank4        00000
__Lbank5                                                  bank5        00000
__Lbank6                                                  bank6        00000
__Lbank7                                                  bank7        00000
__Lbank8                                                  bank8        00000
__Lbank9                                                  bank9        00000
__Lbigram                                                 bigram       00000
__LbssBANK0                                               bssBANK0     00000
__LbssBANK1                                               bssBANK1     00000
__LbssBANK2                                               bssBANK2     00000
__Lcinit                                                  cinit        0002A
__Lclrtext                                                clrtext      00000
__Lcode                                                   code         00000
__Lcommon                                                 common       00000
__Lconfig                                                 config       00000
__LcstackBANK0                                            cstackBANK0  00000
__LcstackBANK1                                            cstackBANK1  00000
__LcstackBANK2                                            cstackBANK2  00000
__LcstackCOMMON                                           cstackCOMMON 00000
__LdataBANK0                                              dataBANK0    00000
__LdataCOMMON                                             dataCOMMON   00000
__Leeprom_data                                            eeprom_data  00000
__Lend_init                                               end_init     00028
__Lfunctab                                                functab      00000
__Lheap                                                   heap         00000
__LidataBANK0                                             idataBANK0   00000
__LidataCOMMON                                            idataCOMMON  00000
__Lidloc                                                  idloc        00000
__Linit                                                   init         00028
__Lintentry                                               intentry     00004
__Lmaintext                                               maintext     00000
__LnvBANK1                                                nvBANK1      00000
__LnvBANK2                                                nvBANK2      00000
__Lpowerup                                                powerup      00000
__Lram                                                    ram          00000
__Lreset_vec                                              reset_vec    00000
__Lsfr0                                                   sfr0         00000
__Lsfr1                                                   sfr1         00000
__Lsfr10                                                  sfr10        00000
__Lsfr11                                                  sfr11        00000
__Lsfr12                                                  sfr12        00000
__Lsfr13                                                  sfr13        00000
__Lsfr14                                                  sfr14        00000
__Lsfr15                                                  sfr15        00000
__Lsfr16                                                  sfr16        00000
__Lsfr17                                                  sfr17        00000
__Lsfr18                                                  sfr18        00000
__Lsfr19                                                  sfr19        00000
__Lsfr2                                                   sfr2         00000
__Lsfr20                                                  sfr20        00000
__Lsfr21                                                  sfr21        00000
__Lsfr22                                                  sfr22        00000
__Lsfr23                                                  sfr23        00000
__Lsfr24                                                  sfr24        00000
__Lsfr25                                                  sfr25        00000
__Lsfr26                                                  sfr26        00000
__Lsfr27                                                  sfr27        00000
__Lsfr28                                                  sfr28        00000
__Lsfr29                                                  sfr29        00000
__Lsfr3                                                   sfr3         00000
__Lsfr30                                                  sfr30        00000
__Lsfr31                                                  sfr31        00000
__Lsfr4                                                   sfr4         00000
__Lsfr5                                                   sfr5         00000
__Lsfr6                                                   sfr6         00000
__Lsfr7                                                   sfr7         00000
__Lsfr8                                                   sfr8         00000
__Lsfr9                                                   sfr9         00000
__Lspace_0                                                (abs)        00000
__Lspace_1                                                (abs)        00000
__Lspace_2                                                (abs)        00000
__Lspace_3                                                (abs)        00000
__Lspace_4                                                (abs)        00000
__Lstack                                                  stack        00000
__Lstrings                                                strings      00000
__Lstringtext1                                            stringtext1  00000
__Lstringtext2                                            stringtext2  00000
__Lstringtext3                                            stringtext3  00000
__Lstringtext4                                            stringtext4  00000
__Lstringtext5                                            stringtext5  00000
__Lstringtext6                                            stringtext6  00000
__Lstringtext7                                            stringtext7  00000
__Lstringtext8                                            stringtext8  00000
__Ltext                                                   text         00000
__S0                                                      (abs)        0106B
__S1                                                      (abs)        00146
__S3                                                      (abs)        00000
___aodiv                                                  text25       002EC
___aodiv@counter                                          cstackBANK0  00034
___aodiv@dividend                                         cstackBANK0  0002B
___aodiv@divisor                                          cstackBANK0  00023
___aodiv@quotient                                         cstackBANK0  00036
___aodiv@sign                                             cstackBANK0  00035
___aomod                                                  text24       004E6
___aomod@counter                                          cstackBANK0  00034
___aomod@dividend                                         cstackBANK0  0002B
___aomod@divisor                                          cstackBANK0  00023
___aomod@sign                                             cstackBANK0  00035
___heap_hi                                                (abs)        00000
___heap_lo                                                (abs)        00000
___int_sp                                                 stack        00000
___latbits                                                (abs)        00002
___sp                                                     stack        00000
___stackhi                                                (abs)        00000
___stacklo                                                (abs)        00000
__end_of_EUSART_Initialize                                text8        00E86
__end_of_EUSART_SetErrorHandler                           text11       00C78
__end_of_EUSART_SetFramingErrorHandler                    text10       00C81
__end_of_EUSART_SetOverrunErrorHandler                    text9        00C8A
__end_of_EUSART_Write                                     text22       00CA6
__end_of_I2C1_CallbackReturnReset                         text69       00800
__end_of_I2C1_CallbackReturnStop                          text70       00004
__end_of_I2C1_Close                                       text38       007FE
__end_of_I2C1_DO_ADDRESS_NACK                             text46       00F02
__end_of_I2C1_DO_IDLE                                     text60       00C06
__end_of_I2C1_DO_RCEN                                     text55       00C46
__end_of_I2C1_DO_RESET                                    text47       00C2E
__end_of_I2C1_DO_RX                                       text56       00762
__end_of_I2C1_DO_RX_ACK                                   text50       00C1F
__end_of_I2C1_DO_RX_NACK_RESTART                          text48       00C29
__end_of_I2C1_DO_RX_NACK_STOP                             text49       00C24
__end_of_I2C1_DO_SEND_ADR_READ                            text59       00C66
__end_of_I2C1_DO_SEND_ADR_WRITE                           text58       00C55
__end_of_I2C1_DO_SEND_RESTART                             text52       00C15
__end_of_I2C1_DO_SEND_RESTART_READ                        text54       00C0B
__end_of_I2C1_DO_SEND_RESTART_WRITE                       text53       00C10
__end_of_I2C1_DO_SEND_STOP                                text51       00C1A
__end_of_I2C1_DO_TX                                       text57       0067E
__end_of_I2C1_DO_TX_EMPTY                                 text61       00F5F
__end_of_I2C1_Initialize                                  text7        00C93
__end_of_I2C1_MasterClearIrq                              text41       00BE0
__end_of_I2C1_MasterClose                                 text40       00BE3
__end_of_I2C1_MasterDisableIrq                            text39       00BE6
__end_of_I2C1_MasterEnableIrq                             text34       00BEC
__end_of_I2C1_MasterEnableRestart                         text85       00BCE
__end_of_I2C1_MasterFsm                                   text44       00F30
__end_of_I2C1_MasterGetRxData                             text66       00BD7
__end_of_I2C1_MasterIsNack                                text63       00C39
__end_of_I2C1_MasterIsr                                   text43       00BF8
__end_of_I2C1_MasterOpen                                  text33       00CC0
__end_of_I2C1_MasterOperation                             text36       00E3A
__end_of_I2C1_MasterSendAck                               text65       00BF4
__end_of_I2C1_MasterSendNack                              text67       00BF0
__end_of_I2C1_MasterSendTxData                            text64       00C01
__end_of_I2C1_MasterSetIrq                                text62       00BDA
__end_of_I2C1_MasterStart                                 text37       00BE9
__end_of_I2C1_MasterStartRx                               text68       00BD4
__end_of_I2C1_MasterStop                                  text84       00BD1
__end_of_I2C1_MasterWrite                                 text35       00C33
__end_of_I2C1_Open                                        text31       0071C
__end_of_I2C1_SetAddressNackCallback                      text29       00CCE
__end_of_I2C1_SetBuffer                                   text28       00DB3
__end_of_I2C1_SetCallback                                 text30       00EAD
__end_of_I2C1_SetDataCompleteCallback                     text27       00CDC
__end_of_I2C1_SetInterruptHandler                         text32       00C6F
__end_of_I2CSIMPLE_example                                text12       002EC
__end_of_INTERRUPT_InterruptManager                       intentry     00028
__end_of_OSCILLATOR_Initialize                            text6        00C9C
__end_of_PIN_MANAGER_Initialize                           text5        01000
__end_of_PMD_Initialize                                   text4        00C5D
__end_of_SYSTEM_Initialize                                text2        00D87
__end_of_WDT_Initialize                                   text3        00BFC
__end_of___aodiv                                          text25       003F1
__end_of___aomod                                          text24       005D3
__end_of__initialization                                  cinit        00044
__end_of_abs                                              text23       00E1A
__end_of_dtoa                                             text16       001B4
__end_of_fputc                                            text20       007A5
__end_of_fputs                                            text19       00ED6
__end_of_i2c1_fsmStateTable                               stringtext1  01020
__end_of_i2c_read1ByteRegister                            text26       006D0
__end_of_i2c_write1ByteRegister                           text1        00FC8
__end_of_main                                             maintext     007DD
__end_of_pad                                              text17       00629
__end_of_printf                                           text13       00D9C
__end_of_putch                                            text21       00C4D
__end_of_rd1RegCompleteHandler                            text78       00D1F
__end_of_rd1RegCompleteHandler@i2c1_master_example$F146   text74       00D52
__end_of_rd2RegCompleteHandler                            text77       00D30
__end_of_rd2RegCompleteHandler@i2c1_master_example$F157   text73       00D63
__end_of_rdBlkRegCompleteHandler                          text75       00DCB
__end_of_rdBlkRegCompleteHandler@i2c1_master_example$F180 text71       00DE3
__end_of_strlen                                           text18       00DFE
__end_of_vfpfcnvrt                                        text15       004E6
__end_of_vfprintf                                         text14       00F93
__end_of_wr1RegCompleteHandler                            text79       00D0E
__end_of_wr1RegCompleteHandler@i2c1_master_example$F163   text72       00D74
__end_of_wr2RegCompleteHandler                            text76       00D41
__end_of_wr2RegCompleteHandler@i2c1_master_example$F169   text80       00CFD
__end_ofi1_I2C1_MasterClearIrq                            text45       00BDD
__end_ofi1_I2C1_SetBuffer                                 text83       00CEC
__end_ofi1_I2C1_SetCallback                               text82       00E60
__end_ofi1_I2C1_SetDataCompleteCallback                   text81       00CB3
__initialization                                          cinit        0002A
__pbssBANK0                                               bssBANK0     0006A
__pbssBANK1                                               bssBANK1     000A0
__pbssBANK2                                               bssBANK2     00120
__pcstackBANK0                                            cstackBANK0  00020
__pcstackBANK1                                            cstackBANK1  000D0
__pcstackBANK2                                            cstackBANK2  00144
__pcstackCOMMON                                           cstackCOMMON 00070
__pdataBANK0                                              dataBANK0    0006C
__pdataCOMMON                                             dataCOMMON   0007D
__pidataBANK0                                             idataBANK0   00BC9
__pidataCOMMON                                            idataCOMMON  00BCA
__pintentry                                               intentry     00004
__pmaintext                                               maintext     007A5
__pnvBANK1                                                nvBANK1      000EE
__pnvBANK2                                                nvBANK2      00140
__pstringtext1                                            stringtext1  01000
__pstringtext2                                            stringtext2  01020
__pstringtext3                                            stringtext3  0102E
__pstringtext4                                            stringtext4  0103C
__pstringtext5                                            stringtext5  0104A
__pstringtext6                                            stringtext6  01057
__pstringtext7                                            stringtext7  01062
__pstringtext8                                            stringtext8  00000
__ptext1                                                  text1        00F93
__ptext10                                                 text10       00C78
__ptext11                                                 text11       00C6F
__ptext12                                                 text12       001B4
__ptext13                                                 text13       00D87
__ptext14                                                 text14       00F5F
__ptext15                                                 text15       003F1
__ptext16                                                 text16       00048
__ptext17                                                 text17       005D3
__ptext18                                                 text18       00DE3
__ptext19                                                 text19       00EAD
__ptext2                                                  text2        00D74
__ptext20                                                 text20       00762
__ptext21                                                 text21       00C46
__ptext22                                                 text22       00C9C
__ptext23                                                 text23       00DFE
__ptext24                                                 text24       004E6
__ptext25                                                 text25       002EC
__ptext26                                                 text26       0067E
__ptext27                                                 text27       00CCE
__ptext28                                                 text28       00D9C
__ptext29                                                 text29       00CC0
__ptext3                                                  text3        00BF8
__ptext30                                                 text30       00E86
__ptext31                                                 text31       006D0
__ptext32                                                 text32       00C66
__ptext33                                                 text33       00CB3
__ptext34                                                 text34       00BE9
__ptext35                                                 text35       00C2E
__ptext36                                                 text36       00E1A
__ptext37                                                 text37       00BE6
__ptext38                                                 text38       007DD
__ptext39                                                 text39       00BE3
__ptext4                                                  text4        00C55
__ptext40                                                 text40       00BE0
__ptext41                                                 text41       00BDD
__ptext43                                                 text43       00BF4
__ptext44                                                 text44       00F02
__ptext45                                                 text45       00BDA
__ptext46                                                 text46       00ED6
__ptext47                                                 text47       00C29
__ptext48                                                 text48       00C24
__ptext49                                                 text49       00C1F
__ptext5                                                  text5        00FC8
__ptext50                                                 text50       00C1A
__ptext51                                                 text51       00C15
__ptext52                                                 text52       00C10
__ptext53                                                 text53       00C0B
__ptext54                                                 text54       00C06
__ptext55                                                 text55       00C3F
__ptext56                                                 text56       0071C
__ptext57                                                 text57       00629
__ptext58                                                 text58       00C4D
__ptext59                                                 text59       00C5D
__ptext6                                                  text6        00C93
__ptext60                                                 text60       00C01
__ptext61                                                 text61       00F30
__ptext62                                                 text62       00BD7
__ptext63                                                 text63       00C33
__ptext64                                                 text64       00BFC
__ptext65                                                 text65       00BF0
__ptext66                                                 text66       00BD4
__ptext67                                                 text67       00BEC
__ptext68                                                 text68       00BD1
__ptext69                                                 text69       007FE
__ptext7                                                  text7        00C8A
__ptext70                                                 text70       00002
__ptext71                                                 text71       00DCB
__ptext72                                                 text72       00D63
__ptext73                                                 text73       00D52
__ptext74                                                 text74       00D41
__ptext75                                                 text75       00DB3
__ptext76                                                 text76       00D30
__ptext77                                                 text77       00D1F
__ptext78                                                 text78       00D0E
__ptext79                                                 text79       00CFD
__ptext8                                                  text8        00E60
__ptext80                                                 text80       00CEC
__ptext81                                                 text81       00CA6
__ptext82                                                 text82       00E3A
__ptext83                                                 text83       00CDC
__ptext84                                                 text84       00BCE
__ptext85                                                 text85       00BCB
__ptext9                                                  text9        00C81
_abs                                                      text23       00DFE
_dbuf                                                     bssBANK2     00120
_dtoa                                                     text16       00048
_dtoa$1648                                                cstackBANK0  00049
_eusartRxLastError                                        bssBANK1     000C9
_flags                                                    bssBANK0     0006A
_fputc                                                    text20       00762
_fputs                                                    text19       00EAD
_i                                                        bssBANK1     000C5
_i2c1_fsmStateTable                                       stringtext1  01000
_i2c_read1ByteRegister                                    text26       0067E
_i2c_write1ByteRegister                                   text1        00F93
_main                                                     maintext     007A5
_max                                                      bssBANK1     000C3
_nout                                                     bssBANK1     000BD
_pad                                                      text17       005D3
_prec                                                     bssBANK1     000C1
_printf                                                   text13       00D87
_putch                                                    text21       00C46
_rd1RegCompleteHandler                                    text78       00D0E
_rd1RegCompleteHandler@i2c1_master_example$F146           text74       00D41
_rd2RegCompleteHandler                                    text77       00D1F
_rd2RegCompleteHandler@i2c1_master_example$F157           text73       00D52
_rdBlkRegCompleteHandler                                  text75       00DB3
_rdBlkRegCompleteHandler@i2c1_master_example$F180         text71       00DCB
_receiveDataxh                                            bssBANK1     000CE
_receiveDataxl                                            bssBANK1     000CF
_receiveDatayh                                            bssBANK1     000CC
_receiveDatayl                                            bssBANK1     000CD
_receiveDatazh                                            bssBANK1     000CA
_receiveDatazl                                            bssBANK1     000CB
_strlen                                                   text18       00DE3
_vfpfcnvrt                                                text15       003F1
_vfprintf                                                 text14       00F5F
_width                                                    bssBANK1     000BF
_wr1RegCompleteHandler                                    text79       00CFD
_wr1RegCompleteHandler@i2c1_master_example$F163           text72       00D63
_wr2RegCompleteHandler                                    text76       00D30
_wr2RegCompleteHandler@i2c1_master_example$F169           text80       00CEC
abs@a                                                     cstackBANK0  00036
btemp                                                     (abs)        0007E
clear_ram0                                                clrtext      00C39
dtoa@d                                                    cstackBANK0  0003E
dtoa@fp                                                   cstackBANK0  0004B
dtoa@i                                                    cstackBANK0  0005A
dtoa@n                                                    cstackBANK0  00052
dtoa@p                                                    cstackBANK0  0004C
dtoa@s                                                    cstackBANK0  00050
dtoa@w                                                    cstackBANK0  0004E
end_of_initialization                                     cinit        00044
fputc@c                                                   cstackBANK0  00025
fputc@fp                                                  cstackBANK0  00027
fputs@c                                                   cstackBANK0  00031
fputs@fp                                                  cstackBANK0  0002D
fputs@i                                                   cstackBANK0  00032
fputs@s                                                   cstackBANK0  00034
i1I2C1_SetBuffer@buffer                                   cstackCOMMON 00073
i1I2C1_SetBuffer@bufferSize                               cstackCOMMON 00070
i1I2C1_SetCallback@cb                                     cstackCOMMON 00070
i1I2C1_SetCallback@idx                                    cstackCOMMON 00074
i1I2C1_SetCallback@ptr                                    cstackCOMMON 00072
i1I2C1_SetDataCompleteCallback@cb                         cstackCOMMON 00075
i1I2C1_SetDataCompleteCallback@ptr                        cstackCOMMON 00077
i1_I2C1_MasterClearIrq                                    text45       00BDA
i1_I2C1_SetBuffer                                         text83       00CDC
i1_I2C1_SetCallback                                       text82       00E3A
i1_I2C1_SetDataCompleteCallback                           text81       00CA6
i2c_read1ByteRegister@address                             cstackBANK0  0002E
i2c_read1ByteRegister@d2                                  cstackBANK0  00032
i2c_read1ByteRegister@e                                   cstackBANK0  0002F
i2c_read1ByteRegister@reg                                 cstackBANK0  0002C
i2c_read1ByteRegister@x                                   cstackBANK0  00030
i2c_write1ByteRegister@address                            cstackBANK0  0002F
i2c_write1ByteRegister@data                               cstackBANK0  0002D
i2c_write1ByteRegister@reg                                cstackBANK0  0002C
int$flags                                                 (abs)        0007E
intlevel0                                                 functab      00000
intlevel1                                                 functab      00000
intlevel2                                                 functab      00000
intlevel3                                                 functab      00000
intlevel4                                                 functab      00000
intlevel5                                                 functab      00000
pad@buf                                                   cstackBANK0  00035
pad@fp                                                    cstackBANK0  0003D
pad@i                                                     cstackBANK0  00039
pad@p                                                     cstackBANK0  00036
pad@w                                                     cstackBANK0  0003B
printf@ap                                                 cstackBANK0  00069
printf@fmt                                                cstackBANK1  000DC
putch@txData                                              cstackBANK0  00024
rd1RegCompleteHandler@i2c1_master_example$F146@ptr        cstackCOMMON 00079
rd1RegCompleteHandler@p                                   cstackCOMMON 00079
rd2RegCompleteHandler@i2c1_master_example$F157@ptr        cstackCOMMON 00079
rd2RegCompleteHandler@p                                   cstackCOMMON 00079
rdBlkRegCompleteHandler@i2c1_master_example$F180@ptr      cstackCOMMON 00079
rdBlkRegCompleteHandler@p                                 cstackCOMMON 00079
reset_vec                                                 reset_vec    00000
start                                                     init         00028
start_initialization                                      cinit        0002A
strlen@a                                                  cstackBANK0  00026
strlen@s                                                  cstackBANK0  00027
vfpfcnvrt@ap                                              cstackBANK0  0005D
vfpfcnvrt@fmt                                             cstackBANK0  0005C
vfpfcnvrt@fp                                              cstackBANK1  000D8
vfpfcnvrt@ll                                              cstackBANK1  000D0
vfprintf@ap                                               cstackBANK1  000DB
vfprintf@cfmt                                             cstackBANK0  00066
vfprintf@fmt                                              cstackBANK1  000D9
vfprintf@fp                                               cstackBANK0  00065
wr1RegCompleteHandler@i2c1_master_example$F163@ptr        cstackCOMMON 00079
wr1RegCompleteHandler@p                                   cstackCOMMON 00079
wr2RegCompleteHandler@i2c1_master_example$F169@ptr        cstackCOMMON 00079
wr2RegCompleteHandler@p                                   cstackCOMMON 00079
wtemp0                                                    (abs)        0007E


MODULE INFORMATION

Module		Function		Class		Link	Load	Size
mcc_generated_files/examples/i2c1_master_example.c
		_rdBlkRegCompleteHandler@i2c1_master_example$F180		CODE           	0DCB	0000	24
		_rd1RegCompleteHandler@i2c1_master_example$F146		CODE           	0D41	0000	17
		_rd2RegCompleteHandler@i2c1_master_example$F157		CODE           	0D52	0000	17
		_wr1RegCompleteHandler@i2c1_master_example$F163		CODE           	0D63	0000	17
		_wr2RegCompleteHandler@i2c1_master_example$F169		CODE           	0CEC	0000	17

mcc_generated_files/examples/i2c1_master_example.c estimated size: 92

mcc_generated_files/i2c1_master.c
		_I2C1_DO_SEND_RESTART		CODE           	0C10	0000	5
		_I2C1_DO_TX_EMPTY		CODE           	0F30	0000	47
		_I2C1_DO_SEND_RESTART_READ		CODE           	0C06	0000	5
		_I2C1_CallbackReturnStop		CODE           	0002	0000	2
		_I2C1_DO_RX    		CODE           	071C	0000	70
		_I2C1_DO_TX    		CODE           	0629	0000	85
		_I2C1_SetAddressNackCallback		CODE           	0CC0	0000	14
		_I2C1_DO_IDLE  		CODE           	0C01	0000	5
		_I2C1_MasterOpen		CODE           	0CB3	0000	13
		_I2C1_DO_RCEN  		CODE           	0C3F	0000	7
		_I2C1_MasterSendTxData		CODE           	0BFC	0000	5
		_I2C1_MasterStop		CODE           	0BCE	0000	3
		_I2C1_CallbackReturnReset		CODE           	07FE	0000	2
		_I2C1_DO_RESET 		CODE           	0C29	0000	5
		_I2C1_MasterStartRx		CODE           	0BD1	0000	3
		_I2C1_DO_RX_ACK		CODE           	0C1A	0000	5
		_I2C1_MasterSendNack		CODE           	0BEC	0000	4
		_I2C1_DO_RX_NACK_RESTART		CODE           	0C24	0000	5
		_I2C1_MasterDisableIrq		CODE           	0BE3	0000	3
		_I2C1_MasterOperation		CODE           	0E1A	0000	32
		_I2C1_SetCallback		CODE           	0E86	0000	39
		_I2C1_MasterEnableRestart		CODE           	0BCB	0000	3
		_I2C1_Open     		CODE           	06D0	0000	76
		_I2C1_DO_ADDRESS_NACK		CODE           	0ED6	0000	44
		_I2C1_SetBuffer		CODE           	0D9C	0000	23
		_I2C1_DO_SEND_RESTART_WRITE		CODE           	0C0B	0000	5
		_I2C1_MasterClose		CODE           	0BE0	0000	3
		_I2C1_MasterWrite		CODE           	0C2E	0000	5
		_I2C1_Initialize		CODE           	0C8A	0000	9
		_I2C1_Close    		CODE           	07DD	0000	33
		_I2C1_MasterIsNack		CODE           	0C33	0000	6
		_I2C1_MasterStart		CODE           	0BE6	0000	3
		_I2C1_DO_SEND_ADR_WRITE		CODE           	0C4D	0000	8
		_I2C1_MasterClearIrq		CODE           	0BDD	0000	3
		_I2C1_SetDataCompleteCallback		CODE           	0CCE	0000	14
		_I2C1_DO_SEND_STOP		CODE           	0C15	0000	5
		_I2C1_MasterSendAck		CODE           	0BF0	0000	4
		_I2C1_MasterFsm		CODE           	0F02	0000	46
		_I2C1_MasterIsr		CODE           	0BF4	0000	4
		_I2C1_MasterGetRxData		CODE           	0BD4	0000	3
		_I2C1_SetInterruptHandler		CODE           	0C66	0000	9
		_I2C1_MasterSetIrq		CODE           	0BD7	0000	3
		_I2C1_DO_SEND_ADR_READ		CODE           	0C5D	0000	9
		_I2C1_MasterEnableIrq		CODE           	0BE9	0000	3
		_I2C1_DO_RX_NACK_STOP		CODE           	0C1F	0000	5

mcc_generated_files/i2c1_master.c estimated size: 685

C:\Program Files\Microchip\xc8\v2.35\pic\sources\c99\common\aodiv.c
		___aodiv       		CODE           	02EC	0000	261

C:\Program Files\Microchip\xc8\v2.35\pic\sources\c99\common\aodiv.c estimated size: 261

mcc_generated_files/interrupt_manager.c
		_INTERRUPT_InterruptManager		CODE           	0004	0000	36

mcc_generated_files/interrupt_manager.c estimated size: 36

C:\Program Files\Microchip\xc8\v2.35\pic\sources\c99\common\nf_fputc.c
		_fputc         		CODE           	0762	0000	67

C:\Program Files\Microchip\xc8\v2.35\pic\sources\c99\common\nf_fputc.c estimated size: 67

mcc_generated_files/pin_manager.c
		_PIN_MANAGER_Initialize		CODE           	0FC8	0000	56

mcc_generated_files/pin_manager.c estimated size: 56

mcc_generated_files/drivers/i2c_simple_master.c
		_wr1RegCompleteHandler		CODE           	0CFD	0000	17
		_wr2RegCompleteHandler		CODE           	0D30	0000	17
		_i2c_write1ByteRegister		CODE           	0F93	0000	53
		_rdBlkRegCompleteHandler		CODE           	0DB3	0000	24
		_i2c_read1ByteRegister		CODE           	067E	0000	82
		_rd1RegCompleteHandler		CODE           	0D0E	0000	17
		_rd2RegCompleteHandler		CODE           	0D1F	0000	17

mcc_generated_files/drivers/i2c_simple_master.c estimated size: 227

C:\Program Files\Microchip\xc8\v2.35\pic\sources\c99\common\printf.c
		_printf        		CODE           	0D87	0000	21

C:\Program Files\Microchip\xc8\v2.35\pic\sources\c99\common\printf.c estimated size: 21

C:\Program Files\Microchip\xc8\v2.35\pic\sources\c99\common\abs.c
		_abs           		CODE           	0DFE	0000	28

C:\Program Files\Microchip\xc8\v2.35\pic\sources\c99\common\abs.c estimated size: 28

shared
		i1_I2C1_SetBuffer		CODE           	0CDC	0000	16
		i1_I2C1_SetCallback		CODE           	0E3A	0000	38
		__initialization		CODE           	002A	0000	26
		_i2c1_fsmStateTable		STRCODE        	1000	0000	32
		i1_I2C1_MasterClearIrq		CODE           	0BDA	0000	3
		i1_I2C1_SetDataCompleteCallback		CODE           	0CA6	0000	13

shared estimated size: 128

mcc_generated_files/mcc.c
		_WDT_Initialize		CODE           	0BF8	0000	4
		_PMD_Initialize		CODE           	0C55	0000	8
		_OSCILLATOR_Initialize		CODE           	0C93	0000	9
		_SYSTEM_Initialize		CODE           	0D74	0000	19

mcc_generated_files/mcc.c estimated size: 40

C:\Program Files\Microchip\xc8\v2.35\pic\sources\c99\common\strlen.c
		_strlen        		CODE           	0DE3	0000	27

C:\Program Files\Microchip\xc8\v2.35\pic\sources\c99\common\strlen.c estimated size: 27

C:\Program Files\Microchip\xc8\v2.35\pic\sources\c99\common\aomod.c
		___aomod       		CODE           	04E6	0000	237

C:\Program Files\Microchip\xc8\v2.35\pic\sources\c99\common\aomod.c estimated size: 237

mcc_generated_files/eusart.c
		_putch         		CODE           	0C46	0000	7
		_EUSART_Write  		CODE           	0C9C	0000	10
		_EUSART_Initialize		CODE           	0E60	0000	38
		_EUSART_SetFramingErrorHandler		CODE           	0C78	0000	9
		_EUSART_SetErrorHandler		CODE           	0C6F	0000	9
		_EUSART_SetOverrunErrorHandler		CODE           	0C81	0000	9

mcc_generated_files/eusart.c estimated size: 82

C:\Program Files\Microchip\xc8\v2.35\pic\sources\c99\common\nf_fputs.c
		_fputs         		CODE           	0EAD	0000	41

C:\Program Files\Microchip\xc8\v2.35\pic\sources\c99\common\nf_fputs.c estimated size: 41

main.c
		_main          		CODE           	07A5	0000	56

main.c estimated size: 56

mcc_generated_files/examples/i2c_simple_example.c
		_I2CSIMPLE_example		CODE           	01B4	0000	312

mcc_generated_files/examples/i2c_simple_example.c estimated size: 312

C:\Program Files\Microchip\xc8\v2.35\pic\sources\c99\common\doprnt.c
		_vfpfcnvrt     		CODE           	03F1	0000	245
		_pad           		CODE           	05D3	0000	86
		_dtoa          		CODE           	0048	0000	364
		_vfprintf      		CODE           	0F5F	0000	52

C:\Program Files\Microchip\xc8\v2.35\pic\sources\c99\common\doprnt.c estimated size: 747

